******************************************************************************
             TMS320C2000 Linker PC v6.4.4                      
******************************************************************************
>> Linked Wed Jul 08 12:49:46 2015

OUTPUT FILE NAME:   <motion_proj_lab05e.out>
ENTRY POINT SYMBOL: "_c_int00"  address: 0000b20a


MEMORY CONFIGURATION

         name            origin    length      used     unused   attr    fill
----------------------  --------  ---------  --------  --------  ----  --------
PAGE 0:
  BEGIN                 00000000   00000002  00000002  00000000  RWIX
  RAMM0                 00000050   000003b0  000000f2  000002be  RWIX
  RAML0_L7              00008000   0000a000  00003c0a  000063f6  RWIX
  FPUTABLES             003fd590   000006a0  00000000  000006a0  RWIX
  IQTABLES              003fdc30   00000b50  00000b50  00000000  RWIX
  IQTABLES2             003fe780   0000008c  00000000  0000008c  RWIX
  IQTABLES3             003fe80c   000000aa  00000000  000000aa  RWIX
  BOOTROM               003ff3b0   00000c10  00000000  00000c10  RWIX
  RESET                 003fffc0   00000002  00000000  00000002  RWIX

PAGE 1:
  BOOT_RSVD             00000002   0000004e  00000000  0000004e  RWIX
  RAMM1                 00000400   00000400  000003b0  00000050  RWIX
  USB_RAM               00040000   00000800  00000000  00000800  RWIX


SECTION ALLOCATION MAP

 output                                  attributes/
section   page    origin      length       input sections
--------  ----  ----------  ----------   ----------------
codestart 
*          0    00000000    00000002     
                  00000000    00000002     CodeStartBranch.obj (codestart)

.cinit     0    00000050    000000bc     
                  00000050    0000009e     proj_lab05e.obj (.cinit)
                  000000ee    0000000a     rts2800_ml.lib : exit.obj (.cinit)
                  000000f8    00000005                    : _lock.obj (.cinit:__lock)
                  000000fd    00000005                    : _lock.obj (.cinit:__unlock)
                  00000102    00000004     drv8301.obj (.cinit)
                  00000106    00000004     rts2800_ml.lib : errno.obj (.cinit)
                  0000010a    00000002     --HOLE-- [fill = 0]

ramfuncs   0    0000010c    00000036     
                  0000010c    00000032     flash.obj (ramfuncs)
                  0000013e    00000004     usDelay.obj (ramfuncs)

.text      0    00008000    000036a6     
                  00008000    00000a97     hal.obj (.text)
                  00008a97    0000097a     ctrl.obj (.text)
                  00009411    0000049d     proj_lab05e.obj (.text)
                  000098ae    00000496     user.obj (.text)
                  00009d44    000002f7     pwm.obj (.text)
                  0000a03b    000002d4     drv8301.obj (.text)
                  0000a30f    000001fa     adc.obj (.text)
                  0000a509    000001f1     SpinTAC.lib : spintac_vel_ctl.obj (.text:_STVELCTL_run)
                  0000a6fa    00000197     gpio.obj (.text)
                  0000a891    0000018b     clk.obj (.text)
                  0000aa1c    00000102     pie.obj (.text)
                  0000ab1e    000000d7     proj_lab05e.obj (.text:retain)
                  0000abf5    000000ad     rts2800_ml.lib : log.obj (.text)
                  0000aca2    000000aa     spi.obj (.text)
                  0000ad4c    0000009f     rts2800_ml.lib : exp.obj (.text)
                  0000adeb    0000008f                    : _log.obj (.text)
                  0000ae7a    00000088                    : pow.obj (.text)
                  0000af02    00000083                    : fd_mpy.obj (.text)
                  0000af85    00000083                    : fs_div.obj (.text)
                  0000b008    00000078                    : fs_add.obj (.text)
                  0000b080    0000005c     pll.obj (.text)
                  0000b0dc    0000005a     rts2800_ml.lib : fs_mpy.obj (.text)
                  0000b136    00000048     offset.obj (.text)
                  0000b17e    00000047     wdog.obj (.text)
                  0000b1c5    00000045     pwr.obj (.text)
                  0000b20a    00000044     rts2800_ml.lib : boot.obj (.text)
                  0000b24e    00000041                    : ldexp.obj (.text)
                  0000b28f    0000003d     SpinTAC.lib : spintac_vel_plan.obj (.text:_STVELPLAN_init)
                  0000b2cc    00000039                 : spintac_pos_conv.obj (.text:_STPOSCONV_init)
                  0000b305    00000033     rts2800_ml.lib : modf.obj (.text)
                  0000b338    00000033     timer.obj (.text)
                  0000b36b    0000002f     SpinTAC.lib : spintac_vel_id.obj (.text:_STVELID_init)
                  0000b39a    0000002f                 : spintac_vel_move.obj (.text:_STVELMOVE_init)
                  0000b3c9    0000002e                 : spintac_vel_ctl.obj (.text:_STVELCTL_init)
                  0000b3f7    0000002e     osc.obj (.text)
                  0000b425    0000002a     rts2800_ml.lib : l_div.obj (.text)
                  0000b44f    00000029                    : fs_tol.obj (.text)
                  0000b478    00000025     cpu.obj (.text)
                  0000b49d    00000025     rts2800_ml.lib : fs_toi.obj (.text)
                  0000b4c2    00000022     filter_fo.obj (.text)
                  0000b4e4    00000022     rts2800_ml.lib : i_div.obj (.text)
                  0000b506    00000021     flash.obj (.text)
                  0000b527    0000001f     SpinTAC.lib : spintac_version.obj (.text:_ST_initVersion)
                  0000b546    0000001f     rts2800_ml.lib : fd_tol.obj (.text)
                  0000b565    0000001d                    : fs_tou.obj (.text)
                  0000b582    0000001d                    : memcpy.obj (.text)
                  0000b59f    0000001c                    : fs_tofd.obj (.text)
                  0000b5bb    0000001c                    : l_tofd.obj (.text)
                  0000b5d7    0000001a                    : i_tofs.obj (.text)
                  0000b5f1    0000001a                    : l_tofs.obj (.text)
                  0000b60b    00000019                    : args_main.obj (.text)
                  0000b624    00000019                    : exit.obj (.text)
                  0000b63d    00000017                    : fs_cmp.obj (.text)
                  0000b654    00000014                    : frexp.obj (.text)
                  0000b668    00000013                    : ul_tofs.obj (.text)
                  0000b67b    00000010                    : u_tofs.obj (.text)
                  0000b68b    00000009                    : _lock.obj (.text)
                  0000b694    00000008     CodeStartBranch.obj (.text)
                  0000b69c    00000005     pie.obj (.text:retain)
                  0000b6a1    00000005     rts2800_ml.lib : fs_neg.obj (.text)

.pinit     0    00000050    00000000     UNINITIALIZED

.reset     0    003fffc0    00000002     DSECT
                  003fffc0    00000002     rts2800_ml.lib : boot.obj (.reset)

.ebss      0    0000b6a6    00000400     UNINITIALIZED
                  0000b6a6    00000004     rts2800_ml.lib : exit.obj (.ebss)
                  0000b6aa    00000002                    : _lock.obj (.ebss:__lock)
                  0000b6ac    00000002                    : _lock.obj (.ebss:__unlock)
                  0000b6ae    00000002     drv8301.obj (.ebss)
                  0000b6b0    00000001     cpu.obj (.ebss)
                  0000b6b1    00000001     rts2800_ml.lib : errno.obj (.ebss)
                  0000b6b2    0000000e     --HOLE--
                  0000b6c0    0000031a     proj_lab05e.obj (.ebss)
                  0000b9da    00000026     --HOLE--
                  0000ba00    000000a6     hal.obj (.ebss)

IQmath     0    0000baa6    00000134     
                  0000baa6    00000047     IQmath.lib : IQ20div.obj (IQmath)
                  0000baed    00000047                : IQ24div.obj (IQmath)
                  0000bb34    00000042                : IQ24sqrt.obj (IQmath)
                  0000bb76    00000029                : IQ24sinPU.obj (IQmath)
                  0000bb9f    00000027                : IQ24cosPU.obj (IQmath)
                  0000bbc6    00000014                : IQ30toF.obj (IQmath)

.econst    0    0000bbda    00000030     
                  0000bbda    0000001c     ctrl.obj (.econst)
                  0000bbf6    00000008     user.obj (.econst)
                  0000bbfe    00000004     SpinTAC.lib : spintac_pos_conv.obj (.econst)
                  0000bc02    00000004                 : spintac_vel_id.obj (.econst)
                  0000bc06    00000004     hal.obj (.econst)

IQmathTables 
*          0    003fdc30    00000b50     NOLOAD SECTION
                  003fdc30    00000b50     IQmath.lib : IQmathTables.obj (IQmathTables)

.stack     1    00000400    000003b0     UNINITIALIZED
                  00000400    000003b0     --HOLE--


GLOBAL DATA SYMBOLS: SORTED BY DATA PAGE

address     data page           name
--------    ----------------    ----
00000400      10 (00000400)     __stack

0000b6a6     2da (0000b680)     ___TI_cleanup_ptr
0000b6a8     2da (0000b680)     ___TI_dtors_ptr
0000b6aa     2da (0000b680)     __lock
0000b6ac     2da (0000b680)     __unlock
0000b6b0     2da (0000b680)     _cpu
0000b6b1     2da (0000b680)     _errno

0000b6c1     2db (0000b6c0)     _gLEDcnt
0000b6c2     2db (0000b6c0)     _gCounter_updateGlobals
0000b6c3     2db (0000b6c0)     _Flag_Latch_softwareUpdate
0000b6c4     2db (0000b6c0)     _controller_obj
0000b6c6     2db (0000b6c0)     _stHandle
0000b6c8     2db (0000b6c0)     _gTorque_Flux_Iq_pu_to_Nm_sf
0000b6ca     2db (0000b6c0)     _gFlux_pu_to_VpHz_sf
0000b6cc     2db (0000b6c0)     _gTorque_Ls_Id_Iq_pu_to_Nm_sf
0000b6ce     2db (0000b6c0)     _gFlux_pu_to_Wb_sf
0000b6d0     2db (0000b6c0)     _halHandle
0000b6d2     2db (0000b6c0)     _gMaxCurrentSlope
0000b6d4     2db (0000b6c0)     _ctrlHandle
0000b6d6     2db (0000b6c0)     _gPwmData
0000b6dc     2db (0000b6c0)     _gAdcData

0000b700     2dc (0000b700)     _gDrvSpi8301Vars

0000b740     2dd (0000b740)     _gMotorVars

0000b7c0     2df (0000b7c0)     _gUserParams

0000b880     2e2 (0000b880)     _st_obj

0000ba00     2e8 (0000ba00)     _hal

0000baa6     2ea (0000ba80)     __IQ20div

0000baed     2eb (0000bac0)     __IQ24div

0000bb34     2ec (0000bb00)     __IQ24sqrt

0000bb76     2ed (0000bb40)     __IQ24sinPU

0000bb9f     2ee (0000bb80)     __IQ24cosPU

0000bbc6     2ef (0000bbc0)     __IQ30toF

003fdc30    ff70 (003fdc00)     _IQsinTable

003fdd30    ff74 (003fdd00)     _IQcosTable

003fe030    ff80 (003fe000)     _IQsinTableEnd

003fe132    ff84 (003fe100)     _IQcosTableEnd
003fe132    ff84 (003fe100)     _IQdivRoundSatTable

003fe140    ff85 (003fe140)     _IQdivTable

003fe342    ff8d (003fe340)     _IQdivTableEnd
003fe342    ff8d (003fe340)     _IQisqrtRoundSatTable
003fe342    ff8d (003fe340)     _IQsqrtRoundSatTable
003fe352    ff8d (003fe340)     _IQisqrtTable
003fe352    ff8d (003fe340)     _IQsqrtTable

003fe454    ff91 (003fe440)     _IQatan2HalfPITable
003fe454    ff91 (003fe440)     _IQisqrtTableEnd
003fe454    ff91 (003fe440)     _IQsqrtTableEnd

003fe492    ff92 (003fe480)     _IQatan2Table

003fe618    ff98 (003fe600)     _IQ30mpyRndSatTable
003fe618    ff98 (003fe600)     _IQatan2TableEnd
003fe618    ff98 (003fe600)     _IQmpyRndSatTable
003fe624    ff98 (003fe600)     _IQ29mpyRndSatTable
003fe630    ff98 (003fe600)     _IQ28mpyRndSatTable
003fe63c    ff98 (003fe600)     _IQ27mpyRndSatTable

003fe648    ff99 (003fe640)     _IQ26mpyRndSatTable
003fe654    ff99 (003fe640)     _IQ25mpyRndSatTable
003fe660    ff99 (003fe640)     _IQ24mpyRndSatTable
003fe66c    ff99 (003fe640)     _IQ23mpyRndSatTable
003fe678    ff99 (003fe640)     _IQ22mpyRndSatTable

003fe684    ff9a (003fe680)     _IQ21mpyRndSatTable
003fe690    ff9a (003fe680)     _IQ20mpyRndSatTable
003fe69c    ff9a (003fe680)     _IQ19mpyRndSatTable
003fe6a8    ff9a (003fe680)     _IQ18mpyRndSatTable
003fe6b4    ff9a (003fe680)     _IQ17mpyRndSatTable

003fe6c0    ff9b (003fe6c0)     _IQ16mpyRndSatTable
003fe6cc    ff9b (003fe6c0)     _IQ15mpyRndSatTable
003fe6d8    ff9b (003fe6c0)     _IQ14mpyRndSatTable
003fe6e4    ff9b (003fe6c0)     _IQ13mpyRndSatTable
003fe6f0    ff9b (003fe6c0)     _IQ12mpyRndSatTable
003fe6fc    ff9b (003fe6c0)     _IQ11mpyRndSatTable

003fe708    ff9c (003fe700)     _IQ10mpyRndSatTable
003fe714    ff9c (003fe700)     _IQ9mpyRndSatTable
003fe720    ff9c (003fe700)     _IQ8mpyRndSatTable
003fe72c    ff9c (003fe700)     _IQ7mpyRndSatTable
003fe738    ff9c (003fe700)     _IQ6mpyRndSatTable

003fe744    ff9d (003fe740)     _IQ5mpyRndSatTable
003fe750    ff9d (003fe740)     _IQ4mpyRndSatTable
003fe75c    ff9d (003fe740)     _IQ3mpyRndSatTable
003fe768    ff9d (003fe740)     _IQ2mpyRndSatTable
003fe774    ff9d (003fe740)     _IQ1mpyRndSatTable

003fe780    ff9e (003fe780)     _IQmpyRndSatTableEnd


GLOBAL SYMBOLS: SORTED ALPHABETICALLY BY Name 

page  address   name                                             
----  -------   ----                                             
0     00008000  .text                                            
0     0000b624  C$$EXIT                                          
0     0000af02  FD$$MPY                                          
0     0000b546  FD$$TOL                                          
0     0000b00d  FS$$ADD                                          
0     0000b63d  FS$$CMP                                          
0     0000af85  FS$$DIV                                          
0     0000b0dc  FS$$MPY                                          
0     0000b6a1  FS$$NEG                                          
0     0000b008  FS$$SUB                                          
0     0000b59f  FS$$TOFD                                         
0     0000b49d  FS$$TOI                                          
0     0000b44f  FS$$TOL                                          
0     0000b565  FS$$TOU                                          
0     0000b4e4  I$$DIV                                           
0     0000b4f5  I$$MOD                                           
0     0000b5d7  I$$TOFS                                          
0     0000b425  L$$DIV                                           
0     0000b434  L$$MOD                                           
0     0000b5bb  L$$TOFD                                          
0     0000b5f1  L$$TOFS                                          
0     0000b67b  U$$TOFS                                          
0     0000b442  UL$$DIV                                          
0     0000b449  UL$$MOD                                          
0     0000b668  UL$$TOFS                                         
0     0000a4ff  _ADC_disable                                     
0     0000a4f5  _ADC_disableBandGap                              
0     0000a4de  _ADC_disableInt                                  
0     0000a4d4  _ADC_disableNoOverlapMode                        
0     0000a4ca  _ADC_disableRefBuffers                           
0     0000a4c0  _ADC_disableVoltRefLoConv                        
0     0000a4b6  _ADC_enable                                      
0     0000a4ac  _ADC_enableBandGap                               
0     0000a496  _ADC_enableInt                                   
0     0000a48c  _ADC_enableNoOverlapMode                         
0     0000a482  _ADC_enableRefBuffers                            
0     0000a478  _ADC_enableVoltRefLoConv                         
0     0000a46e  _ADC_getDivideSelect                             
0     0000a465  _ADC_init                                        
0     0000a45b  _ADC_powerDown                                   
0     0000a451  _ADC_powerUp                                     
0     0000a447  _ADC_reset                                       
0     0000a436  _ADC_setDivideSelect                             
0     0000a415  _ADC_setIntMode                                  
0     0000a404  _ADC_setIntPulseGenMode                          
0     0000a3e3  _ADC_setIntSrc                                   
0     0000a3d9  _ADC_setOffTrim                                  
0     0000a3c2  _ADC_setSampleMode                               
0     0000a3af  _ADC_setSampleOverlapMode                        
0     0000a39b  _ADC_setSocChanNumber                            
0     0000a38e  _ADC_setSocFrc                                   
0     0000a384  _ADC_setSocFrcWord                               
0     0000a370  _ADC_setSocSampleDelay                           
0     0000a35c  _ADC_setSocTrigSrc                               
0     0000a34b  _ADC_setTempSensorSrc                            
0     0000a33a  _ADC_setVoltRefSrc                               
0     0000a30f  _ADC_setupSocTrigSrc                             
0     0000aa15  _CLK_disableAdcClock                             
0     0000aa0e  _CLK_disableClaClock                             
0     0000aa08  _CLK_disableClkIn                                
0     0000aa04  _CLK_disableCompClock                            
0     0000a9fd  _CLK_disableCpuTimerClock                        
0     0000a9f7  _CLK_disableCrystalOsc                           
0     0000a9f0  _CLK_disableEcanaClock                           
0     0000a9e9  _CLK_disableEcap1Clock                           
0     0000a9e2  _CLK_disableEqep1Clock                           
0     0000a9db  _CLK_disableEqep2Clock                           
0     0000a9d4  _CLK_disableGpioInputClock                       
0     0000a9cd  _CLK_disableHrPwmClock                           
0     0000a9c6  _CLK_disableI2cClock                             
0     0000a9bf  _CLK_disableLinAClock                            
0     0000a9b9  _CLK_disableOsc1                                 
0     0000a9b3  _CLK_disableOsc1HaltMode                         
0     0000a9ad  _CLK_disableOsc2                                 
0     0000a9a7  _CLK_disableOsc2HaltMode                         
0     0000a99d  _CLK_disablePwmClock                             
0     0000a996  _CLK_disableSciaClock                            
0     0000a98f  _CLK_disableScibClock                            
0     0000a988  _CLK_disableSpiaClock                            
0     0000a984  _CLK_disableSpibClock                            
0     0000a97d  _CLK_disableTbClockSync                          
0     0000a977  _CLK_disableWatchDogHaltMode                     
0     0000a970  _CLK_enableAdcClock                              
0     0000a969  _CLK_enableClaClock                              
0     0000a963  _CLK_enableClkIn                                 
0     0000a95d  _CLK_enableCompClock                             
0     0000a957  _CLK_enableCpuTimerClock                         
0     0000a951  _CLK_enableCrystalOsc                            
0     0000a94a  _CLK_enableEcanaClock                            
0     0000a943  _CLK_enableEcap1Clock                            
0     0000a93c  _CLK_enableEqep1Clock                            
0     0000a935  _CLK_enableEqep2Clock                            
0     0000a92e  _CLK_enableGpioInputClock                        
0     0000a927  _CLK_enableHrPwmClock                            
0     0000a920  _CLK_enableI2cClock                              
0     0000a919  _CLK_enableLinAClock                             
0     0000a913  _CLK_enableOsc1                                  
0     0000a90d  _CLK_enableOsc1HaltMode                          
0     0000a907  _CLK_enableOsc2                                  
0     0000a901  _CLK_enableOsc2HaltMode                          
0     0000a8f8  _CLK_enablePwmClock                              
0     0000a8f1  _CLK_enableSciaClock                             
0     0000a8ea  _CLK_enableScibClock                             
0     0000a8e3  _CLK_enableSpiaClock                             
0     0000a8dc  _CLK_enableSpibClock                             
0     0000a8d5  _CLK_enableTbClockSync                           
0     0000a8cf  _CLK_enableWatchDogHaltMode                      
0     0000a8c8  _CLK_init                                        
0     0000a8c1  _CLK_setClkOutPreScaler                          
0     0000a8bb  _CLK_setLowSpdPreScaler                          
0     0000a8b4  _CLK_setOsc2Src                                  
0     0000a8ad  _CLK_setOscSrc                                   
0     0000a8a6  _CLK_setTimer2PreScale                           
0     0000a89f  _CLK_setTimer2Src                                
0     0000a898  _CLK_setWatchDogSrc                              
0     0000a891  _CLK_setXClkInSrc                                
0     0000b49a  _CPU_clearIntFlags                               
0     0000b497  _CPU_disableDebugInt                             
0     0000b494  _CPU_disableGlobalInts                           
0     0000b48f  _CPU_disableInt                                  
0     0000b48c  _CPU_disableInts                                 
0     0000b489  _CPU_disableProtectedRegisterWrite               
0     0000b486  _CPU_enableDebugInt                              
0     0000b483  _CPU_enableGlobalInts                            
0     0000b47f  _CPU_enableInt                                   
0     0000b47c  _CPU_enableProtectedRegisterWrite                
0     0000b478  _CPU_init                                        
0     000093d5  _CTRL_getGains                                   
0     000093ce  _CTRL_getIab_filt_pu                             
0     000093c7  _CTRL_getIab_in_pu                               
0     000093c0  _CTRL_getIdq_in_pu                               
0     000093b9  _CTRL_getIdq_ref_pu                              
0     0000940e  _CTRL_getMagCurrent_pu                           
0     0000940b  _CTRL_getMaximumSpeed_pu                         
0     000093b2  _CTRL_getVab_in_pu                               
0     000093ab  _CTRL_getVab_out_pu                              
0     000093a4  _CTRL_getVdq_out_pu                              
abs   003fa721  _CTRL_getVersion                                 
0     0000939b  _CTRL_getWaitTimes                               
abs   003fa6fb  _CTRL_initCtrl                                   
0     00008e8c  _CTRL_run                                        
abs   003fa5d1  _CTRL_runTraj                                    
abs   003f9e64  _CTRL_setEstParams                               
0     00008c0b  _CTRL_setGains                                   
0     00009405  _CTRL_setMagCurrent_pu                           
0     00009408  _CTRL_setMaximumSpeed_pu                         
0     00008c33  _CTRL_setParams                                  
0     00008bf8  _CTRL_setSpd_ref_krpm                            
0     00008bf5  _CTRL_setSpd_ref_pu                              
abs   003f9d31  _CTRL_setUserMotorParams                         
0     00008bec  _CTRL_setWaitTimes                               
0     00008be1  _CTRL_setup                                      
0     00008bc5  _CTRL_setupClarke_I                              
0     00008baf  _CTRL_setupClarke_V                              
abs   003f9b43  _CTRL_setupCtrl                                  
abs   003f99a5  _CTRL_setupEstIdleState                          
abs   003f996a  _CTRL_setupEstOnLineState                        
abs   003f9806  _CTRL_setupTraj                                  
0     00008b4b  _CTRL_setup_user                                 
0     00008a97  _CTRL_updateState                                
0     0000a2ec  _DRV8301_enable                                  
0     0000a2da  _DRV8301_getDcCalMode                            
0     0000a2bf  _DRV8301_getFaultType                            
0     0000a2b9  _DRV8301_getId                                   
0     0000a2b2  _DRV8301_getOcLevel                              
0     0000a2ab  _DRV8301_getOcMode                               
0     0000a2a4  _DRV8301_getOcOffTimeMode                        
0     0000a29d  _DRV8301_getOcTwMode                             
0     0000a296  _DRV8301_getPeakCurrent                          
0     0000a28f  _DRV8301_getPwmMode                              
0     0000a288  _DRV8301_getShuntAmpGain                         
0     0000a27e  _DRV8301_init                                    
0     0000a278  _DRV8301_isFault                                 
0     0000a271  _DRV8301_isReset                                 
0     0000a1fb  _DRV8301_readData                                
0     0000a07b  _DRV8301_readSpi                                 
0     0000a1ec  _DRV8301_reset                                   
0     0000a1cd  _DRV8301_setDcCalMode                            
0     0000a1cb  _DRV8301_setGpioHandle                           
0     0000a1c9  _DRV8301_setGpioNumber                           
0     0000a1b5  _DRV8301_setOcLevel                              
0     0000a1a1  _DRV8301_setOcMode                               
0     0000a18d  _DRV8301_setOcOffTimeMode                        
0     0000a179  _DRV8301_setOcTwMode                             
0     0000a165  _DRV8301_setPeakCurrent                          
0     0000a151  _DRV8301_setPwmMode                              
0     0000a13d  _DRV8301_setShuntAmpGain                         
0     0000a13b  _DRV8301_setSpiHandle                            
0     0000a0b4  _DRV8301_setupSpi                                
0     0000a052  _DRV8301_writeData                               
0     0000a03b  _DRV8301_writeSpi                                
abs   003f9760  _EST_doCurrentCtrl                               
abs   003f9758  _EST_doSpeedCtrl                                 
abs   003f8c0d  _EST_getAngle_pu                                 
abs   003f96be  _EST_getFlux_VpHz                                
abs   003f96ab  _EST_getFlux_pu                                  
abs   003f968e  _EST_getFm_pu                                    
abs   003f9632  _EST_getIdRated                                  
abs   003f95ff  _EST_getLs_coarse_max_pu                         
abs   003f95f5  _EST_getLs_d_H                                   
abs   003f95f0  _EST_getLs_d_pu                                  
abs   003f95ce  _EST_getLs_q_H                                   
abs   003f95c9  _EST_getLs_q_pu                                  
abs   003f95bd  _EST_getMaxCurrentSlope_pu                       
abs   003f95b3  _EST_getOneOverDcBus_pu                          
abs   003f95ad  _EST_getRr_Ohm                                   
abs   003f9513  _EST_getRs_Ohm                                   
abs   003f94c6  _EST_getSpeed_krpm                               
abs   003f861b  _EST_getState                                    
abs   003f9458  _EST_get_krpm_to_pu_sf                           
abs   003f9453  _EST_get_pu_to_krpm_sf                           
abs   003f938d  _EST_isError                                     
abs   003f9386  _EST_isIdle                                      
abs   003f937f  _EST_isLockRotor                                 
abs   003f8679  _EST_isMotorIdentified                           
abs   003f9378  _EST_isOnLine                                    
abs   003f927b  _EST_run                                         
abs   003f8bdb  _EST_setFlag_enableForceAngle                    
abs   003f8bd3  _EST_setFlag_enableRsRecalc                      
abs   003f8b80  _EST_setId_ref_pu                                
abs   003f8b7a  _EST_setIdle                                     
abs   003f8b67  _EST_setIdle_all                                 
abs   003f8b63  _EST_setIq_ref_pu                                
abs   003f8b45  _EST_setLs_d_pu                                  
abs   003f8af1  _EST_setLs_qFmt                                  
abs   003f8ae7  _EST_setLs_q_pu                                  
abs   003f8adb  _EST_setMaxCurrentSlope_pu                       
abs   003f8a18  _EST_setRs_pu                                    
abs   003f89f5  _EST_updateId_ref_pu                             
abs   003f8713  _EST_updateState                                 
abs   003f861d  _EST_useZeroIq_ref                               
0     0000b4e1  _FILTER_FO_getDenCoeffs                          
0     0000b4da  _FILTER_FO_getInitialConditions                  
0     0000b4d4  _FILTER_FO_getNumCoeffs                          
0     0000b4cd  _FILTER_FO_init                                  
0     0000b4cb  _FILTER_FO_setDenCoeffs                          
0     0000b4c6  _FILTER_FO_setInitialConditions                  
0     0000b4c2  _FILTER_FO_setNumCoeffs                          
0     0000b521  _FLASH_clear3VStatus                             
0     00000138  _FLASH_disablePipelineMode                       
0     00000132  _FLASH_enablePipelineMode                        
0     0000b51e  _FLASH_get3VStatus                               
0     0000b51b  _FLASH_getActiveWaitCount                        
0     0000b517  _FLASH_getActiveWaitStatus                       
0     0000b514  _FLASH_getPowerMode                              
0     0000b511  _FLASH_getStandbyWaitCount                       
0     0000b50d  _FLASH_getStandbyWaitStatus                      
0     0000b506  _FLASH_init                                      
0     0000012d  _FLASH_setActiveWaitCount                        
0     00000126  _FLASH_setNumPagedReadWaitStates                 
0     0000011f  _FLASH_setNumRandomReadWaitStates                
0     00000118  _FLASH_setOtpWaitStates                          
0     00000111  _FLASH_setPowerMode                              
0     0000010c  _FLASH_setStandbyWaitCount                       
0     0000b6c3  _Flag_Latch_softwareUpdate                       
0     0000a882  _GPIO_getData                                    
0     0000a87b  _GPIO_getPortData                                
0     0000a874  _GPIO_init                                       
0     0000a86a  _GPIO_lpmSelect                                  
0     0000a84a  _GPIO_read                                       
0     0000a82f  _GPIO_setDirection                               
0     0000a824  _GPIO_setExtInt                                  
0     0000a813  _GPIO_setHigh                                    
0     0000a802  _GPIO_setLow                                     
0     0000a7c6  _GPIO_setMode                                    
0     0000a7bb  _GPIO_setPortData                                
0     0000a7a0  _GPIO_setPullup                                  
0     0000a75a  _GPIO_setQualification                           
0     0000a70b  _GPIO_setQualificationPeriod                     
0     0000a6fa  _GPIO_toggle                                     
0     00008573  _HAL_AdcCalChanSelect                            
0     000085ca  _HAL_AdcCalConversion                            
0     0000872c  _HAL_AdcOffsetSelfCal                            
0     000087f9  _HAL_OscTempComp                                 
0     00008852  _HAL_cal                                         
0     00008a93  _HAL_disableGlobalInts                           
0     00008986  _HAL_disableWdog                                 
0     00008a81  _HAL_enableAdcInts                               
0     00008a7d  _HAL_enableDebugInt                              
0     00008a78  _HAL_enableDrv                                   
0     00008a74  _HAL_enableGlobalInts                            
0     00008a63  _HAL_enablePwmInt                                
0     00008a53  _HAL_enableTimer0Int                             
0     0000875f  _HAL_getOscTrimValue                             
0     0000898b  _HAL_init                                        
0     00008775  _HAL_osc1Comp                                    
0     000087b7  _HAL_osc2Comp                                    
0     00008981  _HAL_readDrvData                                 
0     00008869  _HAL_setParams                                   
0     000084be  _HAL_setupAdcs                                   
0     000084a2  _HAL_setupClks                                   
0     0000849d  _HAL_setupDrvSpi                                 
0     00008483  _HAL_setupFaults                                 
0     00008465  _HAL_setupFlash                                  
0     00008450  _HAL_setupGate                                   
0     000082b4  _HAL_setupGpios                                  
0     00008260  _HAL_setupPeripheralClks                         
0     00008244  _HAL_setupPie                                    
0     00008205  _HAL_setupPll                                    
0     00008182  _HAL_setupPwmDacs                                
0     000080a6  _HAL_setupPwms                                   
0     00008070  _HAL_setupSpiA                                   
0     0000803a  _HAL_setupSpiB                                   
0     00008005  _HAL_setupTimers                                 
0     00008000  _HAL_writeDrvData                                
0     003fe708  _IQ10mpyRndSatTable                              
0     003fe6fc  _IQ11mpyRndSatTable                              
0     003fe6f0  _IQ12mpyRndSatTable                              
0     003fe6e4  _IQ13mpyRndSatTable                              
0     003fe6d8  _IQ14mpyRndSatTable                              
0     003fe6cc  _IQ15mpyRndSatTable                              
0     003fe6c0  _IQ16mpyRndSatTable                              
0     003fe6b4  _IQ17mpyRndSatTable                              
0     003fe6a8  _IQ18mpyRndSatTable                              
0     003fe69c  _IQ19mpyRndSatTable                              
0     003fe774  _IQ1mpyRndSatTable                               
0     003fe690  _IQ20mpyRndSatTable                              
0     003fe684  _IQ21mpyRndSatTable                              
0     003fe678  _IQ22mpyRndSatTable                              
0     003fe66c  _IQ23mpyRndSatTable                              
0     003fe660  _IQ24mpyRndSatTable                              
0     003fe654  _IQ25mpyRndSatTable                              
0     003fe648  _IQ26mpyRndSatTable                              
0     003fe63c  _IQ27mpyRndSatTable                              
0     003fe630  _IQ28mpyRndSatTable                              
0     003fe624  _IQ29mpyRndSatTable                              
0     003fe768  _IQ2mpyRndSatTable                               
0     003fe618  _IQ30mpyRndSatTable                              
0     003fe75c  _IQ3mpyRndSatTable                               
0     003fe750  _IQ4mpyRndSatTable                               
0     003fe744  _IQ5mpyRndSatTable                               
0     003fe738  _IQ6mpyRndSatTable                               
0     003fe72c  _IQ7mpyRndSatTable                               
0     003fe720  _IQ8mpyRndSatTable                               
0     003fe714  _IQ9mpyRndSatTable                               
0     003fe454  _IQatan2HalfPITable                              
0     003fe492  _IQatan2Table                                    
0     003fe618  _IQatan2TableEnd                                 
0     003fdd30  _IQcosTable                                      
0     003fe132  _IQcosTableEnd                                   
0     003fe132  _IQdivRoundSatTable                              
0     003fe140  _IQdivTable                                      
0     003fe342  _IQdivTableEnd                                   
0     003fe342  _IQisqrtRoundSatTable                            
0     003fe352  _IQisqrtTable                                    
0     003fe454  _IQisqrtTableEnd                                 
0     003fe618  _IQmpyRndSatTable                                
0     003fe780  _IQmpyRndSatTableEnd                             
0     003fdc30  _IQsinTable                                      
0     003fe030  _IQsinTableEnd                                   
0     003fe342  _IQsqrtRoundSatTable                             
0     003fe352  _IQsqrtTable                                     
0     003fe454  _IQsqrtTableEnd                                  
0     0000b16f  _OFFSET_getBeta                                  
0     0000b15d  _OFFSET_init                                     
0     0000b147  _OFFSET_setBeta                                  
0     0000b138  _OFFSET_setInitCond                              
0     0000b136  _OFFSET_setOffset                                
0     0000b41e  _OSC_init                                        
0     0000b411  _OSC_setCoarseTrim                               
0     0000b400  _OSC_setFineTrim                                 
0     0000b3f7  _OSC_setTrim                                     
0     0000ab17  _PIE_clearAllFlags                               
0     0000ab14  _PIE_clearAllInts                                
0     0000ab11  _PIE_disable                                     
0     0000ab0a  _PIE_disableAllInts                              
0     0000ab06  _PIE_disableCaptureInt                           
0     0000aafd  _PIE_disableExtInt                               
0     0000aaf3  _PIE_disableInt                                  
0     0000aaf0  _PIE_enable                                      
0     0000aad3  _PIE_enableAdcInt                                
0     0000aacf  _PIE_enableCaptureInt                            
0     0000aab2  _PIE_enableExtInt                                
0     0000aaa9  _PIE_enableInt                                   
0     0000aaa4  _PIE_enablePwmInt                                
0     0000aa9f  _PIE_enablePwmTzInt                              
0     0000aa9c  _PIE_enableTimer0Int                             
0     0000aa93  _PIE_forceInt                                    
0     0000aa8b  _PIE_getExtIntCount                              
0     0000aa84  _PIE_getIntEnables                               
0     0000aa7d  _PIE_getIntFlags                                 
0     0000b69c  _PIE_illegalIsr                                  
0     0000aa74  _PIE_init                                        
0     0000aa63  _PIE_registerPieIntHandler                       
0     0000aa58  _PIE_registerSystemIntHandler                    
0     0000aa4d  _PIE_setDefaultIntVectorTable                    
0     0000aa3c  _PIE_setExtIntPolarity                           
0     0000aa29  _PIE_unregisterPieIntHandler                     
0     0000aa1c  _PIE_unregisterSystemIntHandler                  
0     0000b0d6  _PLL_disable                                     
0     0000b0d0  _PLL_disableClkDetect                            
0     0000b0ca  _PLL_disableNormRdy                              
0     0000b0c4  _PLL_disableOsc                                  
0     0000b0be  _PLL_enable                                      
0     0000b0b8  _PLL_enableClkDetect                             
0     0000b0b2  _PLL_enableNormRdy                               
0     0000b0ac  _PLL_enableOsc                                   
0     0000b0a8  _PLL_getClkFreq                                  
0     0000b0a5  _PLL_getClkStatus                                
0     0000b0a2  _PLL_getDivideSelect                             
0     0000b09f  _PLL_getLockStatus                               
0     0000b098  _PLL_init                                        
0     0000b092  _PLL_resetClkDetect                              
0     0000b08c  _PLL_setClkFreq                                  
0     0000b085  _PLL_setDivideSelect                             
0     0000b080  _PLL_setLockPeriod                               
0     0000a035  _PWM_clearTripZone                               
0     0000a032  _PWM_decrementDeadBandFallingEdgeDelay           
0     0000a02f  _PWM_decrementDeadBandRisingEdgeDelay            
0     0000a028  _PWM_disableAutoConvert                          
0     0000a024  _PWM_disableChopping                             
0     0000a021  _PWM_disableCounterLoad                          
0     0000a01e  _PWM_disableDeadBand                             
0     0000a01a  _PWM_disableDeadBandHalfCycle                    
0     0000a013  _PWM_disableDigitalCompareBlankingWindow         
0     0000a00c  _PWM_disableDigitalCompareBlankingWindowInversion
0     0000a005  _PWM_disableHrPeriod                             
0     00009ffe  _PWM_disableHrPhaseSync                          
0     00009ffa  _PWM_disableInt                                  
0     00009ff6  _PWM_disableSocAPulse                            
0     00009ff2  _PWM_disableSocBPulse                            
0     00009feb  _PWM_disableTripZoneInt                          
0     00009fe4  _PWM_disableTripZoneSrc                          
0     00009fde  _PWM_disableTripZones                            
0     00009fd7  _PWM_enableAutoConvert                           
0     00009fd3  _PWM_enableChopping                              
0     00009fd0  _PWM_enableCounterLoad                           
0     00009fcc  _PWM_enableDeadBandHalfCycle                     
0     00009fc5  _PWM_enableDigitalCompareBlankingWindow          
0     00009fbe  _PWM_enableDigitalCompareBlankingWindowInversion 
0     00009fb7  _PWM_enableHrPeriod                              
0     00009fb0  _PWM_enableHrPhaseSync                           
0     00009fac  _PWM_enableInt                                   
0     00009fa8  _PWM_enableSocAPulse                             
0     00009fa4  _PWM_enableSocBPulse                             
0     00009f9e  _PWM_enableTripZoneInt                           
0     00009f98  _PWM_enableTripZoneSrc                           
0     00009f95  _PWM_getDeadBandFallingEdgeDelay                 
0     00009f92  _PWM_getDeadBandRisingEdgeDelay                  
0     00009f8e  _PWM_getIntCount                                 
0     00009f8a  _PWM_getShadowStatus_CmpA                        
0     00009f86  _PWM_getShadowStatus_CmpB                        
0     00009f81  _PWM_getSocACount                                
0     00009f7c  _PWM_getSocBCount                                
0     00009f79  _PWM_incrementDeadBandFallingEdgeDelay           
0     00009f76  _PWM_incrementDeadBandRisingEdgeDelay            
0     00009f6f  _PWM_init                                        
0     00009f68  _PWM_setActionQualContSWForce_PwmA               
0     00009f5f  _PWM_setActionQualContSWForce_PwmB               
0     00009f56  _PWM_setActionQual_CntDown_CmpA_PwmA             
0     00009f4d  _PWM_setActionQual_CntDown_CmpA_PwmB             
0     00009f44  _PWM_setActionQual_CntDown_CmpB_PwmA             
0     00009f3b  _PWM_setActionQual_CntDown_CmpB_PwmB             
0     00009f32  _PWM_setActionQual_CntUp_CmpA_PwmA               
0     00009f29  _PWM_setActionQual_CntUp_CmpA_PwmB               
0     00009f20  _PWM_setActionQual_CntUp_CmpB_PwmA               
0     00009f17  _PWM_setActionQual_CntUp_CmpB_PwmB               
0     00009f0e  _PWM_setActionQual_Period_PwmA                   
0     00009f05  _PWM_setActionQual_Period_PwmB                   
0     00009efe  _PWM_setActionQual_Zero_PwmA                     
0     00009ef7  _PWM_setActionQual_Zero_PwmB                     
0     00009ef0  _PWM_setChoppingClkFreq                          
0     00009ee9  _PWM_setChoppingDutyCycle                        
0     00009ee2  _PWM_setChoppingPulseWidth                       
0     00009ede  _PWM_setClkDiv                                   
0     00009edc  _PWM_setCount                                    
0     00009ed8  _PWM_setCounterMode                              
0     00009ed5  _PWM_setDeadBandFallingEdgeDelay                 
0     00009ece  _PWM_setDeadBandInputMode                        
0     00009ec7  _PWM_setDeadBandOutputMode                       
0     00009ec0  _PWM_setDeadBandPolarity                         
0     00009ebd  _PWM_setDeadBandRisingEdgeDelay                  
0     00009ea3  _PWM_setDigitalCompareAEvent1                    
0     00009e93  _PWM_setDigitalCompareAEvent2                    
0     00009e79  _PWM_setDigitalCompareBEvent1                    
0     00009e69  _PWM_setDigitalCompareBEvent2                    
0     00009e5d  _PWM_setDigitalCompareBlankingPulse              
0     00009e5a  _PWM_setDigitalCompareFilterOffset               
0     00009e50  _PWM_setDigitalCompareFilterSource               
0     00009e4d  _PWM_setDigitalCompareFilterWindow               
0     00009e3e  _PWM_setDigitalCompareInput                      
0     00009e3a  _PWM_setHighSpeedClkDiv                          
0     00009e30  _PWM_setHrControlMode                            
0     00009e26  _PWM_setHrEdgeMode                               
0     00009e1c  _PWM_setHrShadowMode                             
0     00009e15  _PWM_setIntMode                                  
0     00009e0e  _PWM_setIntPeriod                                
0     00009e0a  _PWM_setLoadMode_CmpA                            
0     00009e04  _PWM_setLoadMode_CmpB                            
0     00009e02  _PWM_setPeriod                                   
0     00009dfd  _PWM_setPeriodHr                                 
0     00009df9  _PWM_setPeriodLoad                               
0     00009df7  _PWM_setPhase                                    
0     00009df3  _PWM_setPhaseDir                                 
0     00009def  _PWM_setRunMode                                  
0     00009de9  _PWM_setShadowMode_CmpA                          
0     00009de3  _PWM_setShadowMode_CmpB                          
0     00009dda  _PWM_setSocAPeriod                               
0     00009dd1  _PWM_setSocAPulseSrc                             
0     00009dc8  _PWM_setSocBPeriod                               
0     00009dbf  _PWM_setSocBPulseSrc                             
0     00009dbc  _PWM_setSwSync                                   
0     00009db8  _PWM_setSyncMode                                 
0     00009dae  _PWM_setTripZoneDCEventSelect_DCAEVT1            
0     00009da2  _PWM_setTripZoneDCEventSelect_DCAEVT2            
0     00009d96  _PWM_setTripZoneDCEventSelect_DCBEVT1            
0     00009d8a  _PWM_setTripZoneDCEventSelect_DCBEVT2            
0     00009d7e  _PWM_setTripZoneState_DCAEVT1                    
0     00009d72  _PWM_setTripZoneState_DCAEVT2                    
0     00009d66  _PWM_setTripZoneState_DCBEVT1                    
0     00009d5a  _PWM_setTripZoneState_DCBEVT2                    
0     00009d50  _PWM_setTripZoneState_TZA                        
0     00009d44  _PWM_setTripZoneState_TZB                        
0     0000b207  _PWR_disableBrownOutReset                        
0     0000b1fd  _PWR_disableWatchDogInt                          
0     0000b1fa  _PWR_enableBrownOutReset                         
0     0000b1f0  _PWR_enableWatchDogInt                           
0     0000b1e7  _PWR_init                                        
0     0000b1d6  _PWR_setLowPowerMode                             
0     0000b1c5  _PWR_setNumStandByClocks                         
0     00000142  _RamfuncsLoadEnd                                 
abs   00000036  _RamfuncsLoadSize                                
0     0000010c  _RamfuncsLoadStart                               
0     0000010c  _RamfuncsRunStart                                
0     0000ad48  _SPI_clearRxFifoInt                              
0     0000ad44  _SPI_clearRxFifoOvf                              
0     0000ad40  _SPI_clearTxFifoInt                              
0     0000ad3d  _SPI_disableInt                                  
0     0000ad3a  _SPI_disableLoopBack                             
0     0000ad37  _SPI_disableOverRunInt                           
0     0000ad33  _SPI_disableRxFifoInt                            
0     0000ad30  _SPI_disableTx                                   
0     0000ad2c  _SPI_disableTxFifoEnh                            
0     0000ad28  _SPI_disableTxFifoInt                            
0     0000ad25  _SPI_enable                                      
0     0000ad21  _SPI_enableChannels                              
0     0000ad1e  _SPI_enableInt                                   
0     0000ad1b  _SPI_enableLoopBack                              
0     0000ad18  _SPI_enableOverRunInt                            
0     0000ad14  _SPI_enableRxFifo                                
0     0000ad10  _SPI_enableRxFifoInt                             
0     0000ad0d  _SPI_enableTx                                    
0     0000ad09  _SPI_enableTxFifo                                
0     0000ad05  _SPI_enableTxFifoEnh                             
0     0000ad01  _SPI_enableTxFifoInt                             
0     0000acfe  _SPI_getIntFlagStatus                            
0     0000acfa  _SPI_getRxFifoStatus                             
0     0000acf7  _SPI_getTxBufferStatus                           
0     0000acf3  _SPI_getTxFifoStatus                             
0     0000acec  _SPI_init                                        
0     0000ace9  _SPI_reset                                       
0     0000ace5  _SPI_resetChannels                               
0     0000ace1  _SPI_resetRxFifo                                 
0     0000acdd  _SPI_resetTxFifo                                 
0     0000acdb  _SPI_setBaudRate                                 
0     0000acd7  _SPI_setCharLength                               
0     0000acd5  _SPI_setClkPhase                                 
0     0000acd1  _SPI_setClkPolarity                              
0     0000accf  _SPI_setMode                                     
0     0000acc8  _SPI_setPriority                                 
0     0000acc1  _SPI_setRxFifoIntLevel                           
0     0000acba  _SPI_setSteInv                                   
0     0000acb3  _SPI_setSuspend                                  
0     0000acac  _SPI_setTriWire                                  
0     0000aca9  _SPI_setTxDelay                                  
0     0000aca2  _SPI_setTxFifoIntLevel                           
0     0000b2cc  _STPOSCONV_init                                  
0     0000b3c9  _STVELCTL_init                                   
0     0000a509  _STVELCTL_run                                    
0     0000b36b  _STVELID_init                                    
0     0000b39a  _STVELMOVE_init                                  
0     0000b28f  _STVELPLAN_init                                  
0     0000b527  _ST_initVersion                                  
0     000094dc  _ST_runVelCtl                                    
0     0000b368  _TIMER_clearFlag                                 
0     0000b365  _TIMER_disableInt                                
0     0000b362  _TIMER_enableInt                                 
0     0000b35f  _TIMER_getStatus                                 
0     0000b358  _TIMER_init                                      
0     0000b34a  _TIMER_setDecimationFactor                       
0     0000b346  _TIMER_setEmulationMode                          
0     0000b338  _TIMER_setPreScaler                              
0     00009c83  _USER_calcPIgains                                
0     00009c7f  _USER_checkForErrors                             
0     00009c71  _USER_computeFlux                                
0     00009c20  _USER_computeFlux_pu_to_VpHz_sf                  
0     00009bcf  _USER_computeFlux_pu_to_Wb_sf                    
0     00009b7e  _USER_computeTorque_Flux_Iq_pu_to_Nm_sf          
0     00009b2f  _USER_computeTorque_Ls_Id_Iq_pu_to_Nm_sf         
0     00009ae2  _USER_computeTorque_Nm                           
0     00009a8a  _USER_computeTorque_lbin                         
0     00009a87  _USER_getErrorCode                               
0     00009a84  _USER_setErrorCode                               
0     00009946  _USER_setParams                                  
0     000098ae  _USER_softwareUpdate1p6                          
0     0000b1bd  _WDOG_clearCounter                               
0     0000b1b5  _WDOG_disable                                    
0     0000b1af  _WDOG_disableInt                                 
0     0000b1a9  _WDOG_disableOverRide                            
0     0000b1a0  _WDOG_enable                                     
0     0000b19a  _WDOG_enableInt                                  
0     0000b194  _WDOG_enableOverRide                             
0     0000b191  _WDOG_getIntStatus                               
0     0000b18a  _WDOG_init                                       
0     0000b188  _WDOG_setCount                                   
0     0000b17e  _WDOG_setPreScaler                               
0     0000baa6  __IQ20div                                        
0     0000bb9f  __IQ24cosPU                                      
0     0000baed  __IQ24div                                        
0     0000bb76  __IQ24sinPU                                      
0     0000bb34  __IQ24sqrt                                       
0     0000bbc6  __IQ30toF                                        
1     000007b0  __STACK_END                                      
abs   000003b0  __STACK_SIZE                                     
0     0000b6a6  ___TI_cleanup_ptr                                
0     0000b6a8  ___TI_dtors_ptr                                  
abs   ffffffff  ___binit__                                       
abs   ffffffff  ___c_args__                                      
0     00000050  ___cinit__                                       
0     0000b6a6  ___etext__                                       
abs   ffffffff  ___pinit__                                       
0     00008000  ___text__                                        
0     0000b60b  __args_main                                      
0     0000b6aa  __lock                                           
0     0000adeb  __log                                            
0     0000b693  __nop                                            
0     0000b68f  __register_lock                                  
0     0000b68b  __register_unlock                                
1     00000400  __stack                                          
0     0000b6ac  __unlock                                         
0     0000b624  _abort                                           
0     0000b20a  _c_int00                                         
0     0000b6c4  _controller_obj                                  
0     0000b6b0  _cpu                                             
0     0000b6d4  _ctrlHandle                                      
0     0000b6b1  _errno                                           
0     0000b626  _exit                                            
0     0000ad4c  _exp                                             
0     0000b654  _frexp                                           
0     0000b6dc  _gAdcData                                        
0     0000b6c2  _gCounter_updateGlobals                          
0     0000b700  _gDrvSpi8301Vars                                 
0     0000b6ca  _gFlux_pu_to_VpHz_sf                             
0     0000b6ce  _gFlux_pu_to_Wb_sf                               
0     0000b6c1  _gLEDcnt                                         
0     0000b6d2  _gMaxCurrentSlope                                
0     0000b740  _gMotorVars                                      
0     0000b6d6  _gPwmData                                        
0     0000b6c8  _gTorque_Flux_Iq_pu_to_Nm_sf                     
0     0000b6cc  _gTorque_Ls_Id_Iq_pu_to_Nm_sf                    
0     0000b7c0  _gUserParams                                     
0     0000ba00  _hal                                             
0     0000b6d0  _halHandle                                       
0     0000b24e  _ldexp                                           
0     0000abf5  _log                                             
0     00009515  _main                                            
0     0000ab1e  _mainISR                                         
0     0000b582  _memcpy                                          
0     0000b305  _modf                                            
0     0000ae7a  _pow                                             
abs   003fb9dd  _s0_calc                                         
abs   003fb9ad  _s0_conf                                         
abs   003fbae7  _s2_calc                                         
abs   003fbb85  _s4_calc                                         
abs   003fbc34  _s4_conf                                         
abs   003fbc58  _s4_reset                                        
abs   003fbc9b  _s8_calc                                         
abs   003fbc7d  _s8_cfg                                          
abs   003fbd37  _s8_get                                          
abs   003fbc72  _s8_reset                                        
abs   003fbc6d  _spintac_rom_ver                                 
0     0000b6c6  _stHandle                                        
0     0000b880  _st_obj                                          
0     00009433  _updateGlobalVariables_motor                     
0     00009411  _updateKpKiGains                                 
0     0000013e  _usDelay                                         
abs   ffffffff  binit                                            
0     00000050  cinit                                            
0     00000000  code_start                                       
0     0000b6a6  etext                                            
abs   ffffffff  pinit                                            


GLOBAL SYMBOLS: SORTED BY Symbol Address 

page  address   name                                             
----  -------   ----                                             
0     00000000  code_start                                       
0     00000050  ___cinit__                                       
0     00000050  cinit                                            
0     0000010c  _FLASH_setStandbyWaitCount                       
0     0000010c  _RamfuncsLoadStart                               
0     0000010c  _RamfuncsRunStart                                
0     00000111  _FLASH_setPowerMode                              
0     00000118  _FLASH_setOtpWaitStates                          
0     0000011f  _FLASH_setNumRandomReadWaitStates                
0     00000126  _FLASH_setNumPagedReadWaitStates                 
0     0000012d  _FLASH_setActiveWaitCount                        
0     00000132  _FLASH_enablePipelineMode                        
0     00000138  _FLASH_disablePipelineMode                       
0     0000013e  _usDelay                                         
0     00000142  _RamfuncsLoadEnd                                 
0     00008000  .text                                            
0     00008000  _HAL_writeDrvData                                
0     00008000  ___text__                                        
0     00008005  _HAL_setupTimers                                 
0     0000803a  _HAL_setupSpiB                                   
0     00008070  _HAL_setupSpiA                                   
0     000080a6  _HAL_setupPwms                                   
0     00008182  _HAL_setupPwmDacs                                
0     00008205  _HAL_setupPll                                    
0     00008244  _HAL_setupPie                                    
0     00008260  _HAL_setupPeripheralClks                         
0     000082b4  _HAL_setupGpios                                  
0     00008450  _HAL_setupGate                                   
0     00008465  _HAL_setupFlash                                  
0     00008483  _HAL_setupFaults                                 
0     0000849d  _HAL_setupDrvSpi                                 
0     000084a2  _HAL_setupClks                                   
0     000084be  _HAL_setupAdcs                                   
0     00008573  _HAL_AdcCalChanSelect                            
0     000085ca  _HAL_AdcCalConversion                            
0     0000872c  _HAL_AdcOffsetSelfCal                            
0     0000875f  _HAL_getOscTrimValue                             
0     00008775  _HAL_osc1Comp                                    
0     000087b7  _HAL_osc2Comp                                    
0     000087f9  _HAL_OscTempComp                                 
0     00008852  _HAL_cal                                         
0     00008869  _HAL_setParams                                   
0     00008981  _HAL_readDrvData                                 
0     00008986  _HAL_disableWdog                                 
0     0000898b  _HAL_init                                        
0     00008a53  _HAL_enableTimer0Int                             
0     00008a63  _HAL_enablePwmInt                                
0     00008a74  _HAL_enableGlobalInts                            
0     00008a78  _HAL_enableDrv                                   
0     00008a7d  _HAL_enableDebugInt                              
0     00008a81  _HAL_enableAdcInts                               
0     00008a93  _HAL_disableGlobalInts                           
0     00008a97  _CTRL_updateState                                
0     00008b4b  _CTRL_setup_user                                 
0     00008baf  _CTRL_setupClarke_V                              
0     00008bc5  _CTRL_setupClarke_I                              
0     00008be1  _CTRL_setup                                      
0     00008bec  _CTRL_setWaitTimes                               
0     00008bf5  _CTRL_setSpd_ref_pu                              
0     00008bf8  _CTRL_setSpd_ref_krpm                            
0     00008c0b  _CTRL_setGains                                   
0     00008c33  _CTRL_setParams                                  
0     00008e8c  _CTRL_run                                        
0     0000939b  _CTRL_getWaitTimes                               
0     000093a4  _CTRL_getVdq_out_pu                              
0     000093ab  _CTRL_getVab_out_pu                              
0     000093b2  _CTRL_getVab_in_pu                               
0     000093b9  _CTRL_getIdq_ref_pu                              
0     000093c0  _CTRL_getIdq_in_pu                               
0     000093c7  _CTRL_getIab_in_pu                               
0     000093ce  _CTRL_getIab_filt_pu                             
0     000093d5  _CTRL_getGains                                   
0     00009405  _CTRL_setMagCurrent_pu                           
0     00009408  _CTRL_setMaximumSpeed_pu                         
0     0000940b  _CTRL_getMaximumSpeed_pu                         
0     0000940e  _CTRL_getMagCurrent_pu                           
0     00009411  _updateKpKiGains                                 
0     00009433  _updateGlobalVariables_motor                     
0     000094dc  _ST_runVelCtl                                    
0     00009515  _main                                            
0     000098ae  _USER_softwareUpdate1p6                          
0     00009946  _USER_setParams                                  
0     00009a84  _USER_setErrorCode                               
0     00009a87  _USER_getErrorCode                               
0     00009a8a  _USER_computeTorque_lbin                         
0     00009ae2  _USER_computeTorque_Nm                           
0     00009b2f  _USER_computeTorque_Ls_Id_Iq_pu_to_Nm_sf         
0     00009b7e  _USER_computeTorque_Flux_Iq_pu_to_Nm_sf          
0     00009bcf  _USER_computeFlux_pu_to_Wb_sf                    
0     00009c20  _USER_computeFlux_pu_to_VpHz_sf                  
0     00009c71  _USER_computeFlux                                
0     00009c7f  _USER_checkForErrors                             
0     00009c83  _USER_calcPIgains                                
0     00009d44  _PWM_setTripZoneState_TZB                        
0     00009d50  _PWM_setTripZoneState_TZA                        
0     00009d5a  _PWM_setTripZoneState_DCBEVT2                    
0     00009d66  _PWM_setTripZoneState_DCBEVT1                    
0     00009d72  _PWM_setTripZoneState_DCAEVT2                    
0     00009d7e  _PWM_setTripZoneState_DCAEVT1                    
0     00009d8a  _PWM_setTripZoneDCEventSelect_DCBEVT2            
0     00009d96  _PWM_setTripZoneDCEventSelect_DCBEVT1            
0     00009da2  _PWM_setTripZoneDCEventSelect_DCAEVT2            
0     00009dae  _PWM_setTripZoneDCEventSelect_DCAEVT1            
0     00009db8  _PWM_setSyncMode                                 
0     00009dbc  _PWM_setSwSync                                   
0     00009dbf  _PWM_setSocBPulseSrc                             
0     00009dc8  _PWM_setSocBPeriod                               
0     00009dd1  _PWM_setSocAPulseSrc                             
0     00009dda  _PWM_setSocAPeriod                               
0     00009de3  _PWM_setShadowMode_CmpB                          
0     00009de9  _PWM_setShadowMode_CmpA                          
0     00009def  _PWM_setRunMode                                  
0     00009df3  _PWM_setPhaseDir                                 
0     00009df7  _PWM_setPhase                                    
0     00009df9  _PWM_setPeriodLoad                               
0     00009dfd  _PWM_setPeriodHr                                 
0     00009e02  _PWM_setPeriod                                   
0     00009e04  _PWM_setLoadMode_CmpB                            
0     00009e0a  _PWM_setLoadMode_CmpA                            
0     00009e0e  _PWM_setIntPeriod                                
0     00009e15  _PWM_setIntMode                                  
0     00009e1c  _PWM_setHrShadowMode                             
0     00009e26  _PWM_setHrEdgeMode                               
0     00009e30  _PWM_setHrControlMode                            
0     00009e3a  _PWM_setHighSpeedClkDiv                          
0     00009e3e  _PWM_setDigitalCompareInput                      
0     00009e4d  _PWM_setDigitalCompareFilterWindow               
0     00009e50  _PWM_setDigitalCompareFilterSource               
0     00009e5a  _PWM_setDigitalCompareFilterOffset               
0     00009e5d  _PWM_setDigitalCompareBlankingPulse              
0     00009e69  _PWM_setDigitalCompareBEvent2                    
0     00009e79  _PWM_setDigitalCompareBEvent1                    
0     00009e93  _PWM_setDigitalCompareAEvent2                    
0     00009ea3  _PWM_setDigitalCompareAEvent1                    
0     00009ebd  _PWM_setDeadBandRisingEdgeDelay                  
0     00009ec0  _PWM_setDeadBandPolarity                         
0     00009ec7  _PWM_setDeadBandOutputMode                       
0     00009ece  _PWM_setDeadBandInputMode                        
0     00009ed5  _PWM_setDeadBandFallingEdgeDelay                 
0     00009ed8  _PWM_setCounterMode                              
0     00009edc  _PWM_setCount                                    
0     00009ede  _PWM_setClkDiv                                   
0     00009ee2  _PWM_setChoppingPulseWidth                       
0     00009ee9  _PWM_setChoppingDutyCycle                        
0     00009ef0  _PWM_setChoppingClkFreq                          
0     00009ef7  _PWM_setActionQual_Zero_PwmB                     
0     00009efe  _PWM_setActionQual_Zero_PwmA                     
0     00009f05  _PWM_setActionQual_Period_PwmB                   
0     00009f0e  _PWM_setActionQual_Period_PwmA                   
0     00009f17  _PWM_setActionQual_CntUp_CmpB_PwmB               
0     00009f20  _PWM_setActionQual_CntUp_CmpB_PwmA               
0     00009f29  _PWM_setActionQual_CntUp_CmpA_PwmB               
0     00009f32  _PWM_setActionQual_CntUp_CmpA_PwmA               
0     00009f3b  _PWM_setActionQual_CntDown_CmpB_PwmB             
0     00009f44  _PWM_setActionQual_CntDown_CmpB_PwmA             
0     00009f4d  _PWM_setActionQual_CntDown_CmpA_PwmB             
0     00009f56  _PWM_setActionQual_CntDown_CmpA_PwmA             
0     00009f5f  _PWM_setActionQualContSWForce_PwmB               
0     00009f68  _PWM_setActionQualContSWForce_PwmA               
0     00009f6f  _PWM_init                                        
0     00009f76  _PWM_incrementDeadBandRisingEdgeDelay            
0     00009f79  _PWM_incrementDeadBandFallingEdgeDelay           
0     00009f7c  _PWM_getSocBCount                                
0     00009f81  _PWM_getSocACount                                
0     00009f86  _PWM_getShadowStatus_CmpB                        
0     00009f8a  _PWM_getShadowStatus_CmpA                        
0     00009f8e  _PWM_getIntCount                                 
0     00009f92  _PWM_getDeadBandRisingEdgeDelay                  
0     00009f95  _PWM_getDeadBandFallingEdgeDelay                 
0     00009f98  _PWM_enableTripZoneSrc                           
0     00009f9e  _PWM_enableTripZoneInt                           
0     00009fa4  _PWM_enableSocBPulse                             
0     00009fa8  _PWM_enableSocAPulse                             
0     00009fac  _PWM_enableInt                                   
0     00009fb0  _PWM_enableHrPhaseSync                           
0     00009fb7  _PWM_enableHrPeriod                              
0     00009fbe  _PWM_enableDigitalCompareBlankingWindowInversion 
0     00009fc5  _PWM_enableDigitalCompareBlankingWindow          
0     00009fcc  _PWM_enableDeadBandHalfCycle                     
0     00009fd0  _PWM_enableCounterLoad                           
0     00009fd3  _PWM_enableChopping                              
0     00009fd7  _PWM_enableAutoConvert                           
0     00009fde  _PWM_disableTripZones                            
0     00009fe4  _PWM_disableTripZoneSrc                          
0     00009feb  _PWM_disableTripZoneInt                          
0     00009ff2  _PWM_disableSocBPulse                            
0     00009ff6  _PWM_disableSocAPulse                            
0     00009ffa  _PWM_disableInt                                  
0     00009ffe  _PWM_disableHrPhaseSync                          
0     0000a005  _PWM_disableHrPeriod                             
0     0000a00c  _PWM_disableDigitalCompareBlankingWindowInversion
0     0000a013  _PWM_disableDigitalCompareBlankingWindow         
0     0000a01a  _PWM_disableDeadBandHalfCycle                    
0     0000a01e  _PWM_disableDeadBand                             
0     0000a021  _PWM_disableCounterLoad                          
0     0000a024  _PWM_disableChopping                             
0     0000a028  _PWM_disableAutoConvert                          
0     0000a02f  _PWM_decrementDeadBandRisingEdgeDelay            
0     0000a032  _PWM_decrementDeadBandFallingEdgeDelay           
0     0000a035  _PWM_clearTripZone                               
0     0000a03b  _DRV8301_writeSpi                                
0     0000a052  _DRV8301_writeData                               
0     0000a07b  _DRV8301_readSpi                                 
0     0000a0b4  _DRV8301_setupSpi                                
0     0000a13b  _DRV8301_setSpiHandle                            
0     0000a13d  _DRV8301_setShuntAmpGain                         
0     0000a151  _DRV8301_setPwmMode                              
0     0000a165  _DRV8301_setPeakCurrent                          
0     0000a179  _DRV8301_setOcTwMode                             
0     0000a18d  _DRV8301_setOcOffTimeMode                        
0     0000a1a1  _DRV8301_setOcMode                               
0     0000a1b5  _DRV8301_setOcLevel                              
0     0000a1c9  _DRV8301_setGpioNumber                           
0     0000a1cb  _DRV8301_setGpioHandle                           
0     0000a1cd  _DRV8301_setDcCalMode                            
0     0000a1ec  _DRV8301_reset                                   
0     0000a1fb  _DRV8301_readData                                
0     0000a271  _DRV8301_isReset                                 
0     0000a278  _DRV8301_isFault                                 
0     0000a27e  _DRV8301_init                                    
0     0000a288  _DRV8301_getShuntAmpGain                         
0     0000a28f  _DRV8301_getPwmMode                              
0     0000a296  _DRV8301_getPeakCurrent                          
0     0000a29d  _DRV8301_getOcTwMode                             
0     0000a2a4  _DRV8301_getOcOffTimeMode                        
0     0000a2ab  _DRV8301_getOcMode                               
0     0000a2b2  _DRV8301_getOcLevel                              
0     0000a2b9  _DRV8301_getId                                   
0     0000a2bf  _DRV8301_getFaultType                            
0     0000a2da  _DRV8301_getDcCalMode                            
0     0000a2ec  _DRV8301_enable                                  
0     0000a30f  _ADC_setupSocTrigSrc                             
0     0000a33a  _ADC_setVoltRefSrc                               
0     0000a34b  _ADC_setTempSensorSrc                            
0     0000a35c  _ADC_setSocTrigSrc                               
0     0000a370  _ADC_setSocSampleDelay                           
0     0000a384  _ADC_setSocFrcWord                               
0     0000a38e  _ADC_setSocFrc                                   
0     0000a39b  _ADC_setSocChanNumber                            
0     0000a3af  _ADC_setSampleOverlapMode                        
0     0000a3c2  _ADC_setSampleMode                               
0     0000a3d9  _ADC_setOffTrim                                  
0     0000a3e3  _ADC_setIntSrc                                   
0     0000a404  _ADC_setIntPulseGenMode                          
0     0000a415  _ADC_setIntMode                                  
0     0000a436  _ADC_setDivideSelect                             
0     0000a447  _ADC_reset                                       
0     0000a451  _ADC_powerUp                                     
0     0000a45b  _ADC_powerDown                                   
0     0000a465  _ADC_init                                        
0     0000a46e  _ADC_getDivideSelect                             
0     0000a478  _ADC_enableVoltRefLoConv                         
0     0000a482  _ADC_enableRefBuffers                            
0     0000a48c  _ADC_enableNoOverlapMode                         
0     0000a496  _ADC_enableInt                                   
0     0000a4ac  _ADC_enableBandGap                               
0     0000a4b6  _ADC_enable                                      
0     0000a4c0  _ADC_disableVoltRefLoConv                        
0     0000a4ca  _ADC_disableRefBuffers                           
0     0000a4d4  _ADC_disableNoOverlapMode                        
0     0000a4de  _ADC_disableInt                                  
0     0000a4f5  _ADC_disableBandGap                              
0     0000a4ff  _ADC_disable                                     
0     0000a509  _STVELCTL_run                                    
0     0000a6fa  _GPIO_toggle                                     
0     0000a70b  _GPIO_setQualificationPeriod                     
0     0000a75a  _GPIO_setQualification                           
0     0000a7a0  _GPIO_setPullup                                  
0     0000a7bb  _GPIO_setPortData                                
0     0000a7c6  _GPIO_setMode                                    
0     0000a802  _GPIO_setLow                                     
0     0000a813  _GPIO_setHigh                                    
0     0000a824  _GPIO_setExtInt                                  
0     0000a82f  _GPIO_setDirection                               
0     0000a84a  _GPIO_read                                       
0     0000a86a  _GPIO_lpmSelect                                  
0     0000a874  _GPIO_init                                       
0     0000a87b  _GPIO_getPortData                                
0     0000a882  _GPIO_getData                                    
0     0000a891  _CLK_setXClkInSrc                                
0     0000a898  _CLK_setWatchDogSrc                              
0     0000a89f  _CLK_setTimer2Src                                
0     0000a8a6  _CLK_setTimer2PreScale                           
0     0000a8ad  _CLK_setOscSrc                                   
0     0000a8b4  _CLK_setOsc2Src                                  
0     0000a8bb  _CLK_setLowSpdPreScaler                          
0     0000a8c1  _CLK_setClkOutPreScaler                          
0     0000a8c8  _CLK_init                                        
0     0000a8cf  _CLK_enableWatchDogHaltMode                      
0     0000a8d5  _CLK_enableTbClockSync                           
0     0000a8dc  _CLK_enableSpibClock                             
0     0000a8e3  _CLK_enableSpiaClock                             
0     0000a8ea  _CLK_enableScibClock                             
0     0000a8f1  _CLK_enableSciaClock                             
0     0000a8f8  _CLK_enablePwmClock                              
0     0000a901  _CLK_enableOsc2HaltMode                          
0     0000a907  _CLK_enableOsc2                                  
0     0000a90d  _CLK_enableOsc1HaltMode                          
0     0000a913  _CLK_enableOsc1                                  
0     0000a919  _CLK_enableLinAClock                             
0     0000a920  _CLK_enableI2cClock                              
0     0000a927  _CLK_enableHrPwmClock                            
0     0000a92e  _CLK_enableGpioInputClock                        
0     0000a935  _CLK_enableEqep2Clock                            
0     0000a93c  _CLK_enableEqep1Clock                            
0     0000a943  _CLK_enableEcap1Clock                            
0     0000a94a  _CLK_enableEcanaClock                            
0     0000a951  _CLK_enableCrystalOsc                            
[...]
0     0000acf3  _SPI_getTxFifoStatus                             
0     0000acf7  _SPI_getTxBufferStatus                           
0     0000acfa  _SPI_getRxFifoStatus                             
0     0000acfe  _SPI_getIntFlagStatus                            
0     0000ad01  _SPI_enableTxFifoInt                             
0     0000ad05  _SPI_enableTxFifoEnh                             
0     0000ad09  _SPI_enableTxFifo                                
0     0000ad0d  _SPI_enableTx                                    
0     0000ad10  _SPI_enableRxFifoInt                             
0     0000ad14  _SPI_enableRxFifo                                
0     0000ad18  _SPI_enableOverRunInt                            
0     0000ad1b  _SPI_enableLoopBack                              
0     0000ad1e  _SPI_enableInt                                   
0     0000ad21  _SPI_enableChannels                              
0     0000ad25  _SPI_enable                                      
0     0000ad28  _SPI_disableTxFifoInt                            
0     0000ad2c  _SPI_disableTxFifoEnh                            
0     0000ad30  _SPI_disableTx                                   
0     0000ad33  _SPI_disableRxFifoInt                            
0     0000ad37  _SPI_disableOverRunInt                           
0     0000ad3a  _SPI_disableLoopBack                             
0     0000ad3d  _SPI_disableInt                                  
0     0000ad40  _SPI_clearTxFifoInt                              
0     0000ad44  _SPI_clearRxFifoOvf                              
0     0000ad48  _SPI_clearRxFifoInt                              
0     0000ad4c  _exp                                             
0     0000adeb  __log                                            
0     0000ae7a  _pow                                             
0     0000af02  FD$$MPY                                          
0     0000af85  FS$$DIV                                          
0     0000b008  FS$$SUB                                          
0     0000b00d  FS$$ADD                                          
0     0000b080  _PLL_setLockPeriod                               
0     0000b085  _PLL_setDivideSelect                             
0     0000b08c  _PLL_setClkFreq                                  
0     0000b092  _PLL_resetClkDetect                              
0     0000b098  _PLL_init                                        
0     0000b09f  _PLL_getLockStatus                               
0     0000b0a2  _PLL_getDivideSelect                             
0     0000b0a5  _PLL_getClkStatus                                
0     0000b0a8  _PLL_getClkFreq                                  
0     0000b0ac  _PLL_enableOsc                                   
0     0000b0b2  _PLL_enableNormRdy                               
0     0000b0b8  _PLL_enableClkDetect                             
0     0000b0be  _PLL_enable                                      
0     0000b0c4  _PLL_disableOsc                                  
0     0000b0ca  _PLL_disableNormRdy                              
0     0000b0d0  _PLL_disableClkDetect                            
0     0000b0d6  _PLL_disable                                     
0     0000b0dc  FS$$MPY                                          
0     0000b136  _OFFSET_setOffset                                
0     0000b138  _OFFSET_setInitCond                              
0     0000b147  _OFFSET_setBeta                                  
0     0000b15d  _OFFSET_init                                     
0     0000b16f  _OFFSET_getBeta                                  
0     0000b17e  _WDOG_setPreScaler                               
0     0000b188  _WDOG_setCount                                   
0     0000b18a  _WDOG_init                                       
0     0000b191  _WDOG_getIntStatus                               
0     0000b194  _WDOG_enableOverRide                             
0     0000b19a  _WDOG_enableInt                                  
0     0000b1a0  _WDOG_enable                                     
0     0000b1a9  _WDOG_disableOverRide                            
0     0000b1af  _WDOG_disableInt                                 
0     0000b1b5  _WDOG_disable                                    
0     0000b1bd  _WDOG_clearCounter                               
0     0000b1c5  _PWR_setNumStandByClocks                         
0     0000b1d6  _PWR_setLowPowerMode                             
0     0000b1e7  _PWR_init                                        
0     0000b1f0  _PWR_enableWatchDogInt                           
0     0000b1fa  _PWR_enableBrownOutReset                         
0     0000b1fd  _PWR_disableWatchDogInt                          
0     0000b207  _PWR_disableBrownOutReset                        
0     0000b20a  _c_int00                                         
0     0000b24e  _ldexp                                           
0     0000b28f  _STVELPLAN_init                                  
0     0000b2cc  _STPOSCONV_init                                  
0     0000b305  _modf                                            
0     0000b338  _TIMER_setPreScaler                              
0     0000b346  _TIMER_setEmulationMode                          
0     0000b34a  _TIMER_setDecimationFactor                       
0     0000b358  _TIMER_init                                      
0     0000b35f  _TIMER_getStatus                                 
0     0000b362  _TIMER_enableInt                                 
0     0000b365  _TIMER_disableInt                                
0     0000b368  _TIMER_clearFlag                                 
0     0000b36b  _STVELID_init                                    
0     0000b39a  _STVELMOVE_init                                  
0     0000b3c9  _STVELCTL_init                                   
0     0000b3f7  _OSC_setTrim                                     
0     0000b400  _OSC_setFineTrim                                 
0     0000b411  _OSC_setCoarseTrim                               
0     0000b41e  _OSC_init                                        
0     0000b425  L$$DIV                                           
0     0000b434  L$$MOD                                           
0     0000b442  UL$$DIV                                          
0     0000b449  UL$$MOD                                          
0     0000b44f  FS$$TOL                                          
0     0000b478  _CPU_init                                        
0     0000b47c  _CPU_enableProtectedRegisterWrite                
0     0000b47f  _CPU_enableInt                                   
0     0000b483  _CPU_enableGlobalInts                            
0     0000b486  _CPU_enableDebugInt                              
0     0000b489  _CPU_disableProtectedRegisterWrite               
0     0000b48c  _CPU_disableInts                                 
0     0000b48f  _CPU_disableInt                                  
0     0000b494  _CPU_disableGlobalInts                           
0     0000b497  _CPU_disableDebugInt                             
0     0000b49a  _CPU_clearIntFlags                               
0     0000b49d  FS$$TOI                                          
0     0000b4c2  _FILTER_FO_setNumCoeffs                          
0     0000b4c6  _FILTER_FO_setInitialConditions                  
0     0000b4cb  _FILTER_FO_setDenCoeffs                          
0     0000b4cd  _FILTER_FO_init                                  
0     0000b4d4  _FILTER_FO_getNumCoeffs                          
0     0000b4da  _FILTER_FO_getInitialConditions                  
0     0000b4e1  _FILTER_FO_getDenCoeffs                          
0     0000b4e4  I$$DIV                                           
0     0000b4f5  I$$MOD                                           
0     0000b506  _FLASH_init                                      
0     0000b50d  _FLASH_getStandbyWaitStatus                      
0     0000b511  _FLASH_getStandbyWaitCount                       
0     0000b514  _FLASH_getPowerMode                              
0     0000b517  _FLASH_getActiveWaitStatus                       
0     0000b51b  _FLASH_getActiveWaitCount                        
0     0000b51e  _FLASH_get3VStatus                               
0     0000b521  _FLASH_clear3VStatus                             
0     0000b527  _ST_initVersion                                  
0     0000b546  FD$$TOL                                          
0     0000b565  FS$$TOU                                          
0     0000b582  _memcpy                                          
0     0000b59f  FS$$TOFD                                         
0     0000b5bb  L$$TOFD                                          
0     0000b5d7  I$$TOFS                                          
0     0000b5f1  L$$TOFS                                          
0     0000b60b  __args_main                                      
0     0000b624  C$$EXIT                                          
0     0000b624  _abort                                           
0     0000b626  _exit                                            
0     0000b63d  FS$$CMP                                          
0     0000b654  _frexp                                           
0     0000b668  UL$$TOFS                                         
0     0000b67b  U$$TOFS                                          
0     0000b68b  __register_unlock                                
0     0000b68f  __register_lock                                  
0     0000b693  __nop                                            
0     0000b69c  _PIE_illegalIsr                                  
0     0000b6a1  FS$$NEG                                          
0     0000b6a6  ___TI_cleanup_ptr                                
0     0000b6a6  ___etext__                                       
0     0000b6a6  etext                                            
0     0000b6a8  ___TI_dtors_ptr                                  
0     0000b6aa  __lock                                           
0     0000b6ac  __unlock                                         
0     0000b6b0  _cpu                                             
0     0000b6b1  _errno                                           
0     0000b6c1  _gLEDcnt                                         
0     0000b6c2  _gCounter_updateGlobals                          
0     0000b6c3  _Flag_Latch_softwareUpdate                       
0     0000b6c4  _controller_obj                                  
0     0000b6c6  _stHandle                                        
0     0000b6c8  _gTorque_Flux_Iq_pu_to_Nm_sf                     
0     0000b6ca  _gFlux_pu_to_VpHz_sf                             
0     0000b6cc  _gTorque_Ls_Id_Iq_pu_to_Nm_sf                    
0     0000b6ce  _gFlux_pu_to_Wb_sf                               
0     0000b6d0  _halHandle                                       
0     0000b6d2  _gMaxCurrentSlope                                
0     0000b6d4  _ctrlHandle                                      
0     0000b6d6  _gPwmData                                        
0     0000b6dc  _gAdcData                                        
0     0000b700  _gDrvSpi8301Vars                                 
0     0000b740  _gMotorVars                                      
0     0000b7c0  _gUserParams                                     
0     0000b880  _st_obj                                          
0     0000ba00  _hal                                             
0     0000baa6  __IQ20div                                        
0     0000baed  __IQ24div                                        
0     0000bb34  __IQ24sqrt                                       
0     0000bb76  __IQ24sinPU                                      
0     0000bb9f  __IQ24cosPU                                      
0     0000bbc6  __IQ30toF                                        
0     003fdc30  _IQsinTable                                      
0     003fdd30  _IQcosTable                                      
0     003fe030  _IQsinTableEnd                                   
0     003fe132  _IQcosTableEnd                                   
0     003fe132  _IQdivRoundSatTable                              
0     003fe140  _IQdivTable                                      
0     003fe342  _IQdivTableEnd                                   
0     003fe342  _IQisqrtRoundSatTable                            
0     003fe342  _IQsqrtRoundSatTable                             
0     003fe352  _IQisqrtTable                                    
0     003fe352  _IQsqrtTable                                     
0     003fe454  _IQatan2HalfPITable                              
0     003fe454  _IQisqrtTableEnd                                 
0     003fe454  _IQsqrtTableEnd                                  
0     003fe492  _IQatan2Table                                    
0     003fe618  _IQ30mpyRndSatTable                              
0     003fe618  _IQatan2TableEnd                                 
0     003fe618  _IQmpyRndSatTable                                
0     003fe624  _IQ29mpyRndSatTable                              
0     003fe630  _IQ28mpyRndSatTable                              
0     003fe63c  _IQ27mpyRndSatTable                              
0     003fe648  _IQ26mpyRndSatTable                              
0     003fe654  _IQ25mpyRndSatTable                              
0     003fe660  _IQ24mpyRndSatTable                              
0     003fe66c  _IQ23mpyRndSatTable                              
0     003fe678  _IQ22mpyRndSatTable                              
0     003fe684  _IQ21mpyRndSatTable                              
0     003fe690  _IQ20mpyRndSatTable                              
0     003fe69c  _IQ19mpyRndSatTable                              
0     003fe6a8  _IQ18mpyRndSatTable                              
0     003fe6b4  _IQ17mpyRndSatTable                              
0     003fe6c0  _IQ16mpyRndSatTable                              
0     003fe6cc  _IQ15mpyRndSatTable                              
0     003fe6d8  _IQ14mpyRndSatTable                              
0     003fe6e4  _IQ13mpyRndSatTable                              
0     003fe6f0  _IQ12mpyRndSatTable                              
0     003fe6fc  _IQ11mpyRndSatTable                              
0     003fe708  _IQ10mpyRndSatTable                              
0     003fe714  _IQ9mpyRndSatTable                               
0     003fe720  _IQ8mpyRndSatTable                               
0     003fe72c  _IQ7mpyRndSatTable                               
0     003fe738  _IQ6mpyRndSatTable                               
0     003fe744  _IQ5mpyRndSatTable                               
0     003fe750  _IQ4mpyRndSatTable                               
0     003fe75c  _IQ3mpyRndSatTable                               
0     003fe768  _IQ2mpyRndSatTable                               
0     003fe774  _IQ1mpyRndSatTable                               
0     003fe780  _IQmpyRndSatTableEnd                             
1     00000400  __stack                                          
1     000007b0  __STACK_END                                      
abs   00000036  _RamfuncsLoadSize                                
abs   000003b0  __STACK_SIZE                                     
abs   003f861b  _EST_getState                                    
abs   003f861d  _EST_useZeroIq_ref                               
abs   003f8679  _EST_isMotorIdentified                           
abs   003f8713  _EST_updateState                                 
abs   003f89f5  _EST_updateId_ref_pu                             
abs   003f8a18  _EST_setRs_pu                                    
abs   003f8adb  _EST_setMaxCurrentSlope_pu                       
abs   003f8ae7  _EST_setLs_q_pu                                  
abs   003f8af1  _EST_setLs_qFmt                                  
abs   003f8b45  _EST_setLs_d_pu                                  
abs   003f8b63  _EST_setIq_ref_pu                                
abs   003f8b67  _EST_setIdle_all                                 
abs   003f8b7a  _EST_setIdle                                     
abs   003f8b80  _EST_setId_ref_pu                                
abs   003f8bd3  _EST_setFlag_enableRsRecalc                      
abs   003f8bdb  _EST_setFlag_enableForceAngle                    
abs   003f8c0d  _EST_getAngle_pu                                 
abs   003f927b  _EST_run                                         
abs   003f9378  _EST_isOnLine                                    
abs   003f937f  _EST_isLockRotor                                 
abs   003f9386  _EST_isIdle                                      
abs   003f938d  _EST_isError                                     
abs   003f9453  _EST_get_pu_to_krpm_sf                           
abs   003f9458  _EST_get_krpm_to_pu_sf                           
abs   003f94c6  _EST_getSpeed_krpm                               
abs   003f9513  _EST_getRs_Ohm                                   
abs   003f95ad  _EST_getRr_Ohm                                   
abs   003f95b3  _EST_getOneOverDcBus_pu                          
abs   003f95bd  _EST_getMaxCurrentSlope_pu                       
abs   003f95c9  _EST_getLs_q_pu                                  
abs   003f95ce  _EST_getLs_q_H                                   
abs   003f95f0  _EST_getLs_d_pu                                  
abs   003f95f5  _EST_getLs_d_H                                   
abs   003f95ff  _EST_getLs_coarse_max_pu                         
abs   003f9632  _EST_getIdRated                                  
abs   003f968e  _EST_getFm_pu                                    
abs   003f96ab  _EST_getFlux_pu                                  
abs   003f96be  _EST_getFlux_VpHz                                
abs   003f9758  _EST_doSpeedCtrl                                 
abs   003f9760  _EST_doCurrentCtrl                               
abs   003f9806  _CTRL_setupTraj                                  
abs   003f996a  _CTRL_setupEstOnLineState                        
abs   003f99a5  _CTRL_setupEstIdleState                          
abs   003f9b43  _CTRL_setupCtrl                                  
abs   003f9d31  _CTRL_setUserMotorParams                         
abs   003f9e64  _CTRL_setEstParams                               
abs   003fa5d1  _CTRL_runTraj                                    
abs   003fa6fb  _CTRL_initCtrl                                   
abs   003fa721  _CTRL_getVersion                                 
abs   003fb9ad  _s0_conf                                         
abs   003fb9dd  _s0_calc                                         
abs   003fbae7  _s2_calc                                         
abs   003fbb85  _s4_calc                                         
abs   003fbc34  _s4_conf                                         
abs   003fbc58  _s4_reset                                        
abs   003fbc6d  _spintac_rom_ver                                 
abs   003fbc72  _s8_reset                                        
abs   003fbc7d  _s8_cfg                                          
abs   003fbc9b  _s8_calc                                         
abs   003fbd37  _s8_get                                          
abs   ffffffff  ___binit__                                       
abs   ffffffff  ___c_args__                                      
abs   ffffffff  ___pinit__                                       
abs   ffffffff  binit                                            
abs   ffffffff  pinit                                            

[681 symbols]
