******************************************************************************
             TMS320C2000 Linker PC v6.4.4                      
******************************************************************************
>> Linked Wed Jul 08 12:49:09 2015

OUTPUT FILE NAME:   <foc_proj_lab07.out>
ENTRY POINT SYMBOL: "_c_int00"  address: 0000b014


MEMORY CONFIGURATION

         name            origin    length      used     unused   attr    fill
----------------------  --------  ---------  --------  --------  ----  --------
PAGE 0:
  BEGIN                 00000000   00000002  00000002  00000000  RWIX
  RAMM0                 00000050   000003b0  000000f0  000002c0  RWIX
  RAML0_L6              00008000   00008000  000036f4  0000490c  RWIX
  FPUTABLES             003fd590   000006a0  00000000  000006a0  RWIX
  IQTABLES              003fdc30   00000b50  00000b50  00000000  RWIX
  IQTABLES2             003fe780   0000008c  00000000  0000008c  RWIX
  IQTABLES3             003fe80c   000000aa  00000000  000000aa  RWIX
  BOOTROM               003ff3b0   00000c10  00000000  00000c10  RWIX
  RESET                 003fffc0   00000002  00000000  00000002  RWIX

PAGE 1:
  BOOT_RSVD             00000002   0000004e  00000000  0000004e  RWIX
  RAMM1                 00000400   00000400  000003b0  00000050  RWIX
  USB_RAM               00040000   00000800  00000000  00000800  RWIX


SECTION ALLOCATION MAP

 output                                  attributes/
section   page    origin      length       input sections
--------  ----  ----------  ----------   ----------------
codestart 
*          0    00000000    00000002     
                  00000000    00000002     CodeStartBranch.obj (codestart)

.cinit     0    00000050    000000ba     
                  00000050    0000009c     proj_lab07.obj (.cinit)
                  000000ec    0000000a     rts2800_ml.lib : exit.obj (.cinit)
                  000000f6    00000005                    : _lock.obj (.cinit:__lock)
                  000000fb    00000005                    : _lock.obj (.cinit:__unlock)
                  00000100    00000004     drv8301.obj (.cinit)
                  00000104    00000004     rts2800_ml.lib : errno.obj (.cinit)
                  00000108    00000002     --HOLE-- [fill = 0]

ramfuncs   0    0000010a    00000036     
                  0000010a    00000032     flash.obj (ramfuncs)
                  0000013c    00000004     usDelay.obj (ramfuncs)

.text      0    00008000    000033c0     
                  00008000    00000a99     hal.obj (.text)
                  00008a99    0000097a     ctrl.obj (.text)
                  00009413    00000496     user.obj (.text)
                  000098a9    00000410     proj_lab07.obj (.text)
                  00009cb9    000002f7     pwm.obj (.text)
                  00009fb0    000002d4     drv8301.obj (.text)
                  0000a284    000001fa     adc.obj (.text)
                  0000a47e    00000197     gpio.obj (.text)
                  0000a615    0000018b     clk.obj (.text)
                  0000a7a0    0000015d     proj_lab07.obj (.text:retain)
                  0000a8fd    00000102     pie.obj (.text)
                  0000a9ff    000000ad     rts2800_ml.lib : log.obj (.text)
                  0000aaac    000000aa     spi.obj (.text)
                  0000ab56    0000009f     rts2800_ml.lib : exp.obj (.text)
                  0000abf5    0000008f                    : _log.obj (.text)
                  0000ac84    00000088                    : pow.obj (.text)
                  0000ad0c    00000083                    : fd_mpy.obj (.text)
                  0000ad8f    00000083                    : fs_div.obj (.text)
                  0000ae12    00000078                    : fs_add.obj (.text)
                  0000ae8a    0000005c     pll.obj (.text)
                  0000aee6    0000005a     rts2800_ml.lib : fs_mpy.obj (.text)
                  0000af40    00000048     offset.obj (.text)
                  0000af88    00000047     wdog.obj (.text)
                  0000afcf    00000045     pwr.obj (.text)
                  0000b014    00000044     rts2800_ml.lib : boot.obj (.text)
                  0000b058    00000041                    : ldexp.obj (.text)
                  0000b099    00000039     fem.obj (.text)
                  0000b0d2    00000033     rts2800_ml.lib : modf.obj (.text)
                  0000b105    00000033     timer.obj (.text)
                  0000b138    0000002e     osc.obj (.text)
                  0000b166    00000029     rts2800_ml.lib : fs_tol.obj (.text)
                  0000b18f    00000025     cpu.obj (.text)
                  0000b1b4    00000025     rts2800_ml.lib : fs_toi.obj (.text)
                  0000b1d9    00000022     filter_fo.obj (.text)
                  0000b1fb    00000022     rts2800_ml.lib : i_div.obj (.text)
                  0000b21d    00000021     flash.obj (.text)
                  0000b23e    00000021     rts2800_ml.lib : fs_toul.obj (.text)
                  0000b25f    0000001f                    : fd_tol.obj (.text)
                  0000b27e    0000001d     cpu_usage.obj (.text)
                  0000b29b    0000001d     rts2800_ml.lib : fs_tou.obj (.text)
                  0000b2b8    0000001d                    : memcpy.obj (.text)
                  0000b2d5    0000001c                    : fs_tofd.obj (.text)
                  0000b2f1    0000001a                    : i_tofs.obj (.text)
                  0000b30b    0000001a                    : l_tofs.obj (.text)
                  0000b325    00000019                    : args_main.obj (.text)
                  0000b33e    00000019                    : exit.obj (.text)
                  0000b357    00000017                    : fs_cmp.obj (.text)
                  0000b36e    00000014                    : frexp.obj (.text)
                  0000b382    00000013                    : ul_tofs.obj (.text)
                  0000b395    00000010                    : u_tofs.obj (.text)
                  0000b3a5    00000009                    : _lock.obj (.text)
                  0000b3ae    00000008     CodeStartBranch.obj (.text)
                  0000b3b6    00000005     pie.obj (.text:retain)
                  0000b3bb    00000005     rts2800_ml.lib : fs_neg.obj (.text)

.pinit     0    00000050    00000000     UNINITIALIZED

.reset     0    003fffc0    00000002     DSECT
                  003fffc0    00000002     rts2800_ml.lib : boot.obj (.reset)

.ebss      0    0000b3c0    00000266     UNINITIALIZED
                  0000b3c0    000001ac     proj_lab07.obj (.ebss)
                  0000b56c    00000004     rts2800_ml.lib : exit.obj (.ebss)
                  0000b570    00000002                    : _lock.obj (.ebss:__lock)
                  0000b572    00000002                    : _lock.obj (.ebss:__unlock)
                  0000b574    00000002     drv8301.obj (.ebss)
                  0000b576    00000001     cpu.obj (.ebss)
                  0000b577    00000001     rts2800_ml.lib : errno.obj (.ebss)
                  0000b578    00000008     --HOLE--
                  0000b580    000000a6     hal.obj (.ebss)

IQmath     0    0000b626    000000a6     
                  0000b626    00000042     IQmath.lib : IQ24sqrt.obj (IQmath)
                  0000b668    00000029                : IQ24sinPU.obj (IQmath)
                  0000b691    00000027                : IQ24cosPU.obj (IQmath)
                  0000b6b8    00000014                : IQ30toF.obj (IQmath)

.econst    0    0000b6cc    00000028     
                  0000b6cc    0000001c     ctrl.obj (.econst)
                  0000b6e8    00000008     user.obj (.econst)
                  0000b6f0    00000004     hal.obj (.econst)

IQmathTables 
*          0    003fdc30    00000b50     NOLOAD SECTION
                  003fdc30    00000b50     IQmath.lib : IQmathTables.obj (IQmathTables)

.stack     1    00000400    000003b0     UNINITIALIZED
                  00000400    000003b0     --HOLE--


GLOBAL DATA SYMBOLS: SORTED BY DATA PAGE

address     data page           name
--------    ----------------    ----
00000400      10 (00000400)     __stack

0000b3c0     2cf (0000b3c0)     _gLEDcnt
0000b3c1     2cf (0000b3c0)     _Flag_Latch_softwareUpdate
0000b3c2     2cf (0000b3c0)     _gCounter_updateGlobals
0000b3c4     2cf (0000b3c0)     _gCpuUsagePercentageMax
0000b3c6     2cf (0000b3c0)     _gFlux_pu_to_Wb_sf
0000b3c8     2cf (0000b3c0)     _gCpuUsagePercentageAvg
0000b3ca     2cf (0000b3c0)     _gFlux_pu_to_VpHz_sf
0000b3cc     2cf (0000b3c0)     _controller_obj
0000b3ce     2cf (0000b3c0)     _gTorque_Flux_Iq_pu_to_Nm_sf
0000b3d0     2cf (0000b3c0)     _gMaxCurrentSlope
0000b3d2     2cf (0000b3c0)     _gTorque_Ls_Id_Iq_pu_to_Nm_sf
0000b3d4     2cf (0000b3c0)     _gNumFreqErrors
0000b3d6     2cf (0000b3c0)     _femHandle
0000b3d8     2cf (0000b3c0)     _cpu_usageHandle
0000b3da     2cf (0000b3c0)     _gCpuUsagePercentageMin
0000b3dc     2cf (0000b3c0)     _gMaxDeltaCntObserved
0000b3de     2cf (0000b3c0)     _halHandle
0000b3e0     2cf (0000b3c0)     _ctrlHandle
0000b3e2     2cf (0000b3c0)     _gPwmData
0000b3e8     2cf (0000b3c0)     _gAdcData

0000b400     2d0 (0000b400)     _fem
0000b412     2d0 (0000b400)     _cpu_usage
0000b428     2d0 (0000b400)     _gDrvSpi8301Vars

0000b440     2d1 (0000b440)     _gMotorVars

0000b4c0     2d3 (0000b4c0)     _gUserParams

0000b56c     2d5 (0000b540)     ___TI_cleanup_ptr
0000b56e     2d5 (0000b540)     ___TI_dtors_ptr
0000b570     2d5 (0000b540)     __lock
0000b572     2d5 (0000b540)     __unlock
0000b576     2d5 (0000b540)     _cpu
0000b577     2d5 (0000b540)     _errno

0000b580     2d6 (0000b580)     _hal

0000b626     2d8 (0000b600)     __IQ24sqrt

0000b668     2d9 (0000b640)     __IQ24sinPU

0000b691     2da (0000b680)     __IQ24cosPU
0000b6b8     2da (0000b680)     __IQ30toF

003fdc30    ff70 (003fdc00)     _IQsinTable

003fdd30    ff74 (003fdd00)     _IQcosTable

003fe030    ff80 (003fe000)     _IQsinTableEnd

003fe132    ff84 (003fe100)     _IQcosTableEnd
003fe132    ff84 (003fe100)     _IQdivRoundSatTable

003fe140    ff85 (003fe140)     _IQdivTable

003fe342    ff8d (003fe340)     _IQdivTableEnd
003fe342    ff8d (003fe340)     _IQisqrtRoundSatTable
003fe342    ff8d (003fe340)     _IQsqrtRoundSatTable
003fe352    ff8d (003fe340)     _IQisqrtTable
003fe352    ff8d (003fe340)     _IQsqrtTable

003fe454    ff91 (003fe440)     _IQatan2HalfPITable
003fe454    ff91 (003fe440)     _IQisqrtTableEnd
003fe454    ff91 (003fe440)     _IQsqrtTableEnd

003fe492    ff92 (003fe480)     _IQatan2Table

003fe618    ff98 (003fe600)     _IQ30mpyRndSatTable
003fe618    ff98 (003fe600)     _IQatan2TableEnd
003fe618    ff98 (003fe600)     _IQmpyRndSatTable
003fe624    ff98 (003fe600)     _IQ29mpyRndSatTable
003fe630    ff98 (003fe600)     _IQ28mpyRndSatTable
003fe63c    ff98 (003fe600)     _IQ27mpyRndSatTable

003fe648    ff99 (003fe640)     _IQ26mpyRndSatTable
003fe654    ff99 (003fe640)     _IQ25mpyRndSatTable
003fe660    ff99 (003fe640)     _IQ24mpyRndSatTable
003fe66c    ff99 (003fe640)     _IQ23mpyRndSatTable
003fe678    ff99 (003fe640)     _IQ22mpyRndSatTable

003fe684    ff9a (003fe680)     _IQ21mpyRndSatTable
003fe690    ff9a (003fe680)     _IQ20mpyRndSatTable
003fe69c    ff9a (003fe680)     _IQ19mpyRndSatTable
003fe6a8    ff9a (003fe680)     _IQ18mpyRndSatTable
003fe6b4    ff9a (003fe680)     _IQ17mpyRndSatTable

003fe6c0    ff9b (003fe6c0)     _IQ16mpyRndSatTable
003fe6cc    ff9b (003fe6c0)     _IQ15mpyRndSatTable
003fe6d8    ff9b (003fe6c0)     _IQ14mpyRndSatTable
003fe6e4    ff9b (003fe6c0)     _IQ13mpyRndSatTable
003fe6f0    ff9b (003fe6c0)     _IQ12mpyRndSatTable
003fe6fc    ff9b (003fe6c0)     _IQ11mpyRndSatTable

003fe708    ff9c (003fe700)     _IQ10mpyRndSatTable
003fe714    ff9c (003fe700)     _IQ9mpyRndSatTable
003fe720    ff9c (003fe700)     _IQ8mpyRndSatTable
003fe72c    ff9c (003fe700)     _IQ7mpyRndSatTable
003fe738    ff9c (003fe700)     _IQ6mpyRndSatTable

003fe744    ff9d (003fe740)     _IQ5mpyRndSatTable
003fe750    ff9d (003fe740)     _IQ4mpyRndSatTable
003fe75c    ff9d (003fe740)     _IQ3mpyRndSatTable
003fe768    ff9d (003fe740)     _IQ2mpyRndSatTable
003fe774    ff9d (003fe740)     _IQ1mpyRndSatTable

003fe780    ff9e (003fe780)     _IQmpyRndSatTableEnd


GLOBAL SYMBOLS: SORTED ALPHABETICALLY BY Name 

page  address   name                                             
----  -------   ----                                             
0     00008000  .text                                            
0     0000b33e  C$$EXIT                                          
0     0000ad0c  FD$$MPY                                          
0     0000b25f  FD$$TOL                                          
0     0000ae17  FS$$ADD                                          
0     0000b357  FS$$CMP                                          
0     0000ad8f  FS$$DIV                                          
0     0000aee6  FS$$MPY                                          
0     0000b3bb  FS$$NEG                                          
0     0000ae12  FS$$SUB                                          
0     0000b2d5  FS$$TOFD                                         
0     0000b1b4  FS$$TOI                                          
0     0000b166  FS$$TOL                                          
0     0000b29b  FS$$TOU                                          
0     0000b23e  FS$$TOUL                                         
0     0000b1fb  I$$DIV                                           
0     0000b20c  I$$MOD                                           
0     0000b2f1  I$$TOFS                                          
0     0000b30b  L$$TOFS                                          
0     0000b395  U$$TOFS                                          
0     0000b382  UL$$TOFS                                         
0     0000a474  _ADC_disable                                     
0     0000a46a  _ADC_disableBandGap                              
0     0000a453  _ADC_disableInt                                  
0     0000a449  _ADC_disableNoOverlapMode                        
0     0000a43f  _ADC_disableRefBuffers                           
0     0000a435  _ADC_disableVoltRefLoConv                        
0     0000a42b  _ADC_enable                                      
0     0000a421  _ADC_enableBandGap                               
0     0000a40b  _ADC_enableInt                                   
0     0000a401  _ADC_enableNoOverlapMode                         
0     0000a3f7  _ADC_enableRefBuffers                            
0     0000a3ed  _ADC_enableVoltRefLoConv                         
0     0000a3e3  _ADC_getDivideSelect                             
0     0000a3da  _ADC_init                                        
0     0000a3d0  _ADC_powerDown                                   
0     0000a3c6  _ADC_powerUp                                     
0     0000a3bc  _ADC_reset                                       
0     0000a3ab  _ADC_setDivideSelect                             
0     0000a38a  _ADC_setIntMode                                  
0     0000a379  _ADC_setIntPulseGenMode                          
0     0000a358  _ADC_setIntSrc                                   
0     0000a34e  _ADC_setOffTrim                                  
0     0000a337  _ADC_setSampleMode                               
0     0000a324  _ADC_setSampleOverlapMode                        
0     0000a310  _ADC_setSocChanNumber                            
0     0000a303  _ADC_setSocFrc                                   
0     0000a2f9  _ADC_setSocFrcWord                               
0     0000a2e5  _ADC_setSocSampleDelay                           
0     0000a2d1  _ADC_setSocTrigSrc                               
0     0000a2c0  _ADC_setTempSensorSrc                            
0     0000a2af  _ADC_setVoltRefSrc                               
0     0000a284  _ADC_setupSocTrigSrc                             
0     0000a799  _CLK_disableAdcClock                             
0     0000a792  _CLK_disableClaClock                             
0     0000a78c  _CLK_disableClkIn                                
0     0000a788  _CLK_disableCompClock                            
0     0000a781  _CLK_disableCpuTimerClock                        
0     0000a77b  _CLK_disableCrystalOsc                           
0     0000a774  _CLK_disableEcanaClock                           
0     0000a76d  _CLK_disableEcap1Clock                           
0     0000a766  _CLK_disableEqep1Clock                           
0     0000a75f  _CLK_disableEqep2Clock                           
0     0000a758  _CLK_disableGpioInputClock                       
0     0000a751  _CLK_disableHrPwmClock                           
0     0000a74a  _CLK_disableI2cClock                             
0     0000a743  _CLK_disableLinAClock                            
0     0000a73d  _CLK_disableOsc1                                 
0     0000a737  _CLK_disableOsc1HaltMode                         
0     0000a731  _CLK_disableOsc2                                 
0     0000a72b  _CLK_disableOsc2HaltMode                         
0     0000a721  _CLK_disablePwmClock                             
0     0000a71a  _CLK_disableSciaClock                            
0     0000a713  _CLK_disableScibClock                            
0     0000a70c  _CLK_disableSpiaClock                            
0     0000a708  _CLK_disableSpibClock                            
0     0000a701  _CLK_disableTbClockSync                          
0     0000a6fb  _CLK_disableWatchDogHaltMode                     
0     0000a6f4  _CLK_enableAdcClock                              
0     0000a6ed  _CLK_enableClaClock                              
0     0000a6e7  _CLK_enableClkIn                                 
0     0000a6e1  _CLK_enableCompClock                             
0     0000a6db  _CLK_enableCpuTimerClock                         
0     0000a6d5  _CLK_enableCrystalOsc                            
0     0000a6ce  _CLK_enableEcanaClock                            
0     0000a6c7  _CLK_enableEcap1Clock                            
0     0000a6c0  _CLK_enableEqep1Clock                            
0     0000a6b9  _CLK_enableEqep2Clock                            
0     0000a6b2  _CLK_enableGpioInputClock                        
0     0000a6ab  _CLK_enableHrPwmClock                            
0     0000a6a4  _CLK_enableI2cClock                              
0     0000a69d  _CLK_enableLinAClock                             
0     0000a697  _CLK_enableOsc1                                  
0     0000a691  _CLK_enableOsc1HaltMode                          
0     0000a68b  _CLK_enableOsc2                                  
0     0000a685  _CLK_enableOsc2HaltMode                          
0     0000a67c  _CLK_enablePwmClock                              
0     0000a675  _CLK_enableSciaClock                             
0     0000a66e  _CLK_enableScibClock                             
0     0000a667  _CLK_enableSpiaClock                             
0     0000a660  _CLK_enableSpibClock                             
0     0000a659  _CLK_enableTbClockSync                           
0     0000a653  _CLK_enableWatchDogHaltMode                      
0     0000a64c  _CLK_init                                        
0     0000a645  _CLK_setClkOutPreScaler                          
0     0000a63f  _CLK_setLowSpdPreScaler                          
0     0000a638  _CLK_setOsc2Src                                  
0     0000a631  _CLK_setOscSrc                                   
0     0000a62a  _CLK_setTimer2PreScale                           
0     0000a623  _CLK_setTimer2Src                                
0     0000a61c  _CLK_setWatchDogSrc                              
0     0000a615  _CLK_setXClkInSrc                                
0     0000b294  _CPU_USAGE_init                                  
0     0000b27e  _CPU_USAGE_setParams                             
0     0000b1b1  _CPU_clearIntFlags                               
0     0000b1ae  _CPU_disableDebugInt                             
0     0000b1ab  _CPU_disableGlobalInts                           
0     0000b1a6  _CPU_disableInt                                  
0     0000b1a3  _CPU_disableInts                                 
0     0000b1a0  _CPU_disableProtectedRegisterWrite               
0     0000b19d  _CPU_enableDebugInt                              
0     0000b19a  _CPU_enableGlobalInts                            
0     0000b196  _CPU_enableInt                                   
0     0000b193  _CPU_enableProtectedRegisterWrite                
0     0000b18f  _CPU_init                                        
0     000093d7  _CTRL_getGains                                   
0     000093d0  _CTRL_getIab_filt_pu                             
0     000093c9  _CTRL_getIab_in_pu                               
0     000093c2  _CTRL_getIdq_in_pu                               
0     000093bb  _CTRL_getIdq_ref_pu                              
0     00009410  _CTRL_getMagCurrent_pu                           
0     0000940d  _CTRL_getMaximumSpeed_pu                         
0     000093b4  _CTRL_getVab_in_pu                               
0     000093ad  _CTRL_getVab_out_pu                              
0     000093a6  _CTRL_getVdq_out_pu                              
abs   003fa721  _CTRL_getVersion                                 
0     0000939d  _CTRL_getWaitTimes                               
abs   003fa6fb  _CTRL_initCtrl                                   
0     00008e8e  _CTRL_run                                        
abs   003fa5d1  _CTRL_runTraj                                    
abs   003f9e64  _CTRL_setEstParams                               
0     00008c0d  _CTRL_setGains                                   
0     00009407  _CTRL_setMagCurrent_pu                           
0     0000940a  _CTRL_setMaximumSpeed_pu                         
0     00008c35  _CTRL_setParams                                  
0     00008bfa  _CTRL_setSpd_ref_krpm                            
0     00008bf7  _CTRL_setSpd_ref_pu                              
abs   003f9d31  _CTRL_setUserMotorParams                         
0     00008bee  _CTRL_setWaitTimes                               
0     00008be3  _CTRL_setup                                      
0     00008bc7  _CTRL_setupClarke_I                              
0     00008bb1  _CTRL_setupClarke_V                              
abs   003f9b43  _CTRL_setupCtrl                                  
abs   003f99a5  _CTRL_setupEstIdleState                          
abs   003f996a  _CTRL_setupEstOnLineState                        
abs   003f9806  _CTRL_setupTraj                                  
0     00008b4d  _CTRL_setup_user                                 
0     00008a99  _CTRL_updateState                                
0     0000a261  _DRV8301_enable                                  
0     0000a24f  _DRV8301_getDcCalMode                            
0     0000a234  _DRV8301_getFaultType                            
0     0000a22e  _DRV8301_getId                                   
0     0000a227  _DRV8301_getOcLevel                              
0     0000a220  _DRV8301_getOcMode                               
0     0000a219  _DRV8301_getOcOffTimeMode                        
0     0000a212  _DRV8301_getOcTwMode                             
0     0000a20b  _DRV8301_getPeakCurrent                          
0     0000a204  _DRV8301_getPwmMode                              
0     0000a1fd  _DRV8301_getShuntAmpGain                         
0     0000a1f3  _DRV8301_init                                    
0     0000a1ed  _DRV8301_isFault                                 
0     0000a1e6  _DRV8301_isReset                                 
0     0000a170  _DRV8301_readData                                
0     00009ff0  _DRV8301_readSpi                                 
0     0000a161  _DRV8301_reset                                   
0     0000a142  _DRV8301_setDcCalMode                            
0     0000a140  _DRV8301_setGpioHandle                           
0     0000a13e  _DRV8301_setGpioNumber                           
0     0000a12a  _DRV8301_setOcLevel                              
0     0000a116  _DRV8301_setOcMode                               
0     0000a102  _DRV8301_setOcOffTimeMode                        
0     0000a0ee  _DRV8301_setOcTwMode                             
0     0000a0da  _DRV8301_setPeakCurrent                          
0     0000a0c6  _DRV8301_setPwmMode                              
0     0000a0b2  _DRV8301_setShuntAmpGain                         
0     0000a0b0  _DRV8301_setSpiHandle                            
0     0000a029  _DRV8301_setupSpi                                
0     00009fc7  _DRV8301_writeData                               
0     00009fb0  _DRV8301_writeSpi                                
abs   003f9760  _EST_doCurrentCtrl                               
abs   003f9758  _EST_doSpeedCtrl                                 
abs   003f8c0d  _EST_getAngle_pu                                 
abs   003f96be  _EST_getFlux_VpHz                                
abs   003f96ab  _EST_getFlux_pu                                  
abs   003f968e  _EST_getFm_pu                                    
abs   003f9632  _EST_getIdRated                                  
abs   003f95ff  _EST_getLs_coarse_max_pu                         
abs   003f95f5  _EST_getLs_d_H                                   
abs   003f95f0  _EST_getLs_d_pu                                  
abs   003f95ce  _EST_getLs_q_H                                   
abs   003f95c9  _EST_getLs_q_pu                                  
abs   003f95bd  _EST_getMaxCurrentSlope_pu                       
abs   003f95b3  _EST_getOneOverDcBus_pu                          
abs   003f95ad  _EST_getRr_Ohm                                   
abs   003f953d  _EST_getRsOnLine_Ohm                             
abs   003f9513  _EST_getRs_Ohm                                   
abs   003f94dd  _EST_getRs_qFmt                                  
abs   003f94c6  _EST_getSpeed_krpm                               
abs   003f861b  _EST_getState                                    
abs   003f9458  _EST_get_krpm_to_pu_sf                           
abs   003f9453  _EST_get_pu_to_krpm_sf                           
abs   003f938d  _EST_isError                                     
abs   003f9386  _EST_isIdle                                      
abs   003f937f  _EST_isLockRotor                                 
abs   003f8679  _EST_isMotorIdentified                           
abs   003f9378  _EST_isOnLine                                    
abs   003f927b  _EST_run                                         
abs   003f8bdb  _EST_setFlag_enableForceAngle                    
abs   003f8bd7  _EST_setFlag_enableRsOnLine                      
abs   003f8bd3  _EST_setFlag_enableRsRecalc                      
abs   003f8bcb  _EST_setFlag_updateRs                            
abs   003f8b80  _EST_setId_ref_pu                                
abs   003f8b7a  _EST_setIdle                                     
abs   003f8b67  _EST_setIdle_all                                 
abs   003f8b63  _EST_setIq_ref_pu                                
abs   003f8b45  _EST_setLs_d_pu                                  
abs   003f8af1  _EST_setLs_qFmt                                  
abs   003f8ae7  _EST_setLs_q_pu                                  
abs   003f8adb  _EST_setMaxCurrentSlope_pu                       
abs   003f8a78  _EST_setRsOnLineId_mag_pu                        
abs   003f8a72  _EST_setRsOnLineId_pu                            
abs   003f8a4e  _EST_setRsOnLine_pu                              
abs   003f8a48  _EST_setRsOnLine_qFmt                            
abs   003f8a18  _EST_setRs_pu                                    
abs   003f89f5  _EST_updateId_ref_pu                             
abs   003f8713  _EST_updateState                                 
abs   003f861d  _EST_useZeroIq_ref                               
0     0000b0cb  _FEM_init                                        
0     0000b099  _FEM_setParams                                   
0     0000b1f8  _FILTER_FO_getDenCoeffs                          
0     0000b1f1  _FILTER_FO_getInitialConditions                  
0     0000b1eb  _FILTER_FO_getNumCoeffs                          
0     0000b1e4  _FILTER_FO_init                                  
0     0000b1e2  _FILTER_FO_setDenCoeffs                          
0     0000b1dd  _FILTER_FO_setInitialConditions                  
0     0000b1d9  _FILTER_FO_setNumCoeffs                          
0     0000b238  _FLASH_clear3VStatus                             
0     00000136  _FLASH_disablePipelineMode                       
0     00000130  _FLASH_enablePipelineMode                        
0     0000b235  _FLASH_get3VStatus                               
0     0000b232  _FLASH_getActiveWaitCount                        
0     0000b22e  _FLASH_getActiveWaitStatus                       
0     0000b22b  _FLASH_getPowerMode                              
0     0000b228  _FLASH_getStandbyWaitCount                       
0     0000b224  _FLASH_getStandbyWaitStatus                      
0     0000b21d  _FLASH_init                                      
0     0000012b  _FLASH_setActiveWaitCount                        
0     00000124  _FLASH_setNumPagedReadWaitStates                 
0     0000011d  _FLASH_setNumRandomReadWaitStates                
0     00000116  _FLASH_setOtpWaitStates                          
0     0000010f  _FLASH_setPowerMode                              
0     0000010a  _FLASH_setStandbyWaitCount                       
0     0000b3c1  _Flag_Latch_softwareUpdate                       
0     0000a606  _GPIO_getData                                    
0     0000a5ff  _GPIO_getPortData                                
0     0000a5f8  _GPIO_init                                       
0     0000a5ee  _GPIO_lpmSelect                                  
0     0000a5ce  _GPIO_read                                       
0     0000a5b3  _GPIO_setDirection                               
0     0000a5a8  _GPIO_setExtInt                                  
0     0000a597  _GPIO_setHigh                                    
0     0000a586  _GPIO_setLow                                     
0     0000a54a  _GPIO_setMode                                    
0     0000a53f  _GPIO_setPortData                                
0     0000a524  _GPIO_setPullup                                  
0     0000a4de  _GPIO_setQualification                           
0     0000a48f  _GPIO_setQualificationPeriod                     
0     0000a47e  _GPIO_toggle                                     
0     00008575  _HAL_AdcCalChanSelect                            
0     000085cc  _HAL_AdcCalConversion                            
0     0000872e  _HAL_AdcOffsetSelfCal                            
0     000087fb  _HAL_OscTempComp                                 
0     00008854  _HAL_cal                                         
0     00008a95  _HAL_disableGlobalInts                           
0     00008988  _HAL_disableWdog                                 
0     00008a83  _HAL_enableAdcInts                               
0     00008a7f  _HAL_enableDebugInt                              
0     00008a7a  _HAL_enableDrv                                   
0     00008a76  _HAL_enableGlobalInts                            
0     00008a65  _HAL_enablePwmInt                                
0     00008a55  _HAL_enableTimer0Int                             
0     00008761  _HAL_getOscTrimValue                             
0     0000898d  _HAL_init                                        
0     00008777  _HAL_osc1Comp                                    
0     000087b9  _HAL_osc2Comp                                    
0     00008983  _HAL_readDrvData                                 
0     0000886b  _HAL_setParams                                   
0     000084be  _HAL_setupAdcs                                   
0     000084a2  _HAL_setupClks                                   
0     0000849d  _HAL_setupDrvSpi                                 
0     00008483  _HAL_setupFaults                                 
0     00008465  _HAL_setupFlash                                  
0     00008450  _HAL_setupGate                                   
0     000082b4  _HAL_setupGpios                                  
0     00008260  _HAL_setupPeripheralClks                         
0     00008244  _HAL_setupPie                                    
0     00008205  _HAL_setupPll                                    
0     00008182  _HAL_setupPwmDacs                                
0     000080a6  _HAL_setupPwms                                   
0     00008070  _HAL_setupSpiA                                   
0     0000803a  _HAL_setupSpiB                                   
0     00008005  _HAL_setupTimers                                 
0     00008000  _HAL_writeDrvData                                
0     003fe708  _IQ10mpyRndSatTable                              
0     003fe6fc  _IQ11mpyRndSatTable                              
0     003fe6f0  _IQ12mpyRndSatTable                              
0     003fe6e4  _IQ13mpyRndSatTable                              
0     003fe6d8  _IQ14mpyRndSatTable                              
0     003fe6cc  _IQ15mpyRndSatTable                              
0     003fe6c0  _IQ16mpyRndSatTable                              
0     003fe6b4  _IQ17mpyRndSatTable                              
0     003fe6a8  _IQ18mpyRndSatTable                              
0     003fe69c  _IQ19mpyRndSatTable                              
0     003fe774  _IQ1mpyRndSatTable                               
0     003fe690  _IQ20mpyRndSatTable                              
0     003fe684  _IQ21mpyRndSatTable                              
0     003fe678  _IQ22mpyRndSatTable                              
0     003fe66c  _IQ23mpyRndSatTable                              
0     003fe660  _IQ24mpyRndSatTable                              
0     003fe654  _IQ25mpyRndSatTable                              
0     003fe648  _IQ26mpyRndSatTable                              
0     003fe63c  _IQ27mpyRndSatTable                              
0     003fe630  _IQ28mpyRndSatTable                              
0     003fe624  _IQ29mpyRndSatTable                              
0     003fe768  _IQ2mpyRndSatTable                               
0     003fe618  _IQ30mpyRndSatTable                              
0     003fe75c  _IQ3mpyRndSatTable                               
0     003fe750  _IQ4mpyRndSatTable                               
0     003fe744  _IQ5mpyRndSatTable                               
0     003fe738  _IQ6mpyRndSatTable                               
0     003fe72c  _IQ7mpyRndSatTable                               
0     003fe720  _IQ8mpyRndSatTable                               
0     003fe714  _IQ9mpyRndSatTable                               
0     003fe454  _IQatan2HalfPITable                              
0     003fe492  _IQatan2Table                                    
0     003fe618  _IQatan2TableEnd                                 
0     003fdd30  _IQcosTable                                      
0     003fe132  _IQcosTableEnd                                   
0     003fe132  _IQdivRoundSatTable                              
0     003fe140  _IQdivTable                                      
0     003fe342  _IQdivTableEnd                                   
0     003fe342  _IQisqrtRoundSatTable                            
0     003fe352  _IQisqrtTable                                    
0     003fe454  _IQisqrtTableEnd                                 
0     003fe618  _IQmpyRndSatTable                                
0     003fe780  _IQmpyRndSatTableEnd                             
0     003fdc30  _IQsinTable                                      
0     003fe030  _IQsinTableEnd                                   
0     003fe342  _IQsqrtRoundSatTable                             
0     003fe352  _IQsqrtTable                                     
0     003fe454  _IQsqrtTableEnd                                  
0     0000af79  _OFFSET_getBeta                                  
0     0000af67  _OFFSET_init                                     
0     0000af51  _OFFSET_setBeta                                  
0     0000af42  _OFFSET_setInitCond                              
0     0000af40  _OFFSET_setOffset                                
0     0000b15f  _OSC_init                                        
0     0000b152  _OSC_setCoarseTrim                               
0     0000b141  _OSC_setFineTrim                                 
0     0000b138  _OSC_setTrim                                     
0     0000a9f8  _PIE_clearAllFlags                               
0     0000a9f5  _PIE_clearAllInts                                
0     0000a9f2  _PIE_disable                                     
0     0000a9eb  _PIE_disableAllInts                              
0     0000a9e7  _PIE_disableCaptureInt                           
0     0000a9de  _PIE_disableExtInt                               
0     0000a9d4  _PIE_disableInt                                  
0     0000a9d1  _PIE_enable                                      
0     0000a9b4  _PIE_enableAdcInt                                
0     0000a9b0  _PIE_enableCaptureInt                            
0     0000a993  _PIE_enableExtInt                                
0     0000a98a  _PIE_enableInt                                   
0     0000a985  _PIE_enablePwmInt                                
0     0000a980  _PIE_enablePwmTzInt                              
0     0000a97d  _PIE_enableTimer0Int                             
0     0000a974  _PIE_forceInt                                    
0     0000a96c  _PIE_getExtIntCount                              
0     0000a965  _PIE_getIntEnables                               
0     0000a95e  _PIE_getIntFlags                                 
0     0000b3b6  _PIE_illegalIsr                                  
0     0000a955  _PIE_init                                        
0     0000a944  _PIE_registerPieIntHandler                       
0     0000a939  _PIE_registerSystemIntHandler                    
0     0000a92e  _PIE_setDefaultIntVectorTable                    
0     0000a91d  _PIE_setExtIntPolarity                           
0     0000a90a  _PIE_unregisterPieIntHandler                     
0     0000a8fd  _PIE_unregisterSystemIntHandler                  
0     0000aee0  _PLL_disable                                     
0     0000aeda  _PLL_disableClkDetect                            
0     0000aed4  _PLL_disableNormRdy                              
0     0000aece  _PLL_disableOsc                                  
0     0000aec8  _PLL_enable                                      
0     0000aec2  _PLL_enableClkDetect                             
0     0000aebc  _PLL_enableNormRdy                               
0     0000aeb6  _PLL_enableOsc                                   
0     0000aeb2  _PLL_getClkFreq                                  
0     0000aeaf  _PLL_getClkStatus                                
0     0000aeac  _PLL_getDivideSelect                             
0     0000aea9  _PLL_getLockStatus                               
0     0000aea2  _PLL_init                                        
0     0000ae9c  _PLL_resetClkDetect                              
0     0000ae96  _PLL_setClkFreq                                  
0     0000ae8f  _PLL_setDivideSelect                             
0     0000ae8a  _PLL_setLockPeriod                               
0     00009faa  _PWM_clearTripZone                               
0     00009fa7  _PWM_decrementDeadBandFallingEdgeDelay           
0     00009fa4  _PWM_decrementDeadBandRisingEdgeDelay            
0     00009f9d  _PWM_disableAutoConvert                          
0     00009f99  _PWM_disableChopping                             
0     00009f96  _PWM_disableCounterLoad                          
0     00009f93  _PWM_disableDeadBand                             
0     00009f8f  _PWM_disableDeadBandHalfCycle                    
0     00009f88  _PWM_disableDigitalCompareBlankingWindow         
0     00009f81  _PWM_disableDigitalCompareBlankingWindowInversion
0     00009f7a  _PWM_disableHrPeriod                             
0     00009f73  _PWM_disableHrPhaseSync                          
0     00009f6f  _PWM_disableInt                                  
0     00009f6b  _PWM_disableSocAPulse                            
0     00009f67  _PWM_disableSocBPulse                            
0     00009f60  _PWM_disableTripZoneInt                          
0     00009f59  _PWM_disableTripZoneSrc                          
0     00009f53  _PWM_disableTripZones                            
0     00009f4c  _PWM_enableAutoConvert                           
0     00009f48  _PWM_enableChopping                              
0     00009f45  _PWM_enableCounterLoad                           
0     00009f41  _PWM_enableDeadBandHalfCycle                     
0     00009f3a  _PWM_enableDigitalCompareBlankingWindow          
0     00009f33  _PWM_enableDigitalCompareBlankingWindowInversion 
0     00009f2c  _PWM_enableHrPeriod                              
0     00009f25  _PWM_enableHrPhaseSync                           
0     00009f21  _PWM_enableInt                                   
0     00009f1d  _PWM_enableSocAPulse                             
0     00009f19  _PWM_enableSocBPulse                             
0     00009f13  _PWM_enableTripZoneInt                           
0     00009f0d  _PWM_enableTripZoneSrc                           
0     00009f0a  _PWM_getDeadBandFallingEdgeDelay                 
0     00009f07  _PWM_getDeadBandRisingEdgeDelay                  
0     00009f03  _PWM_getIntCount                                 
0     00009eff  _PWM_getShadowStatus_CmpA                        
0     00009efb  _PWM_getShadowStatus_CmpB                        
0     00009ef6  _PWM_getSocACount                                
0     00009ef1  _PWM_getSocBCount                                
0     00009eee  _PWM_incrementDeadBandFallingEdgeDelay           
0     00009eeb  _PWM_incrementDeadBandRisingEdgeDelay            
0     00009ee4  _PWM_init                                        
0     00009edd  _PWM_setActionQualContSWForce_PwmA               
0     00009ed4  _PWM_setActionQualContSWForce_PwmB               
0     00009ecb  _PWM_setActionQual_CntDown_CmpA_PwmA             
0     00009ec2  _PWM_setActionQual_CntDown_CmpA_PwmB             
0     00009eb9  _PWM_setActionQual_CntDown_CmpB_PwmA             
0     00009eb0  _PWM_setActionQual_CntDown_CmpB_PwmB             
0     00009ea7  _PWM_setActionQual_CntUp_CmpA_PwmA               
0     00009e9e  _PWM_setActionQual_CntUp_CmpA_PwmB               
0     00009e95  _PWM_setActionQual_CntUp_CmpB_PwmA               
0     00009e8c  _PWM_setActionQual_CntUp_CmpB_PwmB               
0     00009e83  _PWM_setActionQual_Period_PwmA                   
0     00009e7a  _PWM_setActionQual_Period_PwmB                   
0     00009e73  _PWM_setActionQual_Zero_PwmA                     
0     00009e6c  _PWM_setActionQual_Zero_PwmB                     
0     00009e65  _PWM_setChoppingClkFreq                          
0     00009e5e  _PWM_setChoppingDutyCycle                        
0     00009e57  _PWM_setChoppingPulseWidth                       
0     00009e53  _PWM_setClkDiv                                   
0     00009e51  _PWM_setCount                                    
0     00009e4d  _PWM_setCounterMode                              
0     00009e4a  _PWM_setDeadBandFallingEdgeDelay                 
0     00009e43  _PWM_setDeadBandInputMode                        
0     00009e3c  _PWM_setDeadBandOutputMode                       
0     00009e35  _PWM_setDeadBandPolarity                         
0     00009e32  _PWM_setDeadBandRisingEdgeDelay                  
0     00009e18  _PWM_setDigitalCompareAEvent1                    
0     00009e08  _PWM_setDigitalCompareAEvent2                    
0     00009dee  _PWM_setDigitalCompareBEvent1                    
0     00009dde  _PWM_setDigitalCompareBEvent2                    
0     00009dd2  _PWM_setDigitalCompareBlankingPulse              
0     00009dcf  _PWM_setDigitalCompareFilterOffset               
0     00009dc5  _PWM_setDigitalCompareFilterSource               
0     00009dc2  _PWM_setDigitalCompareFilterWindow               
0     00009db3  _PWM_setDigitalCompareInput                      
0     00009daf  _PWM_setHighSpeedClkDiv                          
0     00009da5  _PWM_setHrControlMode                            
0     00009d9b  _PWM_setHrEdgeMode                               
0     00009d91  _PWM_setHrShadowMode                             
0     00009d8a  _PWM_setIntMode                                  
0     00009d83  _PWM_setIntPeriod                                
0     00009d7f  _PWM_setLoadMode_CmpA                            
0     00009d79  _PWM_setLoadMode_CmpB                            
0     00009d77  _PWM_setPeriod                                   
0     00009d72  _PWM_setPeriodHr                                 
0     00009d6e  _PWM_setPeriodLoad                               
0     00009d6c  _PWM_setPhase                                    
0     00009d68  _PWM_setPhaseDir                                 
0     00009d64  _PWM_setRunMode                                  
0     00009d5e  _PWM_setShadowMode_CmpA                          
0     00009d58  _PWM_setShadowMode_CmpB                          
0     00009d4f  _PWM_setSocAPeriod                               
0     00009d46  _PWM_setSocAPulseSrc                             
0     00009d3d  _PWM_setSocBPeriod                               
0     00009d34  _PWM_setSocBPulseSrc                             
0     00009d31  _PWM_setSwSync                                   
0     00009d2d  _PWM_setSyncMode                                 
0     00009d23  _PWM_setTripZoneDCEventSelect_DCAEVT1            
0     00009d17  _PWM_setTripZoneDCEventSelect_DCAEVT2            
0     00009d0b  _PWM_setTripZoneDCEventSelect_DCBEVT1            
0     00009cff  _PWM_setTripZoneDCEventSelect_DCBEVT2            
0     00009cf3  _PWM_setTripZoneState_DCAEVT1                    
0     00009ce7  _PWM_setTripZoneState_DCAEVT2                    
0     00009cdb  _PWM_setTripZoneState_DCBEVT1                    
0     00009ccf  _PWM_setTripZoneState_DCBEVT2                    
0     00009cc5  _PWM_setTripZoneState_TZA                        
0     00009cb9  _PWM_setTripZoneState_TZB                        
0     0000b011  _PWR_disableBrownOutReset                        
0     0000b007  _PWR_disableWatchDogInt                          
0     0000b004  _PWR_enableBrownOutReset                         
0     0000affa  _PWR_enableWatchDogInt                           
0     0000aff1  _PWR_init                                        
0     0000afe0  _PWR_setLowPowerMode                             
0     0000afcf  _PWR_setNumStandByClocks                         
0     00000140  _RamfuncsLoadEnd                                 
abs   00000036  _RamfuncsLoadSize                                
0     0000010a  _RamfuncsLoadStart                               
0     0000010a  _RamfuncsRunStart                                
0     0000ab52  _SPI_clearRxFifoInt                              
0     0000ab4e  _SPI_clearRxFifoOvf                              
0     0000ab4a  _SPI_clearTxFifoInt                              
0     0000ab47  _SPI_disableInt                                  
0     0000ab44  _SPI_disableLoopBack                             
0     0000ab41  _SPI_disableOverRunInt                           
0     0000ab3d  _SPI_disableRxFifoInt                            
0     0000ab3a  _SPI_disableTx                                   
0     0000ab36  _SPI_disableTxFifoEnh                            
0     0000ab32  _SPI_disableTxFifoInt                            
0     0000ab2f  _SPI_enable                                      
0     0000ab2b  _SPI_enableChannels                              
0     0000ab28  _SPI_enableInt                                   
0     0000ab25  _SPI_enableLoopBack                              
0     0000ab22  _SPI_enableOverRunInt                            
0     0000ab1e  _SPI_enableRxFifo                                
0     0000ab1a  _SPI_enableRxFifoInt                             
0     0000ab17  _SPI_enableTx                                    
0     0000ab13  _SPI_enableTxFifo                                
0     0000ab0f  _SPI_enableTxFifoEnh                             
0     0000ab0b  _SPI_enableTxFifoInt                             
0     0000ab08  _SPI_getIntFlagStatus                            
0     0000ab04  _SPI_getRxFifoStatus                             
0     0000ab01  _SPI_getTxBufferStatus                           
0     0000aafd  _SPI_getTxFifoStatus                             
0     0000aaf6  _SPI_init                                        
0     0000aaf3  _SPI_reset                                       
0     0000aaef  _SPI_resetChannels                               
0     0000aaeb  _SPI_resetRxFifo                                 
0     0000aae7  _SPI_resetTxFifo                                 
0     0000aae5  _SPI_setBaudRate                                 
0     0000aae1  _SPI_setCharLength                               
0     0000aadf  _SPI_setClkPhase                                 
0     0000aadb  _SPI_setClkPolarity                              
0     0000aad9  _SPI_setMode                                     
0     0000aad2  _SPI_setPriority                                 
0     0000aacb  _SPI_setRxFifoIntLevel                           
0     0000aac4  _SPI_setSteInv                                   
0     0000aabd  _SPI_setSuspend                                  
0     0000aab6  _SPI_setTriWire                                  
0     0000aab3  _SPI_setTxDelay                                  
0     0000aaac  _SPI_setTxFifoIntLevel                           
0     0000b135  _TIMER_clearFlag                                 
0     0000b132  _TIMER_disableInt                                
0     0000b12f  _TIMER_enableInt                                 
0     0000b12c  _TIMER_getStatus                                 
0     0000b125  _TIMER_init                                      
0     0000b117  _TIMER_setDecimationFactor                       
0     0000b113  _TIMER_setEmulationMode                          
0     0000b105  _TIMER_setPreScaler                              
0     000097e8  _USER_calcPIgains                                
0     000097e4  _USER_checkForErrors                             
0     000097d6  _USER_computeFlux                                
0     00009785  _USER_computeFlux_pu_to_VpHz_sf                  
0     00009734  _USER_computeFlux_pu_to_Wb_sf                    
0     000096e3  _USER_computeTorque_Flux_Iq_pu_to_Nm_sf          
0     00009694  _USER_computeTorque_Ls_Id_Iq_pu_to_Nm_sf         
0     00009647  _USER_computeTorque_Nm                           
0     000095ef  _USER_computeTorque_lbin                         
0     000095ec  _USER_getErrorCode                               
0     000095e9  _USER_setErrorCode                               
0     000094ab  _USER_setParams                                  
0     00009413  _USER_softwareUpdate1p6                          
0     0000afc7  _WDOG_clearCounter                               
0     0000afbf  _WDOG_disable                                    
0     0000afb9  _WDOG_disableInt                                 
0     0000afb3  _WDOG_disableOverRide                            
0     0000afaa  _WDOG_enable                                     
0     0000afa4  _WDOG_enableInt                                  
0     0000af9e  _WDOG_enableOverRide                             
0     0000af9b  _WDOG_getIntStatus                               
0     0000af94  _WDOG_init                                       
0     0000af92  _WDOG_setCount                                   
0     0000af88  _WDOG_setPreScaler                               
0     0000b691  __IQ24cosPU                                      
0     0000b668  __IQ24sinPU                                      
0     0000b626  __IQ24sqrt                                       
0     0000b6b8  __IQ30toF                                        
1     000007b0  __STACK_END                                      
abs   000003b0  __STACK_SIZE                                     
0     0000b56c  ___TI_cleanup_ptr                                
0     0000b56e  ___TI_dtors_ptr                                  
abs   ffffffff  ___binit__                                       
abs   ffffffff  ___c_args__                                      
0     00000050  ___cinit__                                       
0     0000b3c0  ___etext__                                       
abs   ffffffff  ___pinit__                                       
0     00008000  ___text__                                        
0     0000b325  __args_main                                      
0     0000b570  __lock                                           
0     0000abf5  __log                                            
0     0000b3ad  __nop                                            
0     0000b3a9  __register_lock                                  
0     0000b3a5  __register_unlock                                
1     00000400  __stack                                          
0     0000b572  __unlock                                         
0     0000b33e  _abort                                           
0     0000b014  _c_int00                                         
0     0000b3cc  _controller_obj                                  
0     0000b576  _cpu                                             
0     0000b412  _cpu_usage                                       
0     0000b3d8  _cpu_usageHandle                                 
0     0000b3e0  _ctrlHandle                                      
0     0000b577  _errno                                           
0     0000b340  _exit                                            
0     0000ab56  _exp                                             
0     0000b400  _fem                                             
0     0000b3d6  _femHandle                                       
0     0000b36e  _frexp                                           
0     0000b3e8  _gAdcData                                        
0     0000b3c2  _gCounter_updateGlobals                          
0     0000b3c8  _gCpuUsagePercentageAvg                          
0     0000b3c4  _gCpuUsagePercentageMax                          
0     0000b3da  _gCpuUsagePercentageMin                          
0     0000b428  _gDrvSpi8301Vars                                 
0     0000b3ca  _gFlux_pu_to_VpHz_sf                             
0     0000b3c6  _gFlux_pu_to_Wb_sf                               
0     0000b3c0  _gLEDcnt                                         
0     0000b3d0  _gMaxCurrentSlope                                
0     0000b3dc  _gMaxDeltaCntObserved                            
0     0000b440  _gMotorVars                                      
0     0000b3d4  _gNumFreqErrors                                  
0     0000b3e2  _gPwmData                                        
0     0000b3ce  _gTorque_Flux_Iq_pu_to_Nm_sf                     
0     0000b3d2  _gTorque_Ls_Id_Iq_pu_to_Nm_sf                    
0     0000b4c0  _gUserParams                                     
0     0000b580  _hal                                             
0     0000b3de  _halHandle                                       
0     0000b058  _ldexp                                           
0     0000a9ff  _log                                             
0     00009a11  _main                                            
0     0000a7a0  _mainISR                                         
0     0000b2b8  _memcpy                                          
0     0000b0d2  _modf                                            
0     0000ac84  _pow                                             
0     0000999d  _runRsOnLine                                     
0     00009945  _updateCPUusage                                  
0     000098cb  _updateGlobalVariables_motor                     
0     000098a9  _updateKpKiGains                                 
0     0000013c  _usDelay                                         
abs   ffffffff  binit                                            
0     00000050  cinit                                            
0     00000000  code_start                                       
0     0000b3c0  etext                                            
abs   ffffffff  pinit                                            


GLOBAL SYMBOLS: SORTED BY Symbol Address 

page  address   name                                             
----  -------   ----                                             
0     00000000  code_start                                       
0     00000050  ___cinit__                                       
0     00000050  cinit                                            
0     0000010a  _FLASH_setStandbyWaitCount                       
0     0000010a  _RamfuncsLoadStart                               
0     0000010a  _RamfuncsRunStart                                
0     0000010f  _FLASH_setPowerMode                              
0     00000116  _FLASH_setOtpWaitStates                          
0     0000011d  _FLASH_setNumRandomReadWaitStates                
0     00000124  _FLASH_setNumPagedReadWaitStates                 
0     0000012b  _FLASH_setActiveWaitCount                        
0     00000130  _FLASH_enablePipelineMode                        
0     00000136  _FLASH_disablePipelineMode                       
0     0000013c  _usDelay                                         
0     00000140  _RamfuncsLoadEnd                                 
0     00008000  .text                                            
0     00008000  _HAL_writeDrvData                                
0     00008000  ___text__                                        
0     00008005  _HAL_setupTimers                                 
0     0000803a  _HAL_setupSpiB                                   
0     00008070  _HAL_setupSpiA                                   
0     000080a6  _HAL_setupPwms                                   
0     00008182  _HAL_setupPwmDacs                                
0     00008205  _HAL_setupPll                                    
0     00008244  _HAL_setupPie                                    
0     00008260  _HAL_setupPeripheralClks                         
0     000082b4  _HAL_setupGpios                                  
0     00008450  _HAL_setupGate                                   
0     00008465  _HAL_setupFlash                                  
0     00008483  _HAL_setupFaults                                 
0     0000849d  _HAL_setupDrvSpi                                 
0     000084a2  _HAL_setupClks                                   
0     000084be  _HAL_setupAdcs                                   
0     00008575  _HAL_AdcCalChanSelect                            
0     000085cc  _HAL_AdcCalConversion                            
0     0000872e  _HAL_AdcOffsetSelfCal                            
0     00008761  _HAL_getOscTrimValue                             
0     00008777  _HAL_osc1Comp                                    
0     000087b9  _HAL_osc2Comp                                    
0     000087fb  _HAL_OscTempComp                                 
0     00008854  _HAL_cal                                         
0     0000886b  _HAL_setParams                                   
0     00008983  _HAL_readDrvData                                 
0     00008988  _HAL_disableWdog                                 
0     0000898d  _HAL_init                                        
0     00008a55  _HAL_enableTimer0Int                             
0     00008a65  _HAL_enablePwmInt                                
0     00008a76  _HAL_enableGlobalInts                            
0     00008a7a  _HAL_enableDrv                                   
0     00008a7f  _HAL_enableDebugInt                              
0     00008a83  _HAL_enableAdcInts                               
0     00008a95  _HAL_disableGlobalInts                           
0     00008a99  _CTRL_updateState                                
0     00008b4d  _CTRL_setup_user                                 
0     00008bb1  _CTRL_setupClarke_V                              
0     00008bc7  _CTRL_setupClarke_I                              
0     00008be3  _CTRL_setup                                      
0     00008bee  _CTRL_setWaitTimes                               
0     00008bf7  _CTRL_setSpd_ref_pu                              
0     00008bfa  _CTRL_setSpd_ref_krpm                            
0     00008c0d  _CTRL_setGains                                   
0     00008c35  _CTRL_setParams                                  
0     00008e8e  _CTRL_run                                        
0     0000939d  _CTRL_getWaitTimes                               
0     000093a6  _CTRL_getVdq_out_pu                              
0     000093ad  _CTRL_getVab_out_pu                              
0     000093b4  _CTRL_getVab_in_pu                               
0     000093bb  _CTRL_getIdq_ref_pu                              
0     000093c2  _CTRL_getIdq_in_pu                               
0     000093c9  _CTRL_getIab_in_pu                               
0     000093d0  _CTRL_getIab_filt_pu                             
0     000093d7  _CTRL_getGains                                   
0     00009407  _CTRL_setMagCurrent_pu                           
0     0000940a  _CTRL_setMaximumSpeed_pu                         
0     0000940d  _CTRL_getMaximumSpeed_pu                         
0     00009410  _CTRL_getMagCurrent_pu                           
0     00009413  _USER_softwareUpdate1p6                          
0     000094ab  _USER_setParams                                  
0     000095e9  _USER_setErrorCode                               
0     000095ec  _USER_getErrorCode                               
0     000095ef  _USER_computeTorque_lbin                         
0     00009647  _USER_computeTorque_Nm                           
0     00009694  _USER_computeTorque_Ls_Id_Iq_pu_to_Nm_sf         
0     000096e3  _USER_computeTorque_Flux_Iq_pu_to_Nm_sf          
0     00009734  _USER_computeFlux_pu_to_Wb_sf                    
0     00009785  _USER_computeFlux_pu_to_VpHz_sf                  
0     000097d6  _USER_computeFlux                                
0     000097e4  _USER_checkForErrors                             
0     000097e8  _USER_calcPIgains                                
0     000098a9  _updateKpKiGains                                 
0     000098cb  _updateGlobalVariables_motor                     
0     00009945  _updateCPUusage                                  
0     0000999d  _runRsOnLine                                     
0     00009a11  _main                                            
0     00009cb9  _PWM_setTripZoneState_TZB                        
0     00009cc5  _PWM_setTripZoneState_TZA                        
0     00009ccf  _PWM_setTripZoneState_DCBEVT2                    
0     00009cdb  _PWM_setTripZoneState_DCBEVT1                    
0     00009ce7  _PWM_setTripZoneState_DCAEVT2                    
0     00009cf3  _PWM_setTripZoneState_DCAEVT1                    
0     00009cff  _PWM_setTripZoneDCEventSelect_DCBEVT2            
0     00009d0b  _PWM_setTripZoneDCEventSelect_DCBEVT1            
0     00009d17  _PWM_setTripZoneDCEventSelect_DCAEVT2            
0     00009d23  _PWM_setTripZoneDCEventSelect_DCAEVT1            
0     00009d2d  _PWM_setSyncMode                                 
0     00009d31  _PWM_setSwSync                                   
0     00009d34  _PWM_setSocBPulseSrc                             
0     00009d3d  _PWM_setSocBPeriod                               
0     00009d46  _PWM_setSocAPulseSrc                             
0     00009d4f  _PWM_setSocAPeriod                               
0     00009d58  _PWM_setShadowMode_CmpB                          
0     00009d5e  _PWM_setShadowMode_CmpA                          
0     00009d64  _PWM_setRunMode                                  
0     00009d68  _PWM_setPhaseDir                                 
0     00009d6c  _PWM_setPhase                                    
0     00009d6e  _PWM_setPeriodLoad                               
0     00009d72  _PWM_setPeriodHr                                 
0     00009d77  _PWM_setPeriod                                   
0     00009d79  _PWM_setLoadMode_CmpB                            
0     00009d7f  _PWM_setLoadMode_CmpA                            
0     00009d83  _PWM_setIntPeriod                                
0     00009d8a  _PWM_setIntMode                                  
0     00009d91  _PWM_setHrShadowMode                             
0     00009d9b  _PWM_setHrEdgeMode                               
0     00009da5  _PWM_setHrControlMode                            
0     00009daf  _PWM_setHighSpeedClkDiv                          
0     00009db3  _PWM_setDigitalCompareInput                      
0     00009dc2  _PWM_setDigitalCompareFilterWindow               
0     00009dc5  _PWM_setDigitalCompareFilterSource               
0     00009dcf  _PWM_setDigitalCompareFilterOffset               
0     00009dd2  _PWM_setDigitalCompareBlankingPulse              
0     00009dde  _PWM_setDigitalCompareBEvent2                    
0     00009dee  _PWM_setDigitalCompareBEvent1                    
0     00009e08  _PWM_setDigitalCompareAEvent2                    
0     00009e18  _PWM_setDigitalCompareAEvent1                    
0     00009e32  _PWM_setDeadBandRisingEdgeDelay                  
0     00009e35  _PWM_setDeadBandPolarity                         
0     00009e3c  _PWM_setDeadBandOutputMode                       
0     00009e43  _PWM_setDeadBandInputMode                        
0     00009e4a  _PWM_setDeadBandFallingEdgeDelay                 
0     00009e4d  _PWM_setCounterMode                              
0     00009e51  _PWM_setCount                                    
0     00009e53  _PWM_setClkDiv                                   
0     00009e57  _PWM_setChoppingPulseWidth                       
0     00009e5e  _PWM_setChoppingDutyCycle                        
0     00009e65  _PWM_setChoppingClkFreq                          
0     00009e6c  _PWM_setActionQual_Zero_PwmB                     
0     00009e73  _PWM_setActionQual_Zero_PwmA                     
0     00009e7a  _PWM_setActionQual_Period_PwmB                   
0     00009e83  _PWM_setActionQual_Period_PwmA                   
0     00009e8c  _PWM_setActionQual_CntUp_CmpB_PwmB               
0     00009e95  _PWM_setActionQual_CntUp_CmpB_PwmA               
0     00009e9e  _PWM_setActionQual_CntUp_CmpA_PwmB               
0     00009ea7  _PWM_setActionQual_CntUp_CmpA_PwmA               
0     00009eb0  _PWM_setActionQual_CntDown_CmpB_PwmB             
0     00009eb9  _PWM_setActionQual_CntDown_CmpB_PwmA             
0     00009ec2  _PWM_setActionQual_CntDown_CmpA_PwmB             
0     00009ecb  _PWM_setActionQual_CntDown_CmpA_PwmA             
0     00009ed4  _PWM_setActionQualContSWForce_PwmB               
0     00009edd  _PWM_setActionQualContSWForce_PwmA               
0     00009ee4  _PWM_init                                        
0     00009eeb  _PWM_incrementDeadBandRisingEdgeDelay            
0     00009eee  _PWM_incrementDeadBandFallingEdgeDelay           
0     00009ef1  _PWM_getSocBCount                                
0     00009ef6  _PWM_getSocACount                                
0     00009efb  _PWM_getShadowStatus_CmpB                        
0     00009eff  _PWM_getShadowStatus_CmpA                        
0     00009f03  _PWM_getIntCount                                 
0     00009f07  _PWM_getDeadBandRisingEdgeDelay                  
0     00009f0a  _PWM_getDeadBandFallingEdgeDelay                 
0     00009f0d  _PWM_enableTripZoneSrc                           
0     00009f13  _PWM_enableTripZoneInt                           
0     00009f19  _PWM_enableSocBPulse                             
0     00009f1d  _PWM_enableSocAPulse                             
0     00009f21  _PWM_enableInt                                   
0     00009f25  _PWM_enableHrPhaseSync                           
0     00009f2c  _PWM_enableHrPeriod                              
0     00009f33  _PWM_enableDigitalCompareBlankingWindowInversion 
0     00009f3a  _PWM_enableDigitalCompareBlankingWindow          
0     00009f41  _PWM_enableDeadBandHalfCycle                     
0     00009f45  _PWM_enableCounterLoad                           
0     00009f48  _PWM_enableChopping                              
0     00009f4c  _PWM_enableAutoConvert                           
0     00009f53  _PWM_disableTripZones                            
0     00009f59  _PWM_disableTripZoneSrc                          
0     00009f60  _PWM_disableTripZoneInt                          
0     00009f67  _PWM_disableSocBPulse                            
0     00009f6b  _PWM_disableSocAPulse                            
0     00009f6f  _PWM_disableInt                                  
0     00009f73  _PWM_disableHrPhaseSync                          
0     00009f7a  _PWM_disableHrPeriod                             
0     00009f81  _PWM_disableDigitalCompareBlankingWindowInversion
0     00009f88  _PWM_disableDigitalCompareBlankingWindow         
0     00009f8f  _PWM_disableDeadBandHalfCycle                    
0     00009f93  _PWM_disableDeadBand                             
0     00009f96  _PWM_disableCounterLoad                          
0     00009f99  _PWM_disableChopping                             
0     00009f9d  _PWM_disableAutoConvert                          
0     00009fa4  _PWM_decrementDeadBandRisingEdgeDelay            
0     00009fa7  _PWM_decrementDeadBandFallingEdgeDelay           
0     00009faa  _PWM_clearTripZone                               
0     00009fb0  _DRV8301_writeSpi                                
0     00009fc7  _DRV8301_writeData                               
0     00009ff0  _DRV8301_readSpi                                 
0     0000a029  _DRV8301_setupSpi                                
0     0000a0b0  _DRV8301_setSpiHandle                            
0     0000a0b2  _DRV8301_setShuntAmpGain                         
0     0000a0c6  _DRV8301_setPwmMode                              
0     0000a0da  _DRV8301_setPeakCurrent                          
0     0000a0ee  _DRV8301_setOcTwMode                             
0     0000a102  _DRV8301_setOcOffTimeMode                        
0     0000a116  _DRV8301_setOcMode                               
0     0000a12a  _DRV8301_setOcLevel                              
0     0000a13e  _DRV8301_setGpioNumber                           
0     0000a140  _DRV8301_setGpioHandle                           
0     0000a142  _DRV8301_setDcCalMode                            
0     0000a161  _DRV8301_reset                                   
0     0000a170  _DRV8301_readData                                
0     0000a1e6  _DRV8301_isReset                                 
0     0000a1ed  _DRV8301_isFault                                 
0     0000a1f3  _DRV8301_init                                    
0     0000a1fd  _DRV8301_getShuntAmpGain                         
0     0000a204  _DRV8301_getPwmMode                              
0     0000a20b  _DRV8301_getPeakCurrent                          
0     0000a212  _DRV8301_getOcTwMode                             
0     0000a219  _DRV8301_getOcOffTimeMode                        
0     0000a220  _DRV8301_getOcMode                               
0     0000a227  _DRV8301_getOcLevel                              
0     0000a22e  _DRV8301_getId                                   
0     0000a234  _DRV8301_getFaultType                            
0     0000a24f  _DRV8301_getDcCalMode                            
0     0000a261  _DRV8301_enable                                  
0     0000a284  _ADC_setupSocTrigSrc                             
0     0000a2af  _ADC_setVoltRefSrc                               
0     0000a2c0  _ADC_setTempSensorSrc                            
0     0000a2d1  _ADC_setSocTrigSrc                               
0     0000a2e5  _ADC_setSocSampleDelay                           
0     0000a2f9  _ADC_setSocFrcWord                               
0     0000a303  _ADC_setSocFrc                                   
0     0000a310  _ADC_setSocChanNumber                            
0     0000a324  _ADC_setSampleOverlapMode                        
0     0000a337  _ADC_setSampleMode                               
0     0000a34e  _ADC_setOffTrim                                  
0     0000a358  _ADC_setIntSrc                                   
0     0000a379  _ADC_setIntPulseGenMode                          
0     0000a38a  _ADC_setIntMode                                  
0     0000a3ab  _ADC_setDivideSelect                             
0     0000a3bc  _ADC_reset                                       
0     0000a3c6  _ADC_powerUp                                     
0     0000a3d0  _ADC_powerDown                                   
0     0000a3da  _ADC_init                                        
0     0000a3e3  _ADC_getDivideSelect                             
0     0000a3ed  _ADC_enableVoltRefLoConv                         
0     0000a3f7  _ADC_enableRefBuffers                            
0     0000a401  _ADC_enableNoOverlapMode                         
0     0000a40b  _ADC_enableInt                                   
0     0000a421  _ADC_enableBandGap                               
0     0000a42b  _ADC_enable                                      
0     0000a435  _ADC_disableVoltRefLoConv                        
0     0000a43f  _ADC_disableRefBuffers                           
0     0000a449  _ADC_disableNoOverlapMode                        
0     0000a453  _ADC_disableInt                                  
0     0000a46a  _ADC_disableBandGap                              
0     0000a474  _ADC_disable                                     
0     0000a47e  _GPIO_toggle                                     
0     0000a48f  _GPIO_setQualificationPeriod                     
0     0000a4de  _GPIO_setQualification                           
0     0000a524  _GPIO_setPullup                                  
0     0000a53f  _GPIO_setPortData                                
0     0000a54a  _GPIO_setMode                                    
0     0000a586  _GPIO_setLow                                     
0     0000a597  _GPIO_setHigh                                    
0     0000a5a8  _GPIO_setExtInt                                  
0     0000a5b3  _GPIO_setDirection                               
0     0000a5ce  _GPIO_read                                       
0     0000a5ee  _GPIO_lpmSelect                                  
0     0000a5f8  _GPIO_init                                       
0     0000a5ff  _GPIO_getPortData                                
0     0000a606  _GPIO_getData                                    
0     0000a615  _CLK_setXClkInSrc                                
0     0000a61c  _CLK_setWatchDogSrc                              
0     0000a623  _CLK_setTimer2Src                                
0     0000a62a  _CLK_setTimer2PreScale                           
0     0000a631  _CLK_setOscSrc                                   
0     0000a638  _CLK_setOsc2Src                                  
0     0000a63f  _CLK_setLowSpdPreScaler                          
0     0000a645  _CLK_setClkOutPreScaler                          
0     0000a64c  _CLK_init                                        
0     0000a653  _CLK_enableWatchDogHaltMode                      
0     0000a659  _CLK_enableTbClockSync                           
0     0000a660  _CLK_enableSpibClock                             
0     0000a667  _CLK_enableSpiaClock                             
0     0000a66e  _CLK_enableScibClock                             
0     0000a675  _CLK_enableSciaClock                             
0     0000a67c  _CLK_enablePwmClock                              
0     0000a685  _CLK_enableOsc2HaltMode                          
0     0000a68b  _CLK_enableOsc2                                  
0     0000a691  _CLK_enableOsc1HaltMode                          
0     0000a697  _CLK_enableOsc1                                  
0     0000a69d  _CLK_enableLinAClock                             
0     0000a6a4  _CLK_enableI2cClock                              
0     0000a6ab  _CLK_enableHrPwmClock                            
0     0000a6b2  _CLK_enableGpioInputClock                        
0     0000a6b9  _CLK_enableEqep2Clock                            
0     0000a6c0  _CLK_enableEqep1Clock                            
0     0000a6c7  _CLK_enableEcap1Clock                            
0     0000a6ce  _CLK_enableEcanaClock                            
0     0000a6d5  _CLK_enableCrystalOsc                            
0     0000a6db  _CLK_enableCpuTimerClock                         
0     0000a6e1  _CLK_enableCompClock                             
0     0000a6e7  _CLK_enableClkIn                                 
0     0000a6ed  _CLK_enableClaClock                              
0     0000a6f4  _CLK_enableAdcClock                              
0     0000a6fb  _CLK_disableWatchDogHaltMode                     
0     0000a701  _CLK_disableTbClockSync                          
0     0000a708  _CLK_disableSpibClock                            
0     0000a70c  _CLK_disableSpiaClock                            
0     0000a713  _CLK_disableScibClock                            
0     0000a71a  _CLK_disableSciaClock                            
0     0000a721  _CLK_disablePwmClock                             
0     0000a72b  _CLK_disableOsc2HaltMode                         
0     0000a731  _CLK_disableOsc2                                 
0     0000a737  _CLK_disableOsc1HaltMode                         
[...]
0     0000aaeb  _SPI_resetRxFifo                                 
0     0000aaef  _SPI_resetChannels                               
0     0000aaf3  _SPI_reset                                       
0     0000aaf6  _SPI_init                                        
0     0000aafd  _SPI_getTxFifoStatus                             
0     0000ab01  _SPI_getTxBufferStatus                           
0     0000ab04  _SPI_getRxFifoStatus                             
0     0000ab08  _SPI_getIntFlagStatus                            
0     0000ab0b  _SPI_enableTxFifoInt                             
0     0000ab0f  _SPI_enableTxFifoEnh                             
0     0000ab13  _SPI_enableTxFifo                                
0     0000ab17  _SPI_enableTx                                    
0     0000ab1a  _SPI_enableRxFifoInt                             
0     0000ab1e  _SPI_enableRxFifo                                
0     0000ab22  _SPI_enableOverRunInt                            
0     0000ab25  _SPI_enableLoopBack                              
0     0000ab28  _SPI_enableInt                                   
0     0000ab2b  _SPI_enableChannels                              
0     0000ab2f  _SPI_enable                                      
0     0000ab32  _SPI_disableTxFifoInt                            
0     0000ab36  _SPI_disableTxFifoEnh                            
0     0000ab3a  _SPI_disableTx                                   
0     0000ab3d  _SPI_disableRxFifoInt                            
0     0000ab41  _SPI_disableOverRunInt                           
0     0000ab44  _SPI_disableLoopBack                             
0     0000ab47  _SPI_disableInt                                  
0     0000ab4a  _SPI_clearTxFifoInt                              
0     0000ab4e  _SPI_clearRxFifoOvf                              
0     0000ab52  _SPI_clearRxFifoInt                              
0     0000ab56  _exp                                             
0     0000abf5  __log                                            
0     0000ac84  _pow                                             
0     0000ad0c  FD$$MPY                                          
0     0000ad8f  FS$$DIV                                          
0     0000ae12  FS$$SUB                                          
0     0000ae17  FS$$ADD                                          
0     0000ae8a  _PLL_setLockPeriod                               
0     0000ae8f  _PLL_setDivideSelect                             
0     0000ae96  _PLL_setClkFreq                                  
0     0000ae9c  _PLL_resetClkDetect                              
0     0000aea2  _PLL_init                                        
0     0000aea9  _PLL_getLockStatus                               
0     0000aeac  _PLL_getDivideSelect                             
0     0000aeaf  _PLL_getClkStatus                                
0     0000aeb2  _PLL_getClkFreq                                  
0     0000aeb6  _PLL_enableOsc                                   
0     0000aebc  _PLL_enableNormRdy                               
0     0000aec2  _PLL_enableClkDetect                             
0     0000aec8  _PLL_enable                                      
0     0000aece  _PLL_disableOsc                                  
0     0000aed4  _PLL_disableNormRdy                              
0     0000aeda  _PLL_disableClkDetect                            
0     0000aee0  _PLL_disable                                     
0     0000aee6  FS$$MPY                                          
0     0000af40  _OFFSET_setOffset                                
0     0000af42  _OFFSET_setInitCond                              
0     0000af51  _OFFSET_setBeta                                  
0     0000af67  _OFFSET_init                                     
0     0000af79  _OFFSET_getBeta                                  
0     0000af88  _WDOG_setPreScaler                               
0     0000af92  _WDOG_setCount                                   
0     0000af94  _WDOG_init                                       
0     0000af9b  _WDOG_getIntStatus                               
0     0000af9e  _WDOG_enableOverRide                             
0     0000afa4  _WDOG_enableInt                                  
0     0000afaa  _WDOG_enable                                     
0     0000afb3  _WDOG_disableOverRide                            
0     0000afb9  _WDOG_disableInt                                 
0     0000afbf  _WDOG_disable                                    
0     0000afc7  _WDOG_clearCounter                               
0     0000afcf  _PWR_setNumStandByClocks                         
0     0000afe0  _PWR_setLowPowerMode                             
0     0000aff1  _PWR_init                                        
0     0000affa  _PWR_enableWatchDogInt                           
0     0000b004  _PWR_enableBrownOutReset                         
0     0000b007  _PWR_disableWatchDogInt                          
0     0000b011  _PWR_disableBrownOutReset                        
0     0000b014  _c_int00                                         
0     0000b058  _ldexp                                           
0     0000b099  _FEM_setParams                                   
0     0000b0cb  _FEM_init                                        
0     0000b0d2  _modf                                            
0     0000b105  _TIMER_setPreScaler                              
0     0000b113  _TIMER_setEmulationMode                          
0     0000b117  _TIMER_setDecimationFactor                       
0     0000b125  _TIMER_init                                      
0     0000b12c  _TIMER_getStatus                                 
0     0000b12f  _TIMER_enableInt                                 
0     0000b132  _TIMER_disableInt                                
0     0000b135  _TIMER_clearFlag                                 
0     0000b138  _OSC_setTrim                                     
0     0000b141  _OSC_setFineTrim                                 
0     0000b152  _OSC_setCoarseTrim                               
0     0000b15f  _OSC_init                                        
0     0000b166  FS$$TOL                                          
0     0000b18f  _CPU_init                                        
0     0000b193  _CPU_enableProtectedRegisterWrite                
0     0000b196  _CPU_enableInt                                   
0     0000b19a  _CPU_enableGlobalInts                            
0     0000b19d  _CPU_enableDebugInt                              
0     0000b1a0  _CPU_disableProtectedRegisterWrite               
0     0000b1a3  _CPU_disableInts                                 
0     0000b1a6  _CPU_disableInt                                  
0     0000b1ab  _CPU_disableGlobalInts                           
0     0000b1ae  _CPU_disableDebugInt                             
0     0000b1b1  _CPU_clearIntFlags                               
0     0000b1b4  FS$$TOI                                          
0     0000b1d9  _FILTER_FO_setNumCoeffs                          
0     0000b1dd  _FILTER_FO_setInitialConditions                  
0     0000b1e2  _FILTER_FO_setDenCoeffs                          
0     0000b1e4  _FILTER_FO_init                                  
0     0000b1eb  _FILTER_FO_getNumCoeffs                          
0     0000b1f1  _FILTER_FO_getInitialConditions                  
0     0000b1f8  _FILTER_FO_getDenCoeffs                          
0     0000b1fb  I$$DIV                                           
0     0000b20c  I$$MOD                                           
0     0000b21d  _FLASH_init                                      
0     0000b224  _FLASH_getStandbyWaitStatus                      
0     0000b228  _FLASH_getStandbyWaitCount                       
0     0000b22b  _FLASH_getPowerMode                              
0     0000b22e  _FLASH_getActiveWaitStatus                       
0     0000b232  _FLASH_getActiveWaitCount                        
0     0000b235  _FLASH_get3VStatus                               
0     0000b238  _FLASH_clear3VStatus                             
0     0000b23e  FS$$TOUL                                         
0     0000b25f  FD$$TOL                                          
0     0000b27e  _CPU_USAGE_setParams                             
0     0000b294  _CPU_USAGE_init                                  
0     0000b29b  FS$$TOU                                          
0     0000b2b8  _memcpy                                          
0     0000b2d5  FS$$TOFD                                         
0     0000b2f1  I$$TOFS                                          
0     0000b30b  L$$TOFS                                          
0     0000b325  __args_main                                      
0     0000b33e  C$$EXIT                                          
0     0000b33e  _abort                                           
0     0000b340  _exit                                            
0     0000b357  FS$$CMP                                          
0     0000b36e  _frexp                                           
0     0000b382  UL$$TOFS                                         
0     0000b395  U$$TOFS                                          
0     0000b3a5  __register_unlock                                
0     0000b3a9  __register_lock                                  
0     0000b3ad  __nop                                            
0     0000b3b6  _PIE_illegalIsr                                  
0     0000b3bb  FS$$NEG                                          
0     0000b3c0  ___etext__                                       
0     0000b3c0  _gLEDcnt                                         
0     0000b3c0  etext                                            
0     0000b3c1  _Flag_Latch_softwareUpdate                       
0     0000b3c2  _gCounter_updateGlobals                          
0     0000b3c4  _gCpuUsagePercentageMax                          
0     0000b3c6  _gFlux_pu_to_Wb_sf                               
0     0000b3c8  _gCpuUsagePercentageAvg                          
0     0000b3ca  _gFlux_pu_to_VpHz_sf                             
0     0000b3cc  _controller_obj                                  
0     0000b3ce  _gTorque_Flux_Iq_pu_to_Nm_sf                     
0     0000b3d0  _gMaxCurrentSlope                                
0     0000b3d2  _gTorque_Ls_Id_Iq_pu_to_Nm_sf                    
0     0000b3d4  _gNumFreqErrors                                  
0     0000b3d6  _femHandle                                       
0     0000b3d8  _cpu_usageHandle                                 
0     0000b3da  _gCpuUsagePercentageMin                          
0     0000b3dc  _gMaxDeltaCntObserved                            
0     0000b3de  _halHandle                                       
0     0000b3e0  _ctrlHandle                                      
0     0000b3e2  _gPwmData                                        
0     0000b3e8  _gAdcData                                        
0     0000b400  _fem                                             
0     0000b412  _cpu_usage                                       
0     0000b428  _gDrvSpi8301Vars                                 
0     0000b440  _gMotorVars                                      
0     0000b4c0  _gUserParams                                     
0     0000b56c  ___TI_cleanup_ptr                                
0     0000b56e  ___TI_dtors_ptr                                  
0     0000b570  __lock                                           
0     0000b572  __unlock                                         
0     0000b576  _cpu                                             
0     0000b577  _errno                                           
0     0000b580  _hal                                             
0     0000b626  __IQ24sqrt                                       
0     0000b668  __IQ24sinPU                                      
0     0000b691  __IQ24cosPU                                      
0     0000b6b8  __IQ30toF                                        
0     003fdc30  _IQsinTable                                      
0     003fdd30  _IQcosTable                                      
0     003fe030  _IQsinTableEnd                                   
0     003fe132  _IQcosTableEnd                                   
0     003fe132  _IQdivRoundSatTable                              
0     003fe140  _IQdivTable                                      
0     003fe342  _IQdivTableEnd                                   
0     003fe342  _IQisqrtRoundSatTable                            
0     003fe342  _IQsqrtRoundSatTable                             
0     003fe352  _IQisqrtTable                                    
0     003fe352  _IQsqrtTable                                     
0     003fe454  _IQatan2HalfPITable                              
0     003fe454  _IQisqrtTableEnd                                 
0     003fe454  _IQsqrtTableEnd                                  
0     003fe492  _IQatan2Table                                    
0     003fe618  _IQ30mpyRndSatTable                              
0     003fe618  _IQatan2TableEnd                                 
0     003fe618  _IQmpyRndSatTable                                
0     003fe624  _IQ29mpyRndSatTable                              
0     003fe630  _IQ28mpyRndSatTable                              
0     003fe63c  _IQ27mpyRndSatTable                              
0     003fe648  _IQ26mpyRndSatTable                              
0     003fe654  _IQ25mpyRndSatTable                              
0     003fe660  _IQ24mpyRndSatTable                              
0     003fe66c  _IQ23mpyRndSatTable                              
0     003fe678  _IQ22mpyRndSatTable                              
0     003fe684  _IQ21mpyRndSatTable                              
0     003fe690  _IQ20mpyRndSatTable                              
0     003fe69c  _IQ19mpyRndSatTable                              
0     003fe6a8  _IQ18mpyRndSatTable                              
0     003fe6b4  _IQ17mpyRndSatTable                              
0     003fe6c0  _IQ16mpyRndSatTable                              
0     003fe6cc  _IQ15mpyRndSatTable                              
0     003fe6d8  _IQ14mpyRndSatTable                              
0     003fe6e4  _IQ13mpyRndSatTable                              
0     003fe6f0  _IQ12mpyRndSatTable                              
0     003fe6fc  _IQ11mpyRndSatTable                              
0     003fe708  _IQ10mpyRndSatTable                              
0     003fe714  _IQ9mpyRndSatTable                               
0     003fe720  _IQ8mpyRndSatTable                               
0     003fe72c  _IQ7mpyRndSatTable                               
0     003fe738  _IQ6mpyRndSatTable                               
0     003fe744  _IQ5mpyRndSatTable                               
0     003fe750  _IQ4mpyRndSatTable                               
0     003fe75c  _IQ3mpyRndSatTable                               
0     003fe768  _IQ2mpyRndSatTable                               
0     003fe774  _IQ1mpyRndSatTable                               
0     003fe780  _IQmpyRndSatTableEnd                             
1     00000400  __stack                                          
1     000007b0  __STACK_END                                      
abs   00000036  _RamfuncsLoadSize                                
abs   000003b0  __STACK_SIZE                                     
abs   003f861b  _EST_getState                                    
abs   003f861d  _EST_useZeroIq_ref                               
abs   003f8679  _EST_isMotorIdentified                           
abs   003f8713  _EST_updateState                                 
abs   003f89f5  _EST_updateId_ref_pu                             
abs   003f8a18  _EST_setRs_pu                                    
abs   003f8a48  _EST_setRsOnLine_qFmt                            
abs   003f8a4e  _EST_setRsOnLine_pu                              
abs   003f8a72  _EST_setRsOnLineId_pu                            
abs   003f8a78  _EST_setRsOnLineId_mag_pu                        
abs   003f8adb  _EST_setMaxCurrentSlope_pu                       
abs   003f8ae7  _EST_setLs_q_pu                                  
abs   003f8af1  _EST_setLs_qFmt                                  
abs   003f8b45  _EST_setLs_d_pu                                  
abs   003f8b63  _EST_setIq_ref_pu                                
abs   003f8b67  _EST_setIdle_all                                 
abs   003f8b7a  _EST_setIdle                                     
abs   003f8b80  _EST_setId_ref_pu                                
abs   003f8bcb  _EST_setFlag_updateRs                            
abs   003f8bd3  _EST_setFlag_enableRsRecalc                      
abs   003f8bd7  _EST_setFlag_enableRsOnLine                      
abs   003f8bdb  _EST_setFlag_enableForceAngle                    
abs   003f8c0d  _EST_getAngle_pu                                 
abs   003f927b  _EST_run                                         
abs   003f9378  _EST_isOnLine                                    
abs   003f937f  _EST_isLockRotor                                 
abs   003f9386  _EST_isIdle                                      
abs   003f938d  _EST_isError                                     
abs   003f9453  _EST_get_pu_to_krpm_sf                           
abs   003f9458  _EST_get_krpm_to_pu_sf                           
abs   003f94c6  _EST_getSpeed_krpm                               
abs   003f94dd  _EST_getRs_qFmt                                  
abs   003f9513  _EST_getRs_Ohm                                   
abs   003f953d  _EST_getRsOnLine_Ohm                             
abs   003f95ad  _EST_getRr_Ohm                                   
abs   003f95b3  _EST_getOneOverDcBus_pu                          
abs   003f95bd  _EST_getMaxCurrentSlope_pu                       
abs   003f95c9  _EST_getLs_q_pu                                  
abs   003f95ce  _EST_getLs_q_H                                   
abs   003f95f0  _EST_getLs_d_pu                                  
abs   003f95f5  _EST_getLs_d_H                                   
abs   003f95ff  _EST_getLs_coarse_max_pu                         
abs   003f9632  _EST_getIdRated                                  
abs   003f968e  _EST_getFm_pu                                    
abs   003f96ab  _EST_getFlux_pu                                  
abs   003f96be  _EST_getFlux_VpHz                                
abs   003f9758  _EST_doSpeedCtrl                                 
abs   003f9760  _EST_doCurrentCtrl                               
abs   003f9806  _CTRL_setupTraj                                  
abs   003f996a  _CTRL_setupEstOnLineState                        
abs   003f99a5  _CTRL_setupEstIdleState                          
abs   003f9b43  _CTRL_setupCtrl                                  
abs   003f9d31  _CTRL_setUserMotorParams                         
abs   003f9e64  _CTRL_setEstParams                               
abs   003fa5d1  _CTRL_runTraj                                    
abs   003fa6fb  _CTRL_initCtrl                                   
abs   003fa721  _CTRL_getVersion                                 
abs   ffffffff  ___binit__                                       
abs   ffffffff  ___c_args__                                      
abs   ffffffff  ___pinit__                                       
abs   ffffffff  binit                                            
abs   ffffffff  pinit                                            

[677 symbols]
