<?xml version="1.0"?>
<link_info>
   <banner>TMS320C2000 Linker PC v6.4.4</banner>
   <copyright>Copyright (c) 1996-2015 Texas Instruments Incorporated</copyright>
   <link_time>0x559d7ef7</link_time>
   <link_errors>0x0</link_errors>
   <output_file>motion_proj_lab12b.out</output_file>
   <entry_point>
      <name>_c_int00</name>
      <address>0xb718</address>
   </entry_point>
   <input_file_list>
      <input_file id="fl-3">
         <path>.\</path>
         <kind>object</kind>
         <file>proj_lab12b.obj</file>
         <name>proj_lab12b.obj</name>
      </input_file>
      <input_file id="fl-4">
         <path>.\drivers\</path>
         <kind>object</kind>
         <file>CodeStartBranch.obj</file>
         <name>CodeStartBranch.obj</name>
      </input_file>
      <input_file id="fl-5">
         <path>.\drivers\</path>
         <kind>object</kind>
         <file>adc.obj</file>
         <name>adc.obj</name>
      </input_file>
      <input_file id="fl-6">
         <path>.\drivers\</path>
         <kind>object</kind>
         <file>clarke.obj</file>
         <name>clarke.obj</name>
      </input_file>
      <input_file id="fl-7">
         <path>.\drivers\</path>
         <kind>object</kind>
         <file>clk.obj</file>
         <name>clk.obj</name>
      </input_file>
      <input_file id="fl-8">
         <path>.\drivers\</path>
         <kind>object</kind>
         <file>cpu.obj</file>
         <name>cpu.obj</name>
      </input_file>
      <input_file id="fl-9">
         <path>.\drivers\</path>
         <kind>object</kind>
         <file>ctrlQEP.obj</file>
         <name>ctrlQEP.obj</name>
      </input_file>
      <input_file id="fl-a">
         <path>.\drivers\</path>
         <kind>object</kind>
         <file>drv8301.obj</file>
         <name>drv8301.obj</name>
      </input_file>
      <input_file id="fl-b">
         <path>.\drivers\</path>
         <kind>object</kind>
         <file>enc.obj</file>
         <name>enc.obj</name>
      </input_file>
      <input_file id="fl-c">
         <path>.\drivers\</path>
         <kind>object</kind>
         <file>filter_fo.obj</file>
         <name>filter_fo.obj</name>
      </input_file>
      <input_file id="fl-d">
         <path>.\drivers\</path>
         <kind>object</kind>
         <file>flash.obj</file>
         <name>flash.obj</name>
      </input_file>
      <input_file id="fl-e">
         <path>.\drivers\</path>
         <kind>object</kind>
         <file>gpio.obj</file>
         <name>gpio.obj</name>
      </input_file>
      <input_file id="fl-f">
         <path>.\drivers\</path>
         <kind>object</kind>
         <file>hal.obj</file>
         <name>hal.obj</name>
      </input_file>
      <input_file id="fl-10">
         <path>.\drivers\</path>
         <kind>object</kind>
         <file>ipark.obj</file>
         <name>ipark.obj</name>
      </input_file>
      <input_file id="fl-11">
         <path>.\drivers\</path>
         <kind>object</kind>
         <file>memCopy.obj</file>
         <name>memCopy.obj</name>
      </input_file>
      <input_file id="fl-12">
         <path>.\drivers\</path>
         <kind>object</kind>
         <file>offset.obj</file>
         <name>offset.obj</name>
      </input_file>
      <input_file id="fl-13">
         <path>.\drivers\</path>
         <kind>object</kind>
         <file>osc.obj</file>
         <name>osc.obj</name>
      </input_file>
      <input_file id="fl-14">
         <path>.\drivers\</path>
         <kind>object</kind>
         <file>park.obj</file>
         <name>park.obj</name>
      </input_file>
      <input_file id="fl-15">
         <path>.\drivers\</path>
         <kind>object</kind>
         <file>pid.obj</file>
         <name>pid.obj</name>
      </input_file>
      <input_file id="fl-16">
         <path>.\drivers\</path>
         <kind>object</kind>
         <file>pie.obj</file>
         <name>pie.obj</name>
      </input_file>
      <input_file id="fl-17">
         <path>.\drivers\</path>
         <kind>object</kind>
         <file>pll.obj</file>
         <name>pll.obj</name>
      </input_file>
      <input_file id="fl-18">
         <path>.\drivers\</path>
         <kind>object</kind>
         <file>pwm.obj</file>
         <name>pwm.obj</name>
      </input_file>
      <input_file id="fl-19">
         <path>.\drivers\</path>
         <kind>object</kind>
         <file>pwr.obj</file>
         <name>pwr.obj</name>
      </input_file>
      <input_file id="fl-1a">
         <path>.\drivers\</path>
         <kind>object</kind>
         <file>qep.obj</file>
         <name>qep.obj</name>
      </input_file>
      <input_file id="fl-1b">
         <path>.\drivers\</path>
         <kind>object</kind>
         <file>slip.obj</file>
         <name>slip.obj</name>
      </input_file>
      <input_file id="fl-1c">
         <path>.\drivers\</path>
         <kind>object</kind>
         <file>spi.obj</file>
         <name>spi.obj</name>
      </input_file>
      <input_file id="fl-1d">
         <path>.\drivers\</path>
         <kind>object</kind>
         <file>svgen.obj</file>
         <name>svgen.obj</name>
      </input_file>
      <input_file id="fl-1e">
         <path>.\drivers\</path>
         <kind>object</kind>
         <file>timer.obj</file>
         <name>timer.obj</name>
      </input_file>
      <input_file id="fl-1f">
         <path>.\drivers\</path>
         <kind>object</kind>
         <file>traj.obj</file>
         <name>traj.obj</name>
      </input_file>
      <input_file id="fl-20">
         <path>.\drivers\</path>
         <kind>object</kind>
         <file>usDelay.obj</file>
         <name>usDelay.obj</name>
      </input_file>
      <input_file id="fl-21">
         <path>.\drivers\</path>
         <kind>object</kind>
         <file>user.obj</file>
         <name>user.obj</name>
      </input_file>
      <input_file id="fl-22">
         <path>.\drivers\</path>
         <kind>object</kind>
         <file>wdog.obj</file>
         <name>wdog.obj</name>
      </input_file>
      <input_file id="fl-29">
         <path>C:\ti\ccsv6\tools\compiler\ti-cgt-c2000_6.4.4\lib\</path>
         <kind>archive</kind>
         <file>rts2800_ml.lib</file>
         <name>fd_mpy.obj</name>
      </input_file>
      <input_file id="fl-2a">
         <path>C:\ti\ccsv6\tools\compiler\ti-cgt-c2000_6.4.4\lib\</path>
         <kind>archive</kind>
         <file>rts2800_ml.lib</file>
         <name>fd_tol.obj</name>
      </input_file>
      <input_file id="fl-2b">
         <path>C:\ti\ccsv6\tools\compiler\ti-cgt-c2000_6.4.4\lib\</path>
         <kind>archive</kind>
         <file>rts2800_ml.lib</file>
         <name>fs_add.obj</name>
      </input_file>
      <input_file id="fl-2c">
         <path>C:\ti\ccsv6\tools\compiler\ti-cgt-c2000_6.4.4\lib\</path>
         <kind>archive</kind>
         <file>rts2800_ml.lib</file>
         <name>fs_cmp.obj</name>
      </input_file>
      <input_file id="fl-2d">
         <path>C:\ti\ccsv6\tools\compiler\ti-cgt-c2000_6.4.4\lib\</path>
         <kind>archive</kind>
         <file>rts2800_ml.lib</file>
         <name>fs_div.obj</name>
      </input_file>
      <input_file id="fl-2e">
         <path>C:\ti\ccsv6\tools\compiler\ti-cgt-c2000_6.4.4\lib\</path>
         <kind>archive</kind>
         <file>rts2800_ml.lib</file>
         <name>fs_mpy.obj</name>
      </input_file>
      <input_file id="fl-2f">
         <path>C:\ti\ccsv6\tools\compiler\ti-cgt-c2000_6.4.4\lib\</path>
         <kind>archive</kind>
         <file>rts2800_ml.lib</file>
         <name>fs_neg.obj</name>
      </input_file>
      <input_file id="fl-30">
         <path>C:\ti\ccsv6\tools\compiler\ti-cgt-c2000_6.4.4\lib\</path>
         <kind>archive</kind>
         <file>rts2800_ml.lib</file>
         <name>fs_tofd.obj</name>
      </input_file>
      <input_file id="fl-31">
         <path>C:\ti\ccsv6\tools\compiler\ti-cgt-c2000_6.4.4\lib\</path>
         <kind>archive</kind>
         <file>rts2800_ml.lib</file>
         <name>fs_toi.obj</name>
      </input_file>
      <input_file id="fl-32">
         <path>C:\ti\ccsv6\tools\compiler\ti-cgt-c2000_6.4.4\lib\</path>
         <kind>archive</kind>
         <file>rts2800_ml.lib</file>
         <name>fs_tol.obj</name>
      </input_file>
      <input_file id="fl-33">
         <path>C:\ti\ccsv6\tools\compiler\ti-cgt-c2000_6.4.4\lib\</path>
         <kind>archive</kind>
         <file>rts2800_ml.lib</file>
         <name>fs_tou.obj</name>
      </input_file>
      <input_file id="fl-34">
         <path>C:\ti\ccsv6\tools\compiler\ti-cgt-c2000_6.4.4\lib\</path>
         <kind>archive</kind>
         <file>rts2800_ml.lib</file>
         <name>i_tofs.obj</name>
      </input_file>
      <input_file id="fl-35">
         <path>C:\ti\ccsv6\tools\compiler\ti-cgt-c2000_6.4.4\lib\</path>
         <kind>archive</kind>
         <file>rts2800_ml.lib</file>
         <name>u_tofs.obj</name>
      </input_file>
      <input_file id="fl-36">
         <path>C:\ti\ccsv6\tools\compiler\ti-cgt-c2000_6.4.4\lib\</path>
         <kind>archive</kind>
         <file>rts2800_ml.lib</file>
         <name>ul_tofs.obj</name>
      </input_file>
      <input_file id="fl-37">
         <path>C:\ti\motorware\motorware_1_01_00_14\sw\modules\fast\lib\32b\f28x\f2806x\</path>
         <kind>archive</kind>
         <file>2806xRevB_FastSpinROMSymbols.lib</file>
         <name>TMS320x2806x_REVB_boot_rom_out__CTRL_getVersion_tmp.obj</name>
      </input_file>
      <input_file id="fl-38">
         <path>C:\ti\motorware\motorware_1_01_00_14\sw\modules\fast\lib\32b\f28x\f2806x\</path>
         <kind>archive</kind>
         <file>2806xRevB_FastSpinROMSymbols.lib</file>
         <name>TMS320x2806x_REVB_boot_rom_out__CTRL_initCtrl_tmp.obj</name>
      </input_file>
      <input_file id="fl-39">
         <path>C:\ti\motorware\motorware_1_01_00_14\sw\modules\fast\lib\32b\f28x\f2806x\</path>
         <kind>archive</kind>
         <file>2806xRevB_FastSpinROMSymbols.lib</file>
         <name>TMS320x2806x_REVB_boot_rom_out__CTRL_runTraj_tmp.obj</name>
      </input_file>
      <input_file id="fl-3a">
         <path>C:\ti\motorware\motorware_1_01_00_14\sw\modules\fast\lib\32b\f28x\f2806x\</path>
         <kind>archive</kind>
         <file>2806xRevB_FastSpinROMSymbols.lib</file>
         <name>TMS320x2806x_REVB_boot_rom_out__CTRL_setEstParams_tmp.obj</name>
      </input_file>
      <input_file id="fl-3b">
         <path>C:\ti\motorware\motorware_1_01_00_14\sw\modules\fast\lib\32b\f28x\f2806x\</path>
         <kind>archive</kind>
         <file>2806xRevB_FastSpinROMSymbols.lib</file>
         <name>TMS320x2806x_REVB_boot_rom_out__CTRL_setUserMotorParams_tmp.obj</name>
      </input_file>
      <input_file id="fl-3c">
         <path>C:\ti\motorware\motorware_1_01_00_14\sw\modules\fast\lib\32b\f28x\f2806x\</path>
         <kind>archive</kind>
         <file>2806xRevB_FastSpinROMSymbols.lib</file>
         <name>TMS320x2806x_REVB_boot_rom_out__CTRL_setupCtrl_tmp.obj</name>
      </input_file>
      <input_file id="fl-3d">
         <path>C:\ti\motorware\motorware_1_01_00_14\sw\modules\fast\lib\32b\f28x\f2806x\</path>
         <kind>archive</kind>
         <file>2806xRevB_FastSpinROMSymbols.lib</file>
         <name>TMS320x2806x_REVB_boot_rom_out__CTRL_setupEstIdleState_tmp.obj</name>
      </input_file>
      <input_file id="fl-3e">
         <path>C:\ti\motorware\motorware_1_01_00_14\sw\modules\fast\lib\32b\f28x\f2806x\</path>
         <kind>archive</kind>
         <file>2806xRevB_FastSpinROMSymbols.lib</file>
         <name>TMS320x2806x_REVB_boot_rom_out__CTRL_setupEstOnLineState_tmp.obj</name>
      </input_file>
      <input_file id="fl-3f">
         <path>C:\ti\motorware\motorware_1_01_00_14\sw\modules\fast\lib\32b\f28x\f2806x\</path>
         <kind>archive</kind>
         <file>2806xRevB_FastSpinROMSymbols.lib</file>
         <name>TMS320x2806x_REVB_boot_rom_out__CTRL_setupTraj_tmp.obj</name>
      </input_file>
      <input_file id="fl-40">
         <path>C:\ti\motorware\motorware_1_01_00_14\sw\modules\fast\lib\32b\f28x\f2806x\</path>
         <kind>archive</kind>
         <file>2806xRevB_FastSpinROMSymbols.lib</file>
         <name>TMS320x2806x_REVB_boot_rom_out__EST_doCurrentCtrl_tmp.obj</name>
      </input_file>
      <input_file id="fl-41">
         <path>C:\ti\motorware\motorware_1_01_00_14\sw\modules\fast\lib\32b\f28x\f2806x\</path>
         <kind>archive</kind>
         <file>2806xRevB_FastSpinROMSymbols.lib</file>
         <name>TMS320x2806x_REVB_boot_rom_out__EST_doSpeedCtrl_tmp.obj</name>
      </input_file>
      <input_file id="fl-42">
         <path>C:\ti\motorware\motorware_1_01_00_14\sw\modules\fast\lib\32b\f28x\f2806x\</path>
         <kind>archive</kind>
         <file>2806xRevB_FastSpinROMSymbols.lib</file>
         <name>TMS320x2806x_REVB_boot_rom_out__EST_getAngle_pu_tmp.obj</name>
      </input_file>
      <input_file id="fl-43">
         <path>C:\ti\motorware\motorware_1_01_00_14\sw\modules\fast\lib\32b\f28x\f2806x\</path>
         <kind>archive</kind>
         <file>2806xRevB_FastSpinROMSymbols.lib</file>
         <name>TMS320x2806x_REVB_boot_rom_out__EST_getFlux_VpHz_tmp.obj</name>
      </input_file>
      <input_file id="fl-44">
         <path>C:\ti\motorware\motorware_1_01_00_14\sw\modules\fast\lib\32b\f28x\f2806x\</path>
         <kind>archive</kind>
         <file>2806xRevB_FastSpinROMSymbols.lib</file>
         <name>TMS320x2806x_REVB_boot_rom_out__EST_getFlux_pu_tmp.obj</name>
      </input_file>
      <input_file id="fl-45">
         <path>C:\ti\motorware\motorware_1_01_00_14\sw\modules\fast\lib\32b\f28x\f2806x\</path>
         <kind>archive</kind>
         <file>2806xRevB_FastSpinROMSymbols.lib</file>
         <name>TMS320x2806x_REVB_boot_rom_out__EST_getFm_pu_tmp.obj</name>
      </input_file>
      <input_file id="fl-46">
         <path>C:\ti\motorware\motorware_1_01_00_14\sw\modules\fast\lib\32b\f28x\f2806x\</path>
         <kind>archive</kind>
         <file>2806xRevB_FastSpinROMSymbols.lib</file>
         <name>TMS320x2806x_REVB_boot_rom_out__EST_getIdRated_tmp.obj</name>
      </input_file>
      <input_file id="fl-47">
         <path>C:\ti\motorware\motorware_1_01_00_14\sw\modules\fast\lib\32b\f28x\f2806x\</path>
         <kind>archive</kind>
         <file>2806xRevB_FastSpinROMSymbols.lib</file>
         <name>TMS320x2806x_REVB_boot_rom_out__EST_getLs_coarse_max_pu_tmp.obj</name>
      </input_file>
      <input_file id="fl-48">
         <path>C:\ti\motorware\motorware_1_01_00_14\sw\modules\fast\lib\32b\f28x\f2806x\</path>
         <kind>archive</kind>
         <file>2806xRevB_FastSpinROMSymbols.lib</file>
         <name>TMS320x2806x_REVB_boot_rom_out__EST_getLs_d_H_tmp.obj</name>
      </input_file>
      <input_file id="fl-49">
         <path>C:\ti\motorware\motorware_1_01_00_14\sw\modules\fast\lib\32b\f28x\f2806x\</path>
         <kind>archive</kind>
         <file>2806xRevB_FastSpinROMSymbols.lib</file>
         <name>TMS320x2806x_REVB_boot_rom_out__EST_getLs_d_pu_tmp.obj</name>
      </input_file>
      <input_file id="fl-4a">
         <path>C:\ti\motorware\motorware_1_01_00_14\sw\modules\fast\lib\32b\f28x\f2806x\</path>
         <kind>archive</kind>
         <file>2806xRevB_FastSpinROMSymbols.lib</file>
         <name>TMS320x2806x_REVB_boot_rom_out__EST_getLs_q_H_tmp.obj</name>
      </input_file>
      <input_file id="fl-4b">
         <path>C:\ti\motorware\motorware_1_01_00_14\sw\modules\fast\lib\32b\f28x\f2806x\</path>
         <kind>archive</kind>
         <file>2806xRevB_FastSpinROMSymbols.lib</file>
         <name>TMS320x2806x_REVB_boot_rom_out__EST_getLs_q_pu_tmp.obj</name>
      </input_file>
      <input_file id="fl-4c">
         <path>C:\ti\motorware\motorware_1_01_00_14\sw\modules\fast\lib\32b\f28x\f2806x\</path>
         <kind>archive</kind>
         <file>2806xRevB_FastSpinROMSymbols.lib</file>
         <name>TMS320x2806x_REVB_boot_rom_out__EST_getMaxCurrentSlope_pu_tmp.obj</name>
      </input_file>
      <input_file id="fl-4d">
         <path>C:\ti\motorware\motorware_1_01_00_14\sw\modules\fast\lib\32b\f28x\f2806x\</path>
         <kind>archive</kind>
         <file>2806xRevB_FastSpinROMSymbols.lib</file>
         <name>TMS320x2806x_REVB_boot_rom_out__EST_getOneOverDcBus_pu_tmp.obj</name>
      </input_file>
      <input_file id="fl-4e">
         <path>C:\ti\motorware\motorware_1_01_00_14\sw\modules\fast\lib\32b\f28x\f2806x\</path>
         <kind>archive</kind>
         <file>2806xRevB_FastSpinROMSymbols.lib</file>
         <name>TMS320x2806x_REVB_boot_rom_out__EST_getRr_Ohm_tmp.obj</name>
      </input_file>
      <input_file id="fl-4f">
         <path>C:\ti\motorware\motorware_1_01_00_14\sw\modules\fast\lib\32b\f28x\f2806x\</path>
         <kind>archive</kind>
         <file>2806xRevB_FastSpinROMSymbols.lib</file>
         <name>TMS320x2806x_REVB_boot_rom_out__EST_getRs_Ohm_tmp.obj</name>
      </input_file>
      <input_file id="fl-50">
         <path>C:\ti\motorware\motorware_1_01_00_14\sw\modules\fast\lib\32b\f28x\f2806x\</path>
         <kind>archive</kind>
         <file>2806xRevB_FastSpinROMSymbols.lib</file>
         <name>TMS320x2806x_REVB_boot_rom_out__EST_getSpeed_krpm_tmp.obj</name>
      </input_file>
      <input_file id="fl-51">
         <path>C:\ti\motorware\motorware_1_01_00_14\sw\modules\fast\lib\32b\f28x\f2806x\</path>
         <kind>archive</kind>
         <file>2806xRevB_FastSpinROMSymbols.lib</file>
         <name>TMS320x2806x_REVB_boot_rom_out__EST_getState_tmp.obj</name>
      </input_file>
      <input_file id="fl-52">
         <path>C:\ti\motorware\motorware_1_01_00_14\sw\modules\fast\lib\32b\f28x\f2806x\</path>
         <kind>archive</kind>
         <file>2806xRevB_FastSpinROMSymbols.lib</file>
         <name>TMS320x2806x_REVB_boot_rom_out__EST_get_krpm_to_pu_sf_tmp.obj</name>
      </input_file>
      <input_file id="fl-53">
         <path>C:\ti\motorware\motorware_1_01_00_14\sw\modules\fast\lib\32b\f28x\f2806x\</path>
         <kind>archive</kind>
         <file>2806xRevB_FastSpinROMSymbols.lib</file>
         <name>TMS320x2806x_REVB_boot_rom_out__EST_get_pu_to_krpm_sf_tmp.obj</name>
      </input_file>
      <input_file id="fl-54">
         <path>C:\ti\motorware\motorware_1_01_00_14\sw\modules\fast\lib\32b\f28x\f2806x\</path>
         <kind>archive</kind>
         <file>2806xRevB_FastSpinROMSymbols.lib</file>
         <name>TMS320x2806x_REVB_boot_rom_out__EST_isError_tmp.obj</name>
      </input_file>
      <input_file id="fl-55">
         <path>C:\ti\motorware\motorware_1_01_00_14\sw\modules\fast\lib\32b\f28x\f2806x\</path>
         <kind>archive</kind>
         <file>2806xRevB_FastSpinROMSymbols.lib</file>
         <name>TMS320x2806x_REVB_boot_rom_out__EST_isIdle_tmp.obj</name>
      </input_file>
      <input_file id="fl-56">
         <path>C:\ti\motorware\motorware_1_01_00_14\sw\modules\fast\lib\32b\f28x\f2806x\</path>
         <kind>archive</kind>
         <file>2806xRevB_FastSpinROMSymbols.lib</file>
         <name>TMS320x2806x_REVB_boot_rom_out__EST_isLockRotor_tmp.obj</name>
      </input_file>
      <input_file id="fl-57">
         <path>C:\ti\motorware\motorware_1_01_00_14\sw\modules\fast\lib\32b\f28x\f2806x\</path>
         <kind>archive</kind>
         <file>2806xRevB_FastSpinROMSymbols.lib</file>
         <name>TMS320x2806x_REVB_boot_rom_out__EST_isMotorIdentified_tmp.obj</name>
      </input_file>
      <input_file id="fl-58">
         <path>C:\ti\motorware\motorware_1_01_00_14\sw\modules\fast\lib\32b\f28x\f2806x\</path>
         <kind>archive</kind>
         <file>2806xRevB_FastSpinROMSymbols.lib</file>
         <name>TMS320x2806x_REVB_boot_rom_out__EST_isOnLine_tmp.obj</name>
      </input_file>
      <input_file id="fl-59">
         <path>C:\ti\motorware\motorware_1_01_00_14\sw\modules\fast\lib\32b\f28x\f2806x\</path>
         <kind>archive</kind>
         <file>2806xRevB_FastSpinROMSymbols.lib</file>
         <name>TMS320x2806x_REVB_boot_rom_out__EST_run_tmp.obj</name>
      </input_file>
      <input_file id="fl-5a">
         <path>C:\ti\motorware\motorware_1_01_00_14\sw\modules\fast\lib\32b\f28x\f2806x\</path>
         <kind>archive</kind>
         <file>2806xRevB_FastSpinROMSymbols.lib</file>
         <name>TMS320x2806x_REVB_boot_rom_out__EST_setFlag_enableForceAngle_tmp.obj</name>
      </input_file>
      <input_file id="fl-5b">
         <path>C:\ti\motorware\motorware_1_01_00_14\sw\modules\fast\lib\32b\f28x\f2806x\</path>
         <kind>archive</kind>
         <file>2806xRevB_FastSpinROMSymbols.lib</file>
         <name>TMS320x2806x_REVB_boot_rom_out__EST_setFlag_enableRsRecalc_tmp.obj</name>
      </input_file>
      <input_file id="fl-5c">
         <path>C:\ti\motorware\motorware_1_01_00_14\sw\modules\fast\lib\32b\f28x\f2806x\</path>
         <kind>archive</kind>
         <file>2806xRevB_FastSpinROMSymbols.lib</file>
         <name>TMS320x2806x_REVB_boot_rom_out__EST_setId_ref_pu_tmp.obj</name>
      </input_file>
      <input_file id="fl-5d">
         <path>C:\ti\motorware\motorware_1_01_00_14\sw\modules\fast\lib\32b\f28x\f2806x\</path>
         <kind>archive</kind>
         <file>2806xRevB_FastSpinROMSymbols.lib</file>
         <name>TMS320x2806x_REVB_boot_rom_out__EST_setIdle_tmp.obj</name>
      </input_file>
      <input_file id="fl-5e">
         <path>C:\ti\motorware\motorware_1_01_00_14\sw\modules\fast\lib\32b\f28x\f2806x\</path>
         <kind>archive</kind>
         <file>2806xRevB_FastSpinROMSymbols.lib</file>
         <name>TMS320x2806x_REVB_boot_rom_out__EST_setIdle_all_tmp.obj</name>
      </input_file>
      <input_file id="fl-5f">
         <path>C:\ti\motorware\motorware_1_01_00_14\sw\modules\fast\lib\32b\f28x\f2806x\</path>
         <kind>archive</kind>
         <file>2806xRevB_FastSpinROMSymbols.lib</file>
         <name>TMS320x2806x_REVB_boot_rom_out__EST_setIq_ref_pu_tmp.obj</name>
      </input_file>
      <input_file id="fl-60">
         <path>C:\ti\motorware\motorware_1_01_00_14\sw\modules\fast\lib\32b\f28x\f2806x\</path>
         <kind>archive</kind>
         <file>2806xRevB_FastSpinROMSymbols.lib</file>
         <name>TMS320x2806x_REVB_boot_rom_out__EST_setLs_d_pu_tmp.obj</name>
      </input_file>
      <input_file id="fl-61">
         <path>C:\ti\motorware\motorware_1_01_00_14\sw\modules\fast\lib\32b\f28x\f2806x\</path>
         <kind>archive</kind>
         <file>2806xRevB_FastSpinROMSymbols.lib</file>
         <name>TMS320x2806x_REVB_boot_rom_out__EST_setLs_qFmt_tmp.obj</name>
      </input_file>
      <input_file id="fl-62">
         <path>C:\ti\motorware\motorware_1_01_00_14\sw\modules\fast\lib\32b\f28x\f2806x\</path>
         <kind>archive</kind>
         <file>2806xRevB_FastSpinROMSymbols.lib</file>
         <name>TMS320x2806x_REVB_boot_rom_out__EST_setLs_q_pu_tmp.obj</name>
      </input_file>
      <input_file id="fl-63">
         <path>C:\ti\motorware\motorware_1_01_00_14\sw\modules\fast\lib\32b\f28x\f2806x\</path>
         <kind>archive</kind>
         <file>2806xRevB_FastSpinROMSymbols.lib</file>
         <name>TMS320x2806x_REVB_boot_rom_out__EST_setMaxCurrentSlope_pu_tmp.obj</name>
      </input_file>
      <input_file id="fl-64">
         <path>C:\ti\motorware\motorware_1_01_00_14\sw\modules\fast\lib\32b\f28x\f2806x\</path>
         <kind>archive</kind>
         <file>2806xRevB_FastSpinROMSymbols.lib</file>
         <name>TMS320x2806x_REVB_boot_rom_out__EST_setRs_pu_tmp.obj</name>
      </input_file>
      <input_file id="fl-65">
         <path>C:\ti\motorware\motorware_1_01_00_14\sw\modules\fast\lib\32b\f28x\f2806x\</path>
         <kind>archive</kind>
         <file>2806xRevB_FastSpinROMSymbols.lib</file>
         <name>TMS320x2806x_REVB_boot_rom_out__EST_updateId_ref_pu_tmp.obj</name>
      </input_file>
      <input_file id="fl-66">
         <path>C:\ti\motorware\motorware_1_01_00_14\sw\modules\fast\lib\32b\f28x\f2806x\</path>
         <kind>archive</kind>
         <file>2806xRevB_FastSpinROMSymbols.lib</file>
         <name>TMS320x2806x_REVB_boot_rom_out__EST_updateState_tmp.obj</name>
      </input_file>
      <input_file id="fl-67">
         <path>C:\ti\motorware\motorware_1_01_00_14\sw\modules\fast\lib\32b\f28x\f2806x\</path>
         <kind>archive</kind>
         <file>2806xRevB_FastSpinROMSymbols.lib</file>
         <name>TMS320x2806x_REVB_boot_rom_out__EST_useZeroIq_ref_tmp.obj</name>
      </input_file>
      <input_file id="fl-68">
         <path>C:\ti\motorware\motorware_1_01_00_14\sw\modules\spintac\lib\32b\</path>
         <kind>archive</kind>
         <file>SpinTAC.lib</file>
         <name>spintac_pos_conv.obj</name>
      </input_file>
      <input_file id="fl-69">
         <path>C:\ti\ccsv6\tools\compiler\ti-cgt-c2000_6.4.4\lib\</path>
         <kind>archive</kind>
         <file>rts2800_ml.lib</file>
         <name>l_tofd.obj</name>
      </input_file>
      <input_file id="fl-6a">
         <path>C:\ti\motorware\motorware_1_01_00_14\sw\modules\spintac\lib\32b\</path>
         <kind>archive</kind>
         <file>SpinTAC.lib</file>
         <name>spintac_vel_ctl.obj</name>
      </input_file>
      <input_file id="fl-6b">
         <path>C:\ti\motorware\motorware_1_01_00_14\sw\modules\spintac\lib\32b\</path>
         <kind>archive</kind>
         <file>SpinTAC.lib</file>
         <name>spintac_vel_id.obj</name>
      </input_file>
      <input_file id="fl-6c">
         <path>C:\ti\motorware\motorware_1_01_00_14\sw\modules\spintac\lib\32b\</path>
         <kind>archive</kind>
         <file>SpinTAC.lib</file>
         <name>spintac_vel_move.obj</name>
      </input_file>
      <input_file id="fl-6d">
         <path>C:\ti\ccsv6\tools\compiler\ti-cgt-c2000_6.4.4\lib\</path>
         <kind>archive</kind>
         <file>rts2800_ml.lib</file>
         <name>l_div.obj</name>
      </input_file>
      <input_file id="fl-6e">
         <path>C:\ti\motorware\motorware_1_01_00_14\sw\modules\spintac\lib\32b\</path>
         <kind>archive</kind>
         <file>SpinTAC.lib</file>
         <name>spintac_vel_plan.obj</name>
      </input_file>
      <input_file id="fl-6f">
         <path>C:\ti\ccsv6\tools\compiler\ti-cgt-c2000_6.4.4\lib\</path>
         <kind>archive</kind>
         <file>rts2800_ml.lib</file>
         <name>l_tofs.obj</name>
      </input_file>
      <input_file id="fl-70">
         <path>C:\ti\motorware\motorware_1_01_00_14\sw\modules\spintac\lib\32b\</path>
         <kind>archive</kind>
         <file>SpinTAC.lib</file>
         <name>spintac_pos_roadd.obj</name>
      </input_file>
      <input_file id="fl-71">
         <path>C:\ti\motorware\motorware_1_01_00_14\sw\modules\spintac\lib\32b\</path>
         <kind>archive</kind>
         <file>SpinTAC.lib</file>
         <name>spintac_version.obj</name>
      </input_file>
      <input_file id="fl-72">
         <path>C:\ti\motorware\motorware_1_01_00_14\sw\modules\iqmath\lib\f28x\32b\</path>
         <kind>archive</kind>
         <file>IQmath.lib</file>
         <name>IQ20div.obj</name>
      </input_file>
      <input_file id="fl-73">
         <path>C:\ti\motorware\motorware_1_01_00_14\sw\modules\iqmath\lib\f28x\32b\</path>
         <kind>archive</kind>
         <file>IQmath.lib</file>
         <name>IQmathTables.obj</name>
      </input_file>
      <input_file id="fl-74">
         <path>C:\ti\motorware\motorware_1_01_00_14\sw\modules\iqmath\lib\f28x\32b\</path>
         <kind>archive</kind>
         <file>IQmath.lib</file>
         <name>IQ24cosPU.obj</name>
      </input_file>
      <input_file id="fl-75">
         <path>C:\ti\motorware\motorware_1_01_00_14\sw\modules\iqmath\lib\f28x\32b\</path>
         <kind>archive</kind>
         <file>IQmath.lib</file>
         <name>IQ24div.obj</name>
      </input_file>
      <input_file id="fl-76">
         <path>C:\ti\motorware\motorware_1_01_00_14\sw\modules\iqmath\lib\f28x\32b\</path>
         <kind>archive</kind>
         <file>IQmath.lib</file>
         <name>IQ24sinPU.obj</name>
      </input_file>
      <input_file id="fl-77">
         <path>C:\ti\motorware\motorware_1_01_00_14\sw\modules\iqmath\lib\f28x\32b\</path>
         <kind>archive</kind>
         <file>IQmath.lib</file>
         <name>IQ24sqrt.obj</name>
      </input_file>
      <input_file id="fl-78">
         <path>C:\ti\motorware\motorware_1_01_00_14\sw\modules\iqmath\lib\f28x\32b\</path>
         <kind>archive</kind>
         <file>IQmath.lib</file>
         <name>IQ30toF.obj</name>
      </input_file>
      <input_file id="fl-79">
         <path>C:\ti\ccsv6\tools\compiler\ti-cgt-c2000_6.4.4\lib\</path>
         <kind>archive</kind>
         <file>rts2800_ml.lib</file>
         <name>boot.obj</name>
      </input_file>
      <input_file id="fl-7a">
         <path>C:\ti\ccsv6\tools\compiler\ti-cgt-c2000_6.4.4\lib\</path>
         <kind>archive</kind>
         <file>rts2800_ml.lib</file>
         <name>args_main.obj</name>
      </input_file>
      <input_file id="fl-7b">
         <path>C:\ti\ccsv6\tools\compiler\ti-cgt-c2000_6.4.4\lib\</path>
         <kind>archive</kind>
         <file>rts2800_ml.lib</file>
         <name>exit.obj</name>
      </input_file>
      <input_file id="fl-7c">
         <path>C:\ti\ccsv6\tools\compiler\ti-cgt-c2000_6.4.4\lib\</path>
         <kind>archive</kind>
         <file>rts2800_ml.lib</file>
         <name>_lock.obj</name>
      </input_file>
      <input_file id="fl-7d">
         <path>C:\ti\ccsv6\tools\compiler\ti-cgt-c2000_6.4.4\lib\</path>
         <kind>archive</kind>
         <file>rts2800_ml.lib</file>
         <name>log.obj</name>
      </input_file>
      <input_file id="fl-7e">
         <path>C:\ti\ccsv6\tools\compiler\ti-cgt-c2000_6.4.4\lib\</path>
         <kind>archive</kind>
         <file>rts2800_ml.lib</file>
         <name>errno.obj</name>
      </input_file>
      <input_file id="fl-7f">
         <path>C:\ti\ccsv6\tools\compiler\ti-cgt-c2000_6.4.4\lib\</path>
         <kind>archive</kind>
         <file>rts2800_ml.lib</file>
         <name>frexp.obj</name>
      </input_file>
      <input_file id="fl-80">
         <path>C:\ti\ccsv6\tools\compiler\ti-cgt-c2000_6.4.4\lib\</path>
         <kind>archive</kind>
         <file>rts2800_ml.lib</file>
         <name>memcpy.obj</name>
      </input_file>
      <input_file id="fl-81">
         <path>C:\ti\ccsv6\tools\compiler\ti-cgt-c2000_6.4.4\lib\</path>
         <kind>archive</kind>
         <file>rts2800_ml.lib</file>
         <name>modf.obj</name>
      </input_file>
      <input_file id="fl-82">
         <path>C:\ti\ccsv6\tools\compiler\ti-cgt-c2000_6.4.4\lib\</path>
         <kind>archive</kind>
         <file>rts2800_ml.lib</file>
         <name>pow.obj</name>
      </input_file>
      <input_file id="fl-83">
         <path>C:\ti\ccsv6\tools\compiler\ti-cgt-c2000_6.4.4\lib\</path>
         <kind>archive</kind>
         <file>rts2800_ml.lib</file>
         <name>i_div.obj</name>
      </input_file>
      <input_file id="fl-84">
         <path>C:\ti\ccsv6\tools\compiler\ti-cgt-c2000_6.4.4\lib\</path>
         <kind>archive</kind>
         <file>rts2800_ml.lib</file>
         <name>_log.obj</name>
      </input_file>
      <input_file id="fl-85">
         <path>C:\ti\ccsv6\tools\compiler\ti-cgt-c2000_6.4.4\lib\</path>
         <kind>archive</kind>
         <file>rts2800_ml.lib</file>
         <name>exp.obj</name>
      </input_file>
      <input_file id="fl-86">
         <path>C:\ti\ccsv6\tools\compiler\ti-cgt-c2000_6.4.4\lib\</path>
         <kind>archive</kind>
         <file>rts2800_ml.lib</file>
         <name>ldexp.obj</name>
      </input_file>
      <input_file id="fl-87">
         <path>C:\ti\motorware\motorware_1_01_00_14\sw\modules\fast\lib\32b\f28x\f2806x\</path>
         <kind>archive</kind>
         <file>2806xRevB_FastSpinROMSymbols.lib</file>
         <name>TMS320x2806x_REVB_boot_rom_out__s0_calc_tmp.obj</name>
      </input_file>
      <input_file id="fl-88">
         <path>C:\ti\motorware\motorware_1_01_00_14\sw\modules\fast\lib\32b\f28x\f2806x\</path>
         <kind>archive</kind>
         <file>2806xRevB_FastSpinROMSymbols.lib</file>
         <name>TMS320x2806x_REVB_boot_rom_out__s0_conf_tmp.obj</name>
      </input_file>
      <input_file id="fl-89">
         <path>C:\ti\motorware\motorware_1_01_00_14\sw\modules\fast\lib\32b\f28x\f2806x\</path>
         <kind>archive</kind>
         <file>2806xRevB_FastSpinROMSymbols.lib</file>
         <name>TMS320x2806x_REVB_boot_rom_out__s2_calc_tmp.obj</name>
      </input_file>
      <input_file id="fl-8a">
         <path>C:\ti\motorware\motorware_1_01_00_14\sw\modules\fast\lib\32b\f28x\f2806x\</path>
         <kind>archive</kind>
         <file>2806xRevB_FastSpinROMSymbols.lib</file>
         <name>TMS320x2806x_REVB_boot_rom_out__s4_calc_tmp.obj</name>
      </input_file>
      <input_file id="fl-8b">
         <path>C:\ti\motorware\motorware_1_01_00_14\sw\modules\fast\lib\32b\f28x\f2806x\</path>
         <kind>archive</kind>
         <file>2806xRevB_FastSpinROMSymbols.lib</file>
         <name>TMS320x2806x_REVB_boot_rom_out__s4_conf_tmp.obj</name>
      </input_file>
      <input_file id="fl-8c">
         <path>C:\ti\motorware\motorware_1_01_00_14\sw\modules\fast\lib\32b\f28x\f2806x\</path>
         <kind>archive</kind>
         <file>2806xRevB_FastSpinROMSymbols.lib</file>
         <name>TMS320x2806x_REVB_boot_rom_out__s4_reset_tmp.obj</name>
      </input_file>
      <input_file id="fl-8d">
         <path>C:\ti\motorware\motorware_1_01_00_14\sw\modules\fast\lib\32b\f28x\f2806x\</path>
         <kind>archive</kind>
         <file>2806xRevB_FastSpinROMSymbols.lib</file>
         <name>TMS320x2806x_REVB_boot_rom_out__s8_calc_tmp.obj</name>
      </input_file>
      <input_file id="fl-8e">
         <path>C:\ti\motorware\motorware_1_01_00_14\sw\modules\fast\lib\32b\f28x\f2806x\</path>
         <kind>archive</kind>
         <file>2806xRevB_FastSpinROMSymbols.lib</file>
         <name>TMS320x2806x_REVB_boot_rom_out__s8_cfg_tmp.obj</name>
      </input_file>
      <input_file id="fl-8f">
         <path>C:\ti\motorware\motorware_1_01_00_14\sw\modules\fast\lib\32b\f28x\f2806x\</path>
         <kind>archive</kind>
         <file>2806xRevB_FastSpinROMSymbols.lib</file>
         <name>TMS320x2806x_REVB_boot_rom_out__s8_get_tmp.obj</name>
      </input_file>
      <input_file id="fl-90">
         <path>C:\ti\motorware\motorware_1_01_00_14\sw\modules\fast\lib\32b\f28x\f2806x\</path>
         <kind>archive</kind>
         <file>2806xRevB_FastSpinROMSymbols.lib</file>
         <name>TMS320x2806x_REVB_boot_rom_out__s8_reset_tmp.obj</name>
      </input_file>
      <input_file id="fl-91">
         <path>C:\ti\motorware\motorware_1_01_00_14\sw\modules\fast\lib\32b\f28x\f2806x\</path>
         <kind>archive</kind>
         <file>2806xRevB_FastSpinROMSymbols.lib</file>
         <name>TMS320x2806x_REVB_boot_rom_out__spintac_rom_ver_tmp.obj</name>
      </input_file>
   </input_file_list>
   <object_component_list>
      <object_component id="oc-1c">
         <name>codestart</name>
         <load_address>0x0</load_address>
         <run_address>0x0</run_address>
         <size>0x2</size>
         <input_file_ref idref="fl-4"/>
      </object_component>
      <object_component id="oc-186">
         <name>ramfuncs</name>
         <load_address>0x10c</load_address>
         <run_address>0x10c</run_address>
         <size>0x32</size>
         <input_file_ref idref="fl-d"/>
      </object_component>
      <object_component id="oc-af">
         <name>ramfuncs</name>
         <load_address>0x13e</load_address>
         <run_address>0x13e</run_address>
         <size>0x4</size>
         <input_file_ref idref="fl-20"/>
      </object_component>
      <object_component id="oc-170">
         <name>.text</name>
         <load_address>0x8000</load_address>
         <run_address>0x8000</run_address>
         <size>0xb76</size>
         <input_file_ref idref="fl-f"/>
      </object_component>
      <object_component id="oc-16a">
         <name>.text</name>
         <load_address>0x8b76</load_address>
         <run_address>0x8b76</run_address>
         <size>0x90c</size>
         <input_file_ref idref="fl-9"/>
      </object_component>
      <object_component id="oc-169">
         <name>.text</name>
         <load_address>0x9482</load_address>
         <run_address>0x9482</run_address>
         <size>0x591</size>
         <input_file_ref idref="fl-3"/>
      </object_component>
      <object_component id="oc-16d">
         <name>.text</name>
         <load_address>0x9a13</load_address>
         <run_address>0x9a13</run_address>
         <size>0x499</size>
         <input_file_ref idref="fl-21"/>
      </object_component>
      <object_component id="oc-182">
         <name>.text</name>
         <load_address>0x9eac</load_address>
         <run_address>0x9eac</run_address>
         <size>0x2f7</size>
         <input_file_ref idref="fl-18"/>
      </object_component>
      <object_component id="oc-17f">
         <name>.text</name>
         <load_address>0xa1a3</load_address>
         <run_address>0xa1a3</run_address>
         <size>0x2d4</size>
         <input_file_ref idref="fl-a"/>
      </object_component>
      <object_component id="oc-187">
         <name>.text</name>
         <load_address>0xa477</load_address>
         <run_address>0xa477</run_address>
         <size>0x1fa</size>
         <input_file_ref idref="fl-5"/>
      </object_component>
      <object_component id="oc-16f">
         <name>.text:_STVELCTL_run</name>
         <load_address>0xa671</load_address>
         <run_address>0xa671</run_address>
         <size>0x1f1</size>
         <input_file_ref idref="fl-6a"/>
      </object_component>
      <object_component id="oc-16e">
         <name>.text:_STPOSCONV_run</name>
         <load_address>0xa862</load_address>
         <run_address>0xa862</run_address>
         <size>0x1ec</size>
         <input_file_ref idref="fl-68"/>
      </object_component>
      <object_component id="oc-167">
         <name>.text</name>
         <load_address>0xaa4e</load_address>
         <run_address>0xaa4e</run_address>
         <size>0x197</size>
         <input_file_ref idref="fl-e"/>
      </object_component>
      <object_component id="oc-168">
         <name>.text</name>
         <load_address>0xabe5</load_address>
         <run_address>0xabe5</run_address>
         <size>0x18e</size>
         <input_file_ref idref="fl-b"/>
      </object_component>
      <object_component id="oc-183">
         <name>.text</name>
         <load_address>0xad73</load_address>
         <run_address>0xad73</run_address>
         <size>0x18b</size>
         <input_file_ref idref="fl-7"/>
      </object_component>
      <object_component id="oc-15">
         <name>.text:retain</name>
         <load_address>0xaefe</load_address>
         <run_address>0xaefe</run_address>
         <size>0x103</size>
         <input_file_ref idref="fl-3"/>
      </object_component>
      <object_component id="oc-185">
         <name>.text</name>
         <load_address>0xb001</load_address>
         <run_address>0xb001</run_address>
         <size>0x102</size>
         <input_file_ref idref="fl-16"/>
      </object_component>
      <object_component id="oc-17b">
         <name>.text</name>
         <load_address>0xb103</load_address>
         <run_address>0xb103</run_address>
         <size>0xad</size>
         <input_file_ref idref="fl-7d"/>
      </object_component>
      <object_component id="oc-181">
         <name>.text</name>
         <load_address>0xb1b0</load_address>
         <run_address>0xb1b0</run_address>
         <size>0xaa</size>
         <input_file_ref idref="fl-1c"/>
      </object_component>
      <object_component id="oc-192">
         <name>.text</name>
         <load_address>0xb25a</load_address>
         <run_address>0xb25a</run_address>
         <size>0x9f</size>
         <input_file_ref idref="fl-85"/>
      </object_component>
      <object_component id="oc-191">
         <name>.text</name>
         <load_address>0xb2f9</load_address>
         <run_address>0xb2f9</run_address>
         <size>0x8f</size>
         <input_file_ref idref="fl-84"/>
      </object_component>
      <object_component id="oc-17d">
         <name>.text</name>
         <load_address>0xb388</load_address>
         <run_address>0xb388</run_address>
         <size>0x88</size>
         <input_file_ref idref="fl-82"/>
      </object_component>
      <object_component id="oc-bf">
         <name>.text</name>
         <load_address>0xb410</load_address>
         <run_address>0xb410</run_address>
         <size>0x83</size>
         <input_file_ref idref="fl-29"/>
      </object_component>
      <object_component id="oc-d3">
         <name>.text</name>
         <load_address>0xb493</load_address>
         <run_address>0xb493</run_address>
         <size>0x83</size>
         <input_file_ref idref="fl-2d"/>
      </object_component>
      <object_component id="oc-c9">
         <name>.text</name>
         <load_address>0xb516</load_address>
         <run_address>0xb516</run_address>
         <size>0x78</size>
         <input_file_ref idref="fl-2b"/>
      </object_component>
      <object_component id="oc-184">
         <name>.text</name>
         <load_address>0xb58e</load_address>
         <run_address>0xb58e</run_address>
         <size>0x5c</size>
         <input_file_ref idref="fl-17"/>
      </object_component>
      <object_component id="oc-d8">
         <name>.text</name>
         <load_address>0xb5ea</load_address>
         <run_address>0xb5ea</run_address>
         <size>0x5a</size>
         <input_file_ref idref="fl-2e"/>
      </object_component>
      <object_component id="oc-189">
         <name>.text</name>
         <load_address>0xb644</load_address>
         <run_address>0xb644</run_address>
         <size>0x48</size>
         <input_file_ref idref="fl-12"/>
      </object_component>
      <object_component id="oc-18b">
         <name>.text</name>
         <load_address>0xb68c</load_address>
         <run_address>0xb68c</run_address>
         <size>0x47</size>
         <input_file_ref idref="fl-22"/>
      </object_component>
      <object_component id="oc-18d">
         <name>.text</name>
         <load_address>0xb6d3</load_address>
         <run_address>0xb6d3</run_address>
         <size>0x45</size>
         <input_file_ref idref="fl-19"/>
      </object_component>
      <object_component id="oc-11">
         <name>.text</name>
         <load_address>0xb718</load_address>
         <run_address>0xb718</run_address>
         <size>0x44</size>
         <input_file_ref idref="fl-79"/>
      </object_component>
      <object_component id="oc-194">
         <name>.text</name>
         <load_address>0xb75c</load_address>
         <run_address>0xb75c</run_address>
         <size>0x41</size>
         <input_file_ref idref="fl-86"/>
      </object_component>
      <object_component id="oc-176">
         <name>.text:_STVELPLAN_init</name>
         <load_address>0xb79d</load_address>
         <run_address>0xb79d</run_address>
         <size>0x3d</size>
         <input_file_ref idref="fl-6e"/>
      </object_component>
      <object_component id="oc-177">
         <name>.text:_STPOSCONV_init</name>
         <load_address>0xb7da</load_address>
         <run_address>0xb7da</run_address>
         <size>0x39</size>
         <input_file_ref idref="fl-68"/>
      </object_component>
      <object_component id="oc-17e">
         <name>.text:_ST_addPosRollOver</name>
         <load_address>0xb813</load_address>
         <run_address>0xb813</run_address>
         <size>0x34</size>
         <input_file_ref idref="fl-70"/>
      </object_component>
      <object_component id="oc-17c">
         <name>.text</name>
         <load_address>0xb847</load_address>
         <run_address>0xb847</run_address>
         <size>0x33</size>
         <input_file_ref idref="fl-81"/>
      </object_component>
      <object_component id="oc-180">
         <name>.text</name>
         <load_address>0xb87a</load_address>
         <run_address>0xb87a</run_address>
         <size>0x33</size>
         <input_file_ref idref="fl-1e"/>
      </object_component>
      <object_component id="oc-173">
         <name>.text:_STVELID_init</name>
         <load_address>0xb8ad</load_address>
         <run_address>0xb8ad</run_address>
         <size>0x2f</size>
         <input_file_ref idref="fl-6b"/>
      </object_component>
      <object_component id="oc-175">
         <name>.text:_STVELMOVE_init</name>
         <load_address>0xb8dc</load_address>
         <run_address>0xb8dc</run_address>
         <size>0x2f</size>
         <input_file_ref idref="fl-6c"/>
      </object_component>
      <object_component id="oc-174">
         <name>.text:_STVELCTL_init</name>
         <load_address>0xb90b</load_address>
         <run_address>0xb90b</run_address>
         <size>0x2e</size>
         <input_file_ref idref="fl-6a"/>
      </object_component>
      <object_component id="oc-188">
         <name>.text</name>
         <load_address>0xb939</load_address>
         <run_address>0xb939</run_address>
         <size>0x2e</size>
         <input_file_ref idref="fl-13"/>
      </object_component>
      <object_component id="oc-10c">
         <name>.text</name>
         <load_address>0xb967</load_address>
         <run_address>0xb967</run_address>
         <size>0x2a</size>
         <input_file_ref idref="fl-6d"/>
      </object_component>
      <object_component id="oc-ec">
         <name>.text</name>
         <load_address>0xb991</load_address>
         <run_address>0xb991</run_address>
         <size>0x29</size>
         <input_file_ref idref="fl-32"/>
      </object_component>
      <object_component id="oc-18a">
         <name>.text</name>
         <load_address>0xb9ba</load_address>
         <run_address>0xb9ba</run_address>
         <size>0x25</size>
         <input_file_ref idref="fl-8"/>
      </object_component>
      <object_component id="oc-e7">
         <name>.text</name>
         <load_address>0xb9df</load_address>
         <run_address>0xb9df</run_address>
         <size>0x25</size>
         <input_file_ref idref="fl-31"/>
      </object_component>
      <object_component id="oc-193">
         <name>.text</name>
         <load_address>0xba04</load_address>
         <run_address>0xba04</run_address>
         <size>0x22</size>
         <input_file_ref idref="fl-c"/>
      </object_component>
      <object_component id="oc-151">
         <name>.text</name>
         <load_address>0xba26</load_address>
         <run_address>0xba26</run_address>
         <size>0x22</size>
         <input_file_ref idref="fl-83"/>
      </object_component>
      <object_component id="oc-18c">
         <name>.text</name>
         <load_address>0xba48</load_address>
         <run_address>0xba48</run_address>
         <size>0x21</size>
         <input_file_ref idref="fl-d"/>
      </object_component>
      <object_component id="oc-178">
         <name>.text:_ST_initVersion</name>
         <load_address>0xba69</load_address>
         <run_address>0xba69</run_address>
         <size>0x1f</size>
         <input_file_ref idref="fl-71"/>
      </object_component>
      <object_component id="oc-c4">
         <name>.text</name>
         <load_address>0xba88</load_address>
         <run_address>0xba88</run_address>
         <size>0x1f</size>
         <input_file_ref idref="fl-2a"/>
      </object_component>
      <object_component id="oc-f1">
         <name>.text</name>
         <load_address>0xbaa7</load_address>
         <run_address>0xbaa7</run_address>
         <size>0x1d</size>
         <input_file_ref idref="fl-33"/>
      </object_component>
      <object_component id="oc-171">
         <name>.text</name>
         <load_address>0xbac4</load_address>
         <run_address>0xbac4</run_address>
         <size>0x1d</size>
         <input_file_ref idref="fl-80"/>
      </object_component>
      <object_component id="oc-e2">
         <name>.text</name>
         <load_address>0xbae1</load_address>
         <run_address>0xbae1</run_address>
         <size>0x1c</size>
         <input_file_ref idref="fl-30"/>
      </object_component>
      <object_component id="oc-106">
         <name>.text</name>
         <load_address>0xbafd</load_address>
         <run_address>0xbafd</run_address>
         <size>0x1c</size>
         <input_file_ref idref="fl-69"/>
      </object_component>
      <object_component id="oc-f6">
         <name>.text</name>
         <load_address>0xbb19</load_address>
         <run_address>0xbb19</run_address>
         <size>0x1a</size>
         <input_file_ref idref="fl-34"/>
      </object_component>
      <object_component id="oc-111">
         <name>.text</name>
         <load_address>0xbb33</load_address>
         <run_address>0xbb33</run_address>
         <size>0x1a</size>
         <input_file_ref idref="fl-6f"/>
      </object_component>
      <object_component id="oc-172">
         <name>.text</name>
         <load_address>0xbb4d</load_address>
         <run_address>0xbb4d</run_address>
         <size>0x1a</size>
         <input_file_ref idref="fl-1b"/>
      </object_component>
      <object_component id="oc-165">
         <name>.text</name>
         <load_address>0xbb67</load_address>
         <run_address>0xbb67</run_address>
         <size>0x19</size>
         <input_file_ref idref="fl-7a"/>
      </object_component>
      <object_component id="oc-166">
         <name>.text</name>
         <load_address>0xbb80</load_address>
         <run_address>0xbb80</run_address>
         <size>0x19</size>
         <input_file_ref idref="fl-7b"/>
      </object_component>
      <object_component id="oc-ce">
         <name>.text</name>
         <load_address>0xbb99</load_address>
         <run_address>0xbb99</run_address>
         <size>0x17</size>
         <input_file_ref idref="fl-2c"/>
      </object_component>
      <object_component id="oc-190">
         <name>.text</name>
         <load_address>0xbbb0</load_address>
         <run_address>0xbbb0</run_address>
         <size>0x14</size>
         <input_file_ref idref="fl-7f"/>
      </object_component>
      <object_component id="oc-100">
         <name>.text</name>
         <load_address>0xbbc4</load_address>
         <run_address>0xbbc4</run_address>
         <size>0x13</size>
         <input_file_ref idref="fl-36"/>
      </object_component>
      <object_component id="oc-fb">
         <name>.text</name>
         <load_address>0xbbd7</load_address>
         <run_address>0xbbd7</run_address>
         <size>0x10</size>
         <input_file_ref idref="fl-35"/>
      </object_component>
      <object_component id="oc-179">
         <name>.text</name>
         <load_address>0xbbe7</load_address>
         <run_address>0xbbe7</run_address>
         <size>0x9</size>
         <input_file_ref idref="fl-7c"/>
      </object_component>
      <object_component id="oc-1b">
         <name>.text</name>
         <load_address>0xbbf0</load_address>
         <run_address>0xbbf0</run_address>
         <size>0x8</size>
         <input_file_ref idref="fl-4"/>
      </object_component>
      <object_component id="oc-18e">
         <name>.text</name>
         <load_address>0xbbf8</load_address>
         <run_address>0xbbf8</run_address>
         <size>0x7</size>
         <input_file_ref idref="fl-1a"/>
      </object_component>
      <object_component id="oc-7d">
         <name>.text:retain</name>
         <load_address>0xbbff</load_address>
         <run_address>0xbbff</run_address>
         <size>0x5</size>
         <input_file_ref idref="fl-16"/>
      </object_component>
      <object_component id="oc-dd">
         <name>.text</name>
         <load_address>0xbc04</load_address>
         <run_address>0xbc04</run_address>
         <size>0x5</size>
         <input_file_ref idref="fl-2f"/>
      </object_component>
      <object_component id="oc-13">
         <name>.cinit</name>
         <load_address>0x50</load_address>
         <run_address>0x50</run_address>
         <size>0x9e</size>
         <input_file_ref idref="fl-3"/>
      </object_component>
      <object_component id="oc-129">
         <name>.cinit</name>
         <load_address>0xee</load_address>
         <run_address>0xee</run_address>
         <size>0xa</size>
         <input_file_ref idref="fl-7b"/>
      </object_component>
      <object_component id="oc-16c">
         <name>.cinit:__lock</name>
         <load_address>0xf8</load_address>
         <run_address>0xf8</run_address>
         <size>0x5</size>
         <input_file_ref idref="fl-7c"/>
      </object_component>
      <object_component id="oc-17a">
         <name>.cinit:__unlock</name>
         <load_address>0xfd</load_address>
         <run_address>0xfd</run_address>
         <size>0x5</size>
         <input_file_ref idref="fl-7c"/>
      </object_component>
      <object_component id="oc-3d">
         <name>.cinit</name>
         <load_address>0x102</load_address>
         <run_address>0x102</run_address>
         <size>0x4</size>
         <input_file_ref idref="fl-a"/>
      </object_component>
      <object_component id="oc-13a">
         <name>.cinit</name>
         <load_address>0x106</load_address>
         <run_address>0x106</run_address>
         <size>0x4</size>
         <input_file_ref idref="fl-7e"/>
      </object_component>
      <object_component id="oc-11e">
         <name>.reset</name>
         <load_address>0x3fffc0</load_address>
         <run_address>0x3fffc0</run_address>
         <size>0x2</size>
         <input_file_ref idref="fl-79"/>
      </object_component>
      <object_component id="oc-11d">
         <name>.stack</name>
         <uninitialized>true</uninitialized>
         <run_address>0x400</run_address>
         <size>0x0</size>
         <input_file_ref idref="fl-79"/>
      </object_component>
      <object_component id="oc-1ae">
         <name>.stack</name>
         <uninitialized>true</uninitialized>
         <run_address>0x400</run_address>
         <size>0x0</size>
      </object_component>
      <object_component id="oc-14">
         <name>.ebss</name>
         <uninitialized>true</uninitialized>
         <run_address>0xbc40</run_address>
         <size>0x45a</size>
         <input_file_ref idref="fl-3"/>
      </object_component>
      <object_component id="oc-31">
         <name>.ebss</name>
         <uninitialized>true</uninitialized>
         <run_address>0xbc14</run_address>
         <size>0x1</size>
         <input_file_ref idref="fl-8"/>
      </object_component>
      <object_component id="oc-3e">
         <name>.ebss</name>
         <uninitialized>true</uninitialized>
         <run_address>0xbc12</run_address>
         <size>0x2</size>
         <input_file_ref idref="fl-a"/>
      </object_component>
      <object_component id="oc-58">
         <name>.ebss</name>
         <uninitialized>true</uninitialized>
         <run_address>0xc0c0</run_address>
         <size>0xaa</size>
         <input_file_ref idref="fl-f"/>
      </object_component>
      <object_component id="oc-12a">
         <name>.ebss</name>
         <uninitialized>true</uninitialized>
         <run_address>0xbc0a</run_address>
         <size>0x4</size>
         <input_file_ref idref="fl-7b"/>
      </object_component>
      <object_component id="oc-18f">
         <name>.ebss:__unlock</name>
         <uninitialized>true</uninitialized>
         <run_address>0xbc10</run_address>
         <size>0x2</size>
         <input_file_ref idref="fl-7c"/>
      </object_component>
      <object_component id="oc-16b">
         <name>.ebss:__lock</name>
         <uninitialized>true</uninitialized>
         <run_address>0xbc0e</run_address>
         <size>0x2</size>
         <input_file_ref idref="fl-7c"/>
      </object_component>
      <object_component id="oc-13b">
         <name>.ebss</name>
         <uninitialized>true</uninitialized>
         <run_address>0xbc15</run_address>
         <size>0x1</size>
         <input_file_ref idref="fl-7e"/>
      </object_component>
      <object_component id="oc-37">
         <name>.econst</name>
         <load_address>0xc29e</load_address>
         <run_address>0xc29e</run_address>
         <size>0x1c</size>
         <input_file_ref idref="fl-9"/>
      </object_component>
      <object_component id="oc-b5">
         <name>.econst</name>
         <load_address>0xc2ba</load_address>
         <run_address>0xc2ba</run_address>
         <size>0x8</size>
         <input_file_ref idref="fl-21"/>
      </object_component>
      <object_component id="oc-105">
         <name>.econst</name>
         <load_address>0xc2c2</load_address>
         <run_address>0xc2c2</run_address>
         <size>0x4</size>
         <input_file_ref idref="fl-68"/>
      </object_component>
      <object_component id="oc-10b">
         <name>.econst</name>
         <load_address>0xc2c6</load_address>
         <run_address>0xc2c6</run_address>
         <size>0x4</size>
         <input_file_ref idref="fl-6b"/>
      </object_component>
      <object_component id="oc-59">
         <name>.econst</name>
         <load_address>0xc2ca</load_address>
         <run_address>0xc2ca</run_address>
         <size>0x4</size>
         <input_file_ref idref="fl-f"/>
      </object_component>
      <object_component id="oc-16">
         <name>.econst</name>
         <load_address>0xc2ce</load_address>
         <run_address>0xc2ce</run_address>
         <size>0x4</size>
         <input_file_ref idref="fl-3"/>
      </object_component>
      <object_component id="oc-116">
         <name>IQmath</name>
         <load_address>0xc16a</load_address>
         <run_address>0xc16a</run_address>
         <size>0x47</size>
         <input_file_ref idref="fl-72"/>
      </object_component>
      <object_component id="oc-119">
         <name>IQmath</name>
         <load_address>0xc1b1</load_address>
         <run_address>0xc1b1</run_address>
         <size>0x47</size>
         <input_file_ref idref="fl-75"/>
      </object_component>
      <object_component id="oc-11b">
         <name>IQmath</name>
         <load_address>0xc1f8</load_address>
         <run_address>0xc1f8</run_address>
         <size>0x42</size>
         <input_file_ref idref="fl-77"/>
      </object_component>
      <object_component id="oc-11a">
         <name>IQmath</name>
         <load_address>0xc23a</load_address>
         <run_address>0xc23a</run_address>
         <size>0x29</size>
         <input_file_ref idref="fl-76"/>
      </object_component>
      <object_component id="oc-118">
         <name>IQmath</name>
         <load_address>0xc263</load_address>
         <run_address>0xc263</run_address>
         <size>0x27</size>
         <input_file_ref idref="fl-74"/>
      </object_component>
      <object_component id="oc-11c">
         <name>IQmath</name>
         <load_address>0xc28a</load_address>
         <run_address>0xc28a</run_address>
         <size>0x14</size>
         <input_file_ref idref="fl-78"/>
      </object_component>
      <object_component id="oc-117">
         <name>IQmathTables</name>
         <load_address>0x3fdc30</load_address>
         <run_address>0x3fdc30</run_address>
         <size>0xb50</size>
         <input_file_ref idref="fl-73"/>
      </object_component>
      <object_component id="oc-12">
         <name>.debug_info</name>
         <load_address>0x0</load_address>
         <run_address>0x0</run_address>
         <size>0xb115</size>
         <input_file_ref idref="fl-3"/>
      </object_component>
      <object_component id="oc-1d">
         <name>.debug_info</name>
         <load_address>0xb115</load_address>
         <run_address>0xb115</run_address>
         <size>0x1d9</size>
         <input_file_ref idref="fl-4"/>
      </object_component>
      <object_component id="oc-21">
         <name>.debug_info</name>
         <load_address>0xb2ee</load_address>
         <run_address>0xb2ee</run_address>
         <size>0x4370</size>
         <input_file_ref idref="fl-5"/>
      </object_component>
      <object_component id="oc-26">
         <name>.debug_info</name>
         <load_address>0xf65e</load_address>
         <run_address>0xf65e</run_address>
         <size>0x3a8</size>
         <input_file_ref idref="fl-6"/>
      </object_component>
      <object_component id="oc-2b">
         <name>.debug_info</name>
         <load_address>0xfa06</load_address>
         <run_address>0xfa06</run_address>
         <size>0x49e7</size>
         <input_file_ref idref="fl-7"/>
      </object_component>
      <object_component id="oc-30">
         <name>.debug_info</name>
         <load_address>0x143ed</load_address>
         <run_address>0x143ed</run_address>
         <size>0xffe</size>
         <input_file_ref idref="fl-8"/>
      </object_component>
      <object_component id="oc-36">
         <name>.debug_info</name>
         <load_address>0x153eb</load_address>
         <run_address>0x153eb</run_address>
         <size>0x99ee</size>
         <input_file_ref idref="fl-9"/>
      </object_component>
      <object_component id="oc-3c">
         <name>.debug_info</name>
         <load_address>0x1edd9</load_address>
         <run_address>0x1edd9</run_address>
         <size>0x4cd6</size>
         <input_file_ref idref="fl-a"/>
      </object_component>
      <object_component id="oc-43">
         <name>.debug_info</name>
         <load_address>0x23aaf</load_address>
         <run_address>0x23aaf</run_address>
         <size>0x1164</size>
         <input_file_ref idref="fl-b"/>
      </object_component>
      <object_component id="oc-48">
         <name>.debug_info</name>
         <load_address>0x24c13</load_address>
         <run_address>0x24c13</run_address>
         <size>0xc7f</size>
         <input_file_ref idref="fl-c"/>
      </object_component>
      <object_component id="oc-4d">
         <name>.debug_info</name>
         <load_address>0x25892</load_address>
         <run_address>0x25892</run_address>
         <size>0x1fed</size>
         <input_file_ref idref="fl-d"/>
      </object_component>
      <object_component id="oc-52">
         <name>.debug_info</name>
         <load_address>0x2787f</load_address>
         <run_address>0x2787f</run_address>
         <size>0x36b7</size>
         <input_file_ref idref="fl-e"/>
      </object_component>
      <object_component id="oc-57">
         <name>.debug_info</name>
         <load_address>0x2af36</load_address>
         <run_address>0x2af36</run_address>
         <size>0x12673</size>
         <input_file_ref idref="fl-f"/>
      </object_component>
      <object_component id="oc-5e">
         <name>.debug_info</name>
         <load_address>0x3d5a9</load_address>
         <run_address>0x3d5a9</run_address>
         <size>0x357</size>
         <input_file_ref idref="fl-10"/>
      </object_component>
      <object_component id="oc-63">
         <name>.debug_info</name>
         <load_address>0x3d900</load_address>
         <run_address>0x3d900</run_address>
         <size>0x2f7</size>
         <input_file_ref idref="fl-11"/>
      </object_component>
      <object_component id="oc-68">
         <name>.debug_info</name>
         <load_address>0x3dbf7</load_address>
         <run_address>0x3dbf7</run_address>
         <size>0xc1a</size>
         <input_file_ref idref="fl-12"/>
      </object_component>
      <object_component id="oc-6d">
         <name>.debug_info</name>
         <load_address>0x3e811</load_address>
         <run_address>0x3e811</run_address>
         <size>0x9ae</size>
         <input_file_ref idref="fl-13"/>
      </object_component>
      <object_component id="oc-72">
         <name>.debug_info</name>
         <load_address>0x3f1bf</load_address>
         <run_address>0x3f1bf</run_address>
         <size>0x353</size>
         <input_file_ref idref="fl-14"/>
      </object_component>
      <object_component id="oc-77">
         <name>.debug_info</name>
         <load_address>0x3f512</load_address>
         <run_address>0x3f512</run_address>
         <size>0x3e7</size>
         <input_file_ref idref="fl-15"/>
      </object_component>
      <object_component id="oc-7c">
         <name>.debug_info</name>
         <load_address>0x3f8f9</load_address>
         <run_address>0x3f8f9</run_address>
         <size>0x4523</size>
         <input_file_ref idref="fl-16"/>
      </object_component>
      <object_component id="oc-82">
         <name>.debug_info</name>
         <load_address>0x43e1c</load_address>
         <run_address>0x43e1c</run_address>
         <size>0x19ed</size>
         <input_file_ref idref="fl-17"/>
      </object_component>
      <object_component id="oc-87">
         <name>.debug_info</name>
         <load_address>0x45809</load_address>
         <run_address>0x45809</run_address>
         <size>0xae38</size>
         <input_file_ref idref="fl-18"/>
      </object_component>
      <object_component id="oc-8c">
         <name>.debug_info</name>
         <load_address>0x50641</load_address>
         <run_address>0x50641</run_address>
         <size>0x131b</size>
         <input_file_ref idref="fl-19"/>
      </object_component>
      <object_component id="oc-91">
         <name>.debug_info</name>
         <load_address>0x5195c</load_address>
         <run_address>0x5195c</run_address>
         <size>0x6a8</size>
         <input_file_ref idref="fl-1a"/>
      </object_component>
      <object_component id="oc-96">
         <name>.debug_info</name>
         <load_address>0x52004</load_address>
         <run_address>0x52004</run_address>
         <size>0x780</size>
         <input_file_ref idref="fl-1b"/>
      </object_component>
      <object_component id="oc-9b">
         <name>.debug_info</name>
         <load_address>0x52784</load_address>
         <run_address>0x52784</run_address>
         <size>0x39f0</size>
         <input_file_ref idref="fl-1c"/>
      </object_component>
      <object_component id="oc-a0">
         <name>.debug_info</name>
         <load_address>0x56174</load_address>
         <run_address>0x56174</run_address>
         <size>0x351</size>
         <input_file_ref idref="fl-1d"/>
      </object_component>
      <object_component id="oc-a5">
         <name>.debug_info</name>
         <load_address>0x564c5</load_address>
         <run_address>0x564c5</run_address>
         <size>0xea9</size>
         <input_file_ref idref="fl-1e"/>
      </object_component>
      <object_component id="oc-aa">
         <name>.debug_info</name>
         <load_address>0x5736e</load_address>
         <run_address>0x5736e</run_address>
         <size>0x3b9</size>
         <input_file_ref idref="fl-1f"/>
      </object_component>
      <object_component id="oc-b0">
         <name>.debug_info</name>
         <load_address>0x57727</load_address>
         <run_address>0x57727</run_address>
         <size>0x15f</size>
         <input_file_ref idref="fl-20"/>
      </object_component>
      <object_component id="oc-b4">
         <name>.debug_info</name>
         <load_address>0x57886</load_address>
         <run_address>0x57886</run_address>
         <size>0x4a3f</size>
         <input_file_ref idref="fl-21"/>
      </object_component>
      <object_component id="oc-ba">
         <name>.debug_info</name>
         <load_address>0x5c2c5</load_address>
         <run_address>0x5c2c5</run_address>
         <size>0x125b</size>
         <input_file_ref idref="fl-22"/>
      </object_component>
      <object_component id="oc-c0">
         <name>.debug_info</name>
         <load_address>0x5d520</load_address>
         <run_address>0x5d520</run_address>
         <size>0xf2</size>
         <input_file_ref idref="fl-29"/>
      </object_component>
      <object_component id="oc-c5">
         <name>.debug_info</name>
         <load_address>0x5d612</load_address>
         <run_address>0x5d612</run_address>
         <size>0xf2</size>
         <input_file_ref idref="fl-2a"/>
      </object_component>
      <object_component id="oc-ca">
         <name>.debug_info</name>
         <load_address>0x5d704</load_address>
         <run_address>0x5d704</run_address>
         <size>0xf2</size>
         <input_file_ref idref="fl-2b"/>
      </object_component>
      <object_component id="oc-cf">
         <name>.debug_info</name>
         <load_address>0x5d7f6</load_address>
         <run_address>0x5d7f6</run_address>
         <size>0xf2</size>
         <input_file_ref idref="fl-2c"/>
      </object_component>
      <object_component id="oc-d4">
         <name>.debug_info</name>
         <load_address>0x5d8e8</load_address>
         <run_address>0x5d8e8</run_address>
         <size>0xf2</size>
         <input_file_ref idref="fl-2d"/>
      </object_component>
      <object_component id="oc-d9">
         <name>.debug_info</name>
         <load_address>0x5d9da</load_address>
         <run_address>0x5d9da</run_address>
         <size>0xf2</size>
         <input_file_ref idref="fl-2e"/>
      </object_component>
      <object_component id="oc-de">
         <name>.debug_info</name>
         <load_address>0x5dacc</load_address>
         <run_address>0x5dacc</run_address>
         <size>0xf2</size>
         <input_file_ref idref="fl-2f"/>
      </object_component>
      <object_component id="oc-e3">
         <name>.debug_info</name>
         <load_address>0x5dbbe</load_address>
         <run_address>0x5dbbe</run_address>
         <size>0xf5</size>
         <input_file_ref idref="fl-30"/>
      </object_component>
      <object_component id="oc-e8">
         <name>.debug_info</name>
         <load_address>0x5dcb3</load_address>
         <run_address>0x5dcb3</run_address>
         <size>0xfe</size>
         <input_file_ref idref="fl-31"/>
      </object_component>
      <object_component id="oc-ed">
         <name>.debug_info</name>
         <load_address>0x5ddb1</load_address>
         <run_address>0x5ddb1</run_address>
         <size>0xfe</size>
         <input_file_ref idref="fl-32"/>
      </object_component>
      <object_component id="oc-f2">
         <name>.debug_info</name>
         <load_address>0x5deaf</load_address>
         <run_address>0x5deaf</run_address>
         <size>0xfe</size>
         <input_file_ref idref="fl-33"/>
      </object_component>
      <object_component id="oc-f7">
         <name>.debug_info</name>
         <load_address>0x5dfad</load_address>
         <run_address>0x5dfad</run_address>
         <size>0xf8</size>
         <input_file_ref idref="fl-34"/>
      </object_component>
      <object_component id="oc-fc">
         <name>.debug_info</name>
         <load_address>0x5e0a5</load_address>
         <run_address>0x5e0a5</run_address>
         <size>0xf2</size>
         <input_file_ref idref="fl-35"/>
      </object_component>
      <object_component id="oc-101">
         <name>.debug_info</name>
         <load_address>0x5e197</load_address>
         <run_address>0x5e197</run_address>
         <size>0xf5</size>
         <input_file_ref idref="fl-36"/>
      </object_component>
      <object_component id="oc-107">
         <name>.debug_info</name>
         <load_address>0x5e28c</load_address>
         <run_address>0x5e28c</run_address>
         <size>0xf2</size>
         <input_file_ref idref="fl-69"/>
      </object_component>
      <object_component id="oc-10d">
         <name>.debug_info</name>
         <load_address>0x5e37e</load_address>
         <run_address>0x5e37e</run_address>
         <size>0x183</size>
         <input_file_ref idref="fl-6d"/>
      </object_component>
      <object_component id="oc-112">
         <name>.debug_info</name>
         <load_address>0x5e501</load_address>
         <run_address>0x5e501</run_address>
         <size>0xf8</size>
         <input_file_ref idref="fl-6f"/>
      </object_component>
      <object_component id="oc-11f">
         <name>.debug_info</name>
         <load_address>0x5e5f9</load_address>
         <run_address>0x5e5f9</run_address>
         <size>0x110</size>
         <input_file_ref idref="fl-79"/>
      </object_component>
      <object_component id="oc-123">
         <name>.debug_info</name>
         <load_address>0x5e709</load_address>
         <run_address>0x5e709</run_address>
         <size>0x3fe</size>
         <input_file_ref idref="fl-7a"/>
      </object_component>
      <object_component id="oc-128">
         <name>.debug_info</name>
         <load_address>0x5eb07</load_address>
         <run_address>0x5eb07</run_address>
         <size>0x407</size>
         <input_file_ref idref="fl-7b"/>
      </object_component>
      <object_component id="oc-12f">
         <name>.debug_info</name>
         <load_address>0x5ef0e</load_address>
         <run_address>0x5ef0e</run_address>
         <size>0x431</size>
         <input_file_ref idref="fl-7c"/>
      </object_component>
      <object_component id="oc-134">
         <name>.debug_info</name>
         <load_address>0x5f33f</load_address>
         <run_address>0x5f33f</run_address>
         <size>0x4ae</size>
         <input_file_ref idref="fl-7d"/>
      </object_component>
      <object_component id="oc-139">
         <name>.debug_info</name>
         <load_address>0x5f7ed</load_address>
         <run_address>0x5f7ed</run_address>
         <size>0x19d</size>
         <input_file_ref idref="fl-7e"/>
      </object_component>
      <object_component id="oc-13d">
         <name>.debug_info</name>
         <load_address>0x5f98a</load_address>
         <run_address>0x5f98a</run_address>
         <size>0x34c</size>
         <input_file_ref idref="fl-7f"/>
      </object_component>
      <object_component id="oc-142">
         <name>.debug_info</name>
         <load_address>0x5fcd6</load_address>
         <run_address>0x5fcd6</run_address>
         <size>0x39f</size>
         <input_file_ref idref="fl-80"/>
      </object_component>
      <object_component id="oc-147">
         <name>.debug_info</name>
         <load_address>0x60075</load_address>
         <run_address>0x60075</run_address>
         <size>0x3a8</size>
         <input_file_ref idref="fl-81"/>
      </object_component>
      <object_component id="oc-14c">
         <name>.debug_info</name>
         <load_address>0x6041d</load_address>
         <run_address>0x6041d</run_address>
         <size>0x482</size>
         <input_file_ref idref="fl-82"/>
      </object_component>
      <object_component id="oc-152">
         <name>.debug_info</name>
         <load_address>0x6089f</load_address>
         <run_address>0x6089f</run_address>
         <size>0x11f</size>
         <input_file_ref idref="fl-83"/>
      </object_component>
      <object_component id="oc-156">
         <name>.debug_info</name>
         <load_address>0x609be</load_address>
         <run_address>0x609be</run_address>
         <size>0x46d</size>
         <input_file_ref idref="fl-84"/>
      </object_component>
      <object_component id="oc-15b">
         <name>.debug_info</name>
         <load_address>0x60e2b</load_address>
         <run_address>0x60e2b</run_address>
         <size>0x481</size>
         <input_file_ref idref="fl-85"/>
      </object_component>
      <object_component id="oc-160">
         <name>.debug_info</name>
         <load_address>0x612ac</load_address>
         <run_address>0x612ac</run_address>
         <size>0x378</size>
         <input_file_ref idref="fl-86"/>
      </object_component>
      <object_component id="oc-1af">
         <name>.debug_info</name>
         <load_address>0x61624</load_address>
         <run_address>0x61624</run_address>
         <size>0xa6</size>
      </object_component>
      <object_component id="oc-17">
         <name>.debug_frame</name>
         <load_address>0x0</load_address>
         <run_address>0x0</run_address>
         <size>0x17e</size>
         <input_file_ref idref="fl-3"/>
      </object_component>
      <object_component id="oc-22">
         <name>.debug_frame</name>
         <load_address>0x17e</load_address>
         <run_address>0x17e</run_address>
         <size>0x302</size>
         <input_file_ref idref="fl-5"/>
      </object_component>
      <object_component id="oc-27">
         <name>.debug_frame</name>
         <load_address>0x480</load_address>
         <run_address>0x480</run_address>
         <size>0x62</size>
         <input_file_ref idref="fl-6"/>
      </object_component>
      <object_component id="oc-2c">
         <name>.debug_frame</name>
         <load_address>0x4e2</load_address>
         <run_address>0x4e2</run_address>
         <size>0x539</size>
         <input_file_ref idref="fl-7"/>
      </object_component>
      <object_component id="oc-32">
         <name>.debug_frame</name>
         <load_address>0xa1b</load_address>
         <run_address>0xa1b</run_address>
         <size>0x149</size>
         <input_file_ref idref="fl-8"/>
      </object_component>
      <object_component id="oc-38">
         <name>.debug_frame</name>
         <load_address>0xb64</load_address>
         <run_address>0xb64</run_address>
         <size>0x2bf</size>
         <input_file_ref idref="fl-9"/>
      </object_component>
      <object_component id="oc-3f">
         <name>.debug_frame</name>
         <load_address>0xe23</load_address>
         <run_address>0xe23</run_address>
         <size>0x42b</size>
         <input_file_ref idref="fl-a"/>
      </object_component>
      <object_component id="oc-44">
         <name>.debug_frame</name>
         <load_address>0x124e</load_address>
         <run_address>0x124e</run_address>
         <size>0x109</size>
         <input_file_ref idref="fl-b"/>
      </object_component>
      <object_component id="oc-49">
         <name>.debug_frame</name>
         <load_address>0x1357</load_address>
         <run_address>0x1357</run_address>
         <size>0xf5</size>
         <input_file_ref idref="fl-c"/>
      </object_component>
      <object_component id="oc-4e">
         <name>.debug_frame</name>
         <load_address>0x144c</load_address>
         <run_address>0x144c</run_address>
         <size>0x1b2</size>
         <input_file_ref idref="fl-d"/>
      </object_component>
[...]
      </symbol>
      <symbol id="sm-608">
         <name>_EST_getMaxCurrentSlope_pu</name>
         <value>0x3f95bd</value>
      </symbol>
      <symbol id="sm-60a">
         <name>_EST_getOneOverDcBus_pu</name>
         <value>0x3f95b3</value>
      </symbol>
      <symbol id="sm-60c">
         <name>_EST_getRr_Ohm</name>
         <value>0x3f95ad</value>
      </symbol>
      <symbol id="sm-60e">
         <name>_EST_getRs_Ohm</name>
         <value>0x3f9513</value>
      </symbol>
      <symbol id="sm-610">
         <name>_EST_getSpeed_krpm</name>
         <value>0x3f94c6</value>
      </symbol>
      <symbol id="sm-612">
         <name>_EST_getState</name>
         <value>0x3f861b</value>
      </symbol>
      <symbol id="sm-614">
         <name>_EST_get_krpm_to_pu_sf</name>
         <value>0x3f9458</value>
      </symbol>
      <symbol id="sm-616">
         <name>_EST_get_pu_to_krpm_sf</name>
         <value>0x3f9453</value>
      </symbol>
      <symbol id="sm-618">
         <name>_EST_isError</name>
         <value>0x3f938d</value>
      </symbol>
      <symbol id="sm-61a">
         <name>_EST_isIdle</name>
         <value>0x3f9386</value>
      </symbol>
      <symbol id="sm-61c">
         <name>_EST_isLockRotor</name>
         <value>0x3f937f</value>
      </symbol>
      <symbol id="sm-61e">
         <name>_EST_isMotorIdentified</name>
         <value>0x3f8679</value>
      </symbol>
      <symbol id="sm-620">
         <name>_EST_isOnLine</name>
         <value>0x3f9378</value>
      </symbol>
      <symbol id="sm-622">
         <name>_EST_run</name>
         <value>0x3f927b</value>
      </symbol>
      <symbol id="sm-624">
         <name>_EST_setFlag_enableForceAngle</name>
         <value>0x3f8bdb</value>
      </symbol>
      <symbol id="sm-626">
         <name>_EST_setFlag_enableRsRecalc</name>
         <value>0x3f8bd3</value>
      </symbol>
      <symbol id="sm-628">
         <name>_EST_setId_ref_pu</name>
         <value>0x3f8b80</value>
      </symbol>
      <symbol id="sm-62a">
         <name>_EST_setIdle</name>
         <value>0x3f8b7a</value>
      </symbol>
      <symbol id="sm-62c">
         <name>_EST_setIdle_all</name>
         <value>0x3f8b67</value>
      </symbol>
      <symbol id="sm-62e">
         <name>_EST_setIq_ref_pu</name>
         <value>0x3f8b63</value>
      </symbol>
      <symbol id="sm-630">
         <name>_EST_setLs_d_pu</name>
         <value>0x3f8b45</value>
      </symbol>
      <symbol id="sm-632">
         <name>_EST_setLs_qFmt</name>
         <value>0x3f8af1</value>
      </symbol>
      <symbol id="sm-634">
         <name>_EST_setLs_q_pu</name>
         <value>0x3f8ae7</value>
      </symbol>
      <symbol id="sm-636">
         <name>_EST_setMaxCurrentSlope_pu</name>
         <value>0x3f8adb</value>
      </symbol>
      <symbol id="sm-638">
         <name>_EST_setRs_pu</name>
         <value>0x3f8a18</value>
      </symbol>
      <symbol id="sm-63a">
         <name>_EST_updateId_ref_pu</name>
         <value>0x3f89f5</value>
      </symbol>
      <symbol id="sm-63c">
         <name>_EST_updateState</name>
         <value>0x3f8713</value>
      </symbol>
      <symbol id="sm-63e">
         <name>_EST_useZeroIq_ref</name>
         <value>0x3f861d</value>
      </symbol>
      <symbol id="sm-646">
         <name>_STPOSCONV_run</name>
         <value>0xa862</value>
         <object_component_ref idref="oc-16e"/>
      </symbol>
      <symbol id="sm-647">
         <name>_STPOSCONV_init</name>
         <value>0xb7da</value>
         <object_component_ref idref="oc-177"/>
      </symbol>
      <symbol id="sm-657">
         <name>L$$TOFD</name>
         <value>0xbafd</value>
         <object_component_ref idref="oc-106"/>
      </symbol>
      <symbol id="sm-65d">
         <name>_STVELCTL_init</name>
         <value>0xb90b</value>
         <object_component_ref idref="oc-174"/>
      </symbol>
      <symbol id="sm-65e">
         <name>_STVELCTL_run</name>
         <value>0xa671</value>
         <object_component_ref idref="oc-16f"/>
      </symbol>
      <symbol id="sm-664">
         <name>_STVELID_init</name>
         <value>0xb8ad</value>
         <object_component_ref idref="oc-173"/>
      </symbol>
      <symbol id="sm-668">
         <name>_STVELMOVE_init</name>
         <value>0xb8dc</value>
         <object_component_ref idref="oc-175"/>
      </symbol>
      <symbol id="sm-674">
         <name>UL$$MOD</name>
         <value>0xb98b</value>
         <object_component_ref idref="oc-10c"/>
      </symbol>
      <symbol id="sm-675">
         <name>L$$MOD</name>
         <value>0xb976</value>
         <object_component_ref idref="oc-10c"/>
      </symbol>
      <symbol id="sm-676">
         <name>L$$DIV</name>
         <value>0xb967</value>
         <object_component_ref idref="oc-10c"/>
      </symbol>
      <symbol id="sm-677">
         <name>UL$$DIV</name>
         <value>0xb984</value>
         <object_component_ref idref="oc-10c"/>
      </symbol>
      <symbol id="sm-67b">
         <name>_STVELPLAN_init</name>
         <value>0xb79d</value>
         <object_component_ref idref="oc-176"/>
      </symbol>
      <symbol id="sm-68a">
         <name>L$$TOFS</name>
         <value>0xbb33</value>
         <object_component_ref idref="oc-111"/>
      </symbol>
      <symbol id="sm-68e">
         <name>_ST_addPosRollOver</name>
         <value>0xb813</value>
         <object_component_ref idref="oc-17e"/>
      </symbol>
      <symbol id="sm-692">
         <name>_ST_initVersion</name>
         <value>0xba69</value>
         <object_component_ref idref="oc-178"/>
      </symbol>
      <symbol id="sm-69d">
         <name>__IQ20div</name>
         <value>0xc16a</value>
         <object_component_ref idref="oc-116"/>
      </symbol>
      <symbol id="sm-6a1">
         <name>_IQ16mpyRndSatTable</name>
         <value>0x3fe6c0</value>
         <object_component_ref idref="oc-117"/>
      </symbol>
      <symbol id="sm-6a2">
         <name>_IQ24mpyRndSatTable</name>
         <value>0x3fe660</value>
         <object_component_ref idref="oc-117"/>
      </symbol>
      <symbol id="sm-6a3">
         <name>_IQ13mpyRndSatTable</name>
         <value>0x3fe6e4</value>
         <object_component_ref idref="oc-117"/>
      </symbol>
      <symbol id="sm-6a4">
         <name>_IQ21mpyRndSatTable</name>
         <value>0x3fe684</value>
         <object_component_ref idref="oc-117"/>
      </symbol>
      <symbol id="sm-6a5">
         <name>_IQ10mpyRndSatTable</name>
         <value>0x3fe708</value>
         <object_component_ref idref="oc-117"/>
      </symbol>
      <symbol id="sm-6a6">
         <name>_IQdivTable</name>
         <value>0x3fe140</value>
         <object_component_ref idref="oc-117"/>
      </symbol>
      <symbol id="sm-6a7">
         <name>_IQ9mpyRndSatTable</name>
         <value>0x3fe714</value>
         <object_component_ref idref="oc-117"/>
      </symbol>
      <symbol id="sm-6a8">
         <name>_IQ6mpyRndSatTable</name>
         <value>0x3fe738</value>
         <object_component_ref idref="oc-117"/>
      </symbol>
      <symbol id="sm-6a9">
         <name>_IQatan2TableEnd</name>
         <value>0x3fe618</value>
         <object_component_ref idref="oc-117"/>
      </symbol>
      <symbol id="sm-6aa">
         <name>_IQdivTableEnd</name>
         <value>0x3fe342</value>
         <object_component_ref idref="oc-117"/>
      </symbol>
      <symbol id="sm-6ab">
         <name>_IQ29mpyRndSatTable</name>
         <value>0x3fe624</value>
         <object_component_ref idref="oc-117"/>
      </symbol>
      <symbol id="sm-6ac">
         <name>_IQ3mpyRndSatTable</name>
         <value>0x3fe75c</value>
         <object_component_ref idref="oc-117"/>
      </symbol>
      <symbol id="sm-6ad">
         <name>_IQ18mpyRndSatTable</name>
         <value>0x3fe6a8</value>
         <object_component_ref idref="oc-117"/>
      </symbol>
      <symbol id="sm-6ae">
         <name>_IQ26mpyRndSatTable</name>
         <value>0x3fe648</value>
         <object_component_ref idref="oc-117"/>
      </symbol>
      <symbol id="sm-6af">
         <name>_IQcosTableEnd</name>
         <value>0x3fe132</value>
         <object_component_ref idref="oc-117"/>
      </symbol>
      <symbol id="sm-6b0">
         <name>_IQsinTableEnd</name>
         <value>0x3fe030</value>
         <object_component_ref idref="oc-117"/>
      </symbol>
      <symbol id="sm-6b1">
         <name>_IQ15mpyRndSatTable</name>
         <value>0x3fe6cc</value>
         <object_component_ref idref="oc-117"/>
      </symbol>
      <symbol id="sm-6b2">
         <name>_IQ23mpyRndSatTable</name>
         <value>0x3fe66c</value>
         <object_component_ref idref="oc-117"/>
      </symbol>
      <symbol id="sm-6b3">
         <name>_IQ12mpyRndSatTable</name>
         <value>0x3fe6f0</value>
         <object_component_ref idref="oc-117"/>
      </symbol>
      <symbol id="sm-6b4">
         <name>_IQ20mpyRndSatTable</name>
         <value>0x3fe690</value>
         <object_component_ref idref="oc-117"/>
      </symbol>
      <symbol id="sm-6b5">
         <name>_IQisqrtTableEnd</name>
         <value>0x3fe454</value>
         <object_component_ref idref="oc-117"/>
      </symbol>
      <symbol id="sm-6b6">
         <name>_IQ8mpyRndSatTable</name>
         <value>0x3fe720</value>
         <object_component_ref idref="oc-117"/>
      </symbol>
      <symbol id="sm-6b7">
         <name>_IQisqrtRoundSatTable</name>
         <value>0x3fe342</value>
         <object_component_ref idref="oc-117"/>
      </symbol>
      <symbol id="sm-6b8">
         <name>_IQ5mpyRndSatTable</name>
         <value>0x3fe744</value>
         <object_component_ref idref="oc-117"/>
      </symbol>
      <symbol id="sm-6b9">
         <name>_IQmpyRndSatTable</name>
         <value>0x3fe618</value>
         <object_component_ref idref="oc-117"/>
      </symbol>
      <symbol id="sm-6ba">
         <name>_IQ28mpyRndSatTable</name>
         <value>0x3fe630</value>
         <object_component_ref idref="oc-117"/>
      </symbol>
      <symbol id="sm-6bb">
         <name>_IQatan2Table</name>
         <value>0x3fe492</value>
         <object_component_ref idref="oc-117"/>
      </symbol>
      <symbol id="sm-6bc">
         <name>_IQ2mpyRndSatTable</name>
         <value>0x3fe768</value>
         <object_component_ref idref="oc-117"/>
      </symbol>
      <symbol id="sm-6bd">
         <name>_IQatan2HalfPITable</name>
         <value>0x3fe454</value>
         <object_component_ref idref="oc-117"/>
      </symbol>
      <symbol id="sm-6be">
         <name>_IQ17mpyRndSatTable</name>
         <value>0x3fe6b4</value>
         <object_component_ref idref="oc-117"/>
      </symbol>
      <symbol id="sm-6bf">
         <name>_IQ25mpyRndSatTable</name>
         <value>0x3fe654</value>
         <object_component_ref idref="oc-117"/>
      </symbol>
      <symbol id="sm-6c0">
         <name>_IQsqrtTable</name>
         <value>0x3fe352</value>
         <object_component_ref idref="oc-117"/>
      </symbol>
      <symbol id="sm-6c1">
         <name>_IQsqrtTableEnd</name>
         <value>0x3fe454</value>
         <object_component_ref idref="oc-117"/>
      </symbol>
      <symbol id="sm-6c2">
         <name>_IQ14mpyRndSatTable</name>
         <value>0x3fe6d8</value>
         <object_component_ref idref="oc-117"/>
      </symbol>
      <symbol id="sm-6c3">
         <name>_IQ22mpyRndSatTable</name>
         <value>0x3fe678</value>
         <object_component_ref idref="oc-117"/>
      </symbol>
      <symbol id="sm-6c4">
         <name>_IQ30mpyRndSatTable</name>
         <value>0x3fe618</value>
         <object_component_ref idref="oc-117"/>
      </symbol>
      <symbol id="sm-6c5">
         <name>_IQsqrtRoundSatTable</name>
         <value>0x3fe342</value>
         <object_component_ref idref="oc-117"/>
      </symbol>
      <symbol id="sm-6c6">
         <name>_IQ11mpyRndSatTable</name>
         <value>0x3fe6fc</value>
         <object_component_ref idref="oc-117"/>
      </symbol>
      <symbol id="sm-6c7">
         <name>_IQdivRoundSatTable</name>
         <value>0x3fe132</value>
         <object_component_ref idref="oc-117"/>
      </symbol>
      <symbol id="sm-6c8">
         <name>_IQ7mpyRndSatTable</name>
         <value>0x3fe72c</value>
         <object_component_ref idref="oc-117"/>
      </symbol>
      <symbol id="sm-6c9">
         <name>_IQcosTable</name>
         <value>0x3fdd30</value>
         <object_component_ref idref="oc-117"/>
      </symbol>
      <symbol id="sm-6ca">
         <name>_IQisqrtTable</name>
         <value>0x3fe352</value>
         <object_component_ref idref="oc-117"/>
      </symbol>
      <symbol id="sm-6cb">
         <name>_IQ4mpyRndSatTable</name>
         <value>0x3fe750</value>
         <object_component_ref idref="oc-117"/>
      </symbol>
      <symbol id="sm-6cc">
         <name>_IQ19mpyRndSatTable</name>
         <value>0x3fe69c</value>
         <object_component_ref idref="oc-117"/>
      </symbol>
      <symbol id="sm-6cd">
         <name>_IQ27mpyRndSatTable</name>
         <value>0x3fe63c</value>
         <object_component_ref idref="oc-117"/>
      </symbol>
      <symbol id="sm-6ce">
         <name>_IQmpyRndSatTableEnd</name>
         <value>0x3fe780</value>
         <object_component_ref idref="oc-117"/>
      </symbol>
      <symbol id="sm-6cf">
         <name>_IQ1mpyRndSatTable</name>
         <value>0x3fe774</value>
         <object_component_ref idref="oc-117"/>
      </symbol>
      <symbol id="sm-6d0">
         <name>_IQsinTable</name>
         <value>0x3fdc30</value>
         <object_component_ref idref="oc-117"/>
      </symbol>
      <symbol id="sm-6db">
         <name>__IQ24cosPU</name>
         <value>0xc263</value>
         <object_component_ref idref="oc-118"/>
      </symbol>
      <symbol id="sm-6e6">
         <name>__IQ24div</name>
         <value>0xc1b1</value>
         <object_component_ref idref="oc-119"/>
      </symbol>
      <symbol id="sm-6f1">
         <name>__IQ24sinPU</name>
         <value>0xc23a</value>
         <object_component_ref idref="oc-11a"/>
      </symbol>
      <symbol id="sm-6fb">
         <name>__IQ24sqrt</name>
         <value>0xc1f8</value>
         <object_component_ref idref="oc-11b"/>
      </symbol>
      <symbol id="sm-705">
         <name>__IQ30toF</name>
         <value>0xc28a</value>
         <object_component_ref idref="oc-11c"/>
      </symbol>
      <symbol id="sm-71e">
         <name>_c_int00</name>
         <value>0xb718</value>
         <object_component_ref idref="oc-11"/>
      </symbol>
      <symbol id="sm-71f">
         <name>__stack</name>
         <value>0x400</value>
         <object_component_ref idref="oc-11d"/>
      </symbol>
      <symbol id="sm-72f">
         <name>__args_main</name>
         <value>0xbb67</value>
         <object_component_ref idref="oc-165"/>
      </symbol>
      <symbol id="sm-743">
         <name>C$$EXIT</name>
         <value>0xbb80</value>
         <object_component_ref idref="oc-166"/>
      </symbol>
      <symbol id="sm-744">
         <name>_exit</name>
         <value>0xbb82</value>
         <object_component_ref idref="oc-166"/>
      </symbol>
      <symbol id="sm-745">
         <name>___TI_cleanup_ptr</name>
         <value>0xbc0a</value>
         <object_component_ref idref="oc-12a"/>
      </symbol>
      <symbol id="sm-746">
         <name>_abort</name>
         <value>0xbb80</value>
         <object_component_ref idref="oc-166"/>
      </symbol>
      <symbol id="sm-747">
         <name>___TI_dtors_ptr</name>
         <value>0xbc0c</value>
         <object_component_ref idref="oc-12a"/>
      </symbol>
      <symbol id="sm-75c">
         <name>__unlock</name>
         <value>0xbc10</value>
         <object_component_ref idref="oc-18f"/>
      </symbol>
      <symbol id="sm-75d">
         <name>__lock</name>
         <value>0xbc0e</value>
         <object_component_ref idref="oc-16b"/>
      </symbol>
      <symbol id="sm-75e">
         <name>__register_lock</name>
         <value>0xbbeb</value>
         <object_component_ref idref="oc-179"/>
      </symbol>
      <symbol id="sm-75f">
         <name>__nop</name>
         <value>0xbbef</value>
         <object_component_ref idref="oc-179"/>
      </symbol>
      <symbol id="sm-760">
         <name>__register_unlock</name>
         <value>0xbbe7</value>
         <object_component_ref idref="oc-179"/>
      </symbol>
      <symbol id="sm-773">
         <name>_log</name>
         <value>0xb103</value>
         <object_component_ref idref="oc-17b"/>
      </symbol>
      <symbol id="sm-77e">
         <name>_errno</name>
         <value>0xbc15</value>
         <object_component_ref idref="oc-13b"/>
      </symbol>
      <symbol id="sm-78e">
         <name>_frexp</name>
         <value>0xbbb0</value>
         <object_component_ref idref="oc-190"/>
      </symbol>
      <symbol id="sm-7a0">
         <name>_memcpy</name>
         <value>0xbac4</value>
         <object_component_ref idref="oc-171"/>
      </symbol>
      <symbol id="sm-7b0">
         <name>_modf</name>
         <value>0xb847</value>
         <object_component_ref idref="oc-17c"/>
      </symbol>
      <symbol id="sm-7c6">
         <name>_pow</name>
         <value>0xb388</value>
         <object_component_ref idref="oc-17d"/>
      </symbol>
      <symbol id="sm-7d4">
         <name>I$$MOD</name>
         <value>0xba37</value>
         <object_component_ref idref="oc-151"/>
      </symbol>
      <symbol id="sm-7d5">
         <name>I$$DIV</name>
         <value>0xba26</value>
         <object_component_ref idref="oc-151"/>
      </symbol>
      <symbol id="sm-7e4">
         <name>__log</name>
         <value>0xb2f9</value>
         <object_component_ref idref="oc-191"/>
      </symbol>
      <symbol id="sm-7f5">
         <name>_exp</name>
         <value>0xb25a</value>
         <object_component_ref idref="oc-192"/>
      </symbol>
      <symbol id="sm-808">
         <name>_ldexp</name>
         <value>0xb75c</value>
         <object_component_ref idref="oc-194"/>
      </symbol>
      <symbol id="sm-80a">
         <name>_s0_calc</name>
         <value>0x3fb9dd</value>
      </symbol>
      <symbol id="sm-80c">
         <name>_s0_conf</name>
         <value>0x3fb9ad</value>
      </symbol>
      <symbol id="sm-80e">
         <name>_s2_calc</name>
         <value>0x3fbae7</value>
      </symbol>
      <symbol id="sm-810">
         <name>_s4_calc</name>
         <value>0x3fbb85</value>
      </symbol>
      <symbol id="sm-812">
         <name>_s4_conf</name>
         <value>0x3fbc34</value>
      </symbol>
      <symbol id="sm-814">
         <name>_s4_reset</name>
         <value>0x3fbc58</value>
      </symbol>
      <symbol id="sm-816">
         <name>_s8_calc</name>
         <value>0x3fbc9b</value>
      </symbol>
      <symbol id="sm-818">
         <name>_s8_cfg</name>
         <value>0x3fbc7d</value>
      </symbol>
      <symbol id="sm-81a">
         <name>_s8_get</name>
         <value>0x3fbd37</value>
      </symbol>
      <symbol id="sm-81c">
         <name>_s8_reset</name>
         <value>0x3fbc72</value>
      </symbol>
      <symbol id="sm-81e">
         <name>_spintac_rom_ver</name>
         <value>0x3fbc6d</value>
      </symbol>
   </symbol_table>
   <title>Link successful</title>
</link_info>
