<?xml version="1.0"?>
<link_info>
   <banner>TMS320C2000 Linker PC v6.4.4</banner>
   <copyright>Copyright (c) 1996-2015 Texas Instruments Incorporated</copyright>
   <link_time>0x559d5d53</link_time>
   <link_errors>0x0</link_errors>
   <output_file>foc_proj_lab02b.out</output_file>
   <entry_point>
      <name>_c_int00</name>
      <address>0xaeb0</address>
   </entry_point>
   <input_file_list>
      <input_file id="fl-3">
         <path>.\</path>
         <kind>object</kind>
         <file>proj_lab02b.obj</file>
         <name>proj_lab02b.obj</name>
      </input_file>
      <input_file id="fl-4">
         <path>.\drivers\</path>
         <kind>object</kind>
         <file>CodeStartBranch.obj</file>
         <name>CodeStartBranch.obj</name>
      </input_file>
      <input_file id="fl-5">
         <path>.\drivers\</path>
         <kind>object</kind>
         <file>adc.obj</file>
         <name>adc.obj</name>
      </input_file>
      <input_file id="fl-6">
         <path>.\drivers\</path>
         <kind>object</kind>
         <file>clarke.obj</file>
         <name>clarke.obj</name>
      </input_file>
      <input_file id="fl-7">
         <path>.\drivers\</path>
         <kind>object</kind>
         <file>clk.obj</file>
         <name>clk.obj</name>
      </input_file>
      <input_file id="fl-8">
         <path>.\drivers\</path>
         <kind>object</kind>
         <file>cpu.obj</file>
         <name>cpu.obj</name>
      </input_file>
      <input_file id="fl-9">
         <path>.\drivers\</path>
         <kind>object</kind>
         <file>ctrl.obj</file>
         <name>ctrl.obj</name>
      </input_file>
      <input_file id="fl-a">
         <path>.\drivers\</path>
         <kind>object</kind>
         <file>drv8301.obj</file>
         <name>drv8301.obj</name>
      </input_file>
      <input_file id="fl-b">
         <path>.\drivers\</path>
         <kind>object</kind>
         <file>filter_fo.obj</file>
         <name>filter_fo.obj</name>
      </input_file>
      <input_file id="fl-c">
         <path>.\drivers\</path>
         <kind>object</kind>
         <file>flash.obj</file>
         <name>flash.obj</name>
      </input_file>
      <input_file id="fl-d">
         <path>.\drivers\</path>
         <kind>object</kind>
         <file>gpio.obj</file>
         <name>gpio.obj</name>
      </input_file>
      <input_file id="fl-e">
         <path>.\drivers\</path>
         <kind>object</kind>
         <file>hal.obj</file>
         <name>hal.obj</name>
      </input_file>
      <input_file id="fl-f">
         <path>.\drivers\</path>
         <kind>object</kind>
         <file>ipark.obj</file>
         <name>ipark.obj</name>
      </input_file>
      <input_file id="fl-10">
         <path>.\drivers\</path>
         <kind>object</kind>
         <file>memCopy.obj</file>
         <name>memCopy.obj</name>
      </input_file>
      <input_file id="fl-11">
         <path>.\drivers\</path>
         <kind>object</kind>
         <file>offset.obj</file>
         <name>offset.obj</name>
      </input_file>
      <input_file id="fl-12">
         <path>.\drivers\</path>
         <kind>object</kind>
         <file>osc.obj</file>
         <name>osc.obj</name>
      </input_file>
      <input_file id="fl-13">
         <path>.\drivers\</path>
         <kind>object</kind>
         <file>park.obj</file>
         <name>park.obj</name>
      </input_file>
      <input_file id="fl-14">
         <path>.\drivers\</path>
         <kind>object</kind>
         <file>pid.obj</file>
         <name>pid.obj</name>
      </input_file>
      <input_file id="fl-15">
         <path>.\drivers\</path>
         <kind>object</kind>
         <file>pie.obj</file>
         <name>pie.obj</name>
      </input_file>
      <input_file id="fl-16">
         <path>.\drivers\</path>
         <kind>object</kind>
         <file>pll.obj</file>
         <name>pll.obj</name>
      </input_file>
      <input_file id="fl-17">
         <path>.\drivers\</path>
         <kind>object</kind>
         <file>pwm.obj</file>
         <name>pwm.obj</name>
      </input_file>
      <input_file id="fl-18">
         <path>.\drivers\</path>
         <kind>object</kind>
         <file>pwr.obj</file>
         <name>pwr.obj</name>
      </input_file>
      <input_file id="fl-19">
         <path>.\drivers\</path>
         <kind>object</kind>
         <file>spi.obj</file>
         <name>spi.obj</name>
      </input_file>
      <input_file id="fl-1a">
         <path>.\drivers\</path>
         <kind>object</kind>
         <file>svgen.obj</file>
         <name>svgen.obj</name>
      </input_file>
      <input_file id="fl-1b">
         <path>.\drivers\</path>
         <kind>object</kind>
         <file>timer.obj</file>
         <name>timer.obj</name>
      </input_file>
      <input_file id="fl-1c">
         <path>.\drivers\</path>
         <kind>object</kind>
         <file>traj.obj</file>
         <name>traj.obj</name>
      </input_file>
      <input_file id="fl-1d">
         <path>.\drivers\</path>
         <kind>object</kind>
         <file>usDelay.obj</file>
         <name>usDelay.obj</name>
      </input_file>
      <input_file id="fl-1e">
         <path>.\drivers\</path>
         <kind>object</kind>
         <file>user.obj</file>
         <name>user.obj</name>
      </input_file>
      <input_file id="fl-1f">
         <path>.\drivers\</path>
         <kind>object</kind>
         <file>wdog.obj</file>
         <name>wdog.obj</name>
      </input_file>
      <input_file id="fl-25">
         <path>C:\ti\ccsv6\tools\compiler\ti-cgt-c2000_6.4.4\lib\</path>
         <kind>archive</kind>
         <file>rts2800_ml.lib</file>
         <name>fd_mpy.obj</name>
      </input_file>
      <input_file id="fl-26">
         <path>C:\ti\ccsv6\tools\compiler\ti-cgt-c2000_6.4.4\lib\</path>
         <kind>archive</kind>
         <file>rts2800_ml.lib</file>
         <name>fd_tol.obj</name>
      </input_file>
      <input_file id="fl-27">
         <path>C:\ti\ccsv6\tools\compiler\ti-cgt-c2000_6.4.4\lib\</path>
         <kind>archive</kind>
         <file>rts2800_ml.lib</file>
         <name>fs_add.obj</name>
      </input_file>
      <input_file id="fl-28">
         <path>C:\ti\ccsv6\tools\compiler\ti-cgt-c2000_6.4.4\lib\</path>
         <kind>archive</kind>
         <file>rts2800_ml.lib</file>
         <name>fs_cmp.obj</name>
      </input_file>
      <input_file id="fl-29">
         <path>C:\ti\ccsv6\tools\compiler\ti-cgt-c2000_6.4.4\lib\</path>
         <kind>archive</kind>
         <file>rts2800_ml.lib</file>
         <name>fs_div.obj</name>
      </input_file>
      <input_file id="fl-2a">
         <path>C:\ti\ccsv6\tools\compiler\ti-cgt-c2000_6.4.4\lib\</path>
         <kind>archive</kind>
         <file>rts2800_ml.lib</file>
         <name>fs_mpy.obj</name>
      </input_file>
      <input_file id="fl-2b">
         <path>C:\ti\ccsv6\tools\compiler\ti-cgt-c2000_6.4.4\lib\</path>
         <kind>archive</kind>
         <file>rts2800_ml.lib</file>
         <name>fs_neg.obj</name>
      </input_file>
      <input_file id="fl-2c">
         <path>C:\ti\ccsv6\tools\compiler\ti-cgt-c2000_6.4.4\lib\</path>
         <kind>archive</kind>
         <file>rts2800_ml.lib</file>
         <name>fs_tofd.obj</name>
      </input_file>
      <input_file id="fl-2d">
         <path>C:\ti\ccsv6\tools\compiler\ti-cgt-c2000_6.4.4\lib\</path>
         <kind>archive</kind>
         <file>rts2800_ml.lib</file>
         <name>fs_toi.obj</name>
      </input_file>
      <input_file id="fl-2e">
         <path>C:\ti\ccsv6\tools\compiler\ti-cgt-c2000_6.4.4\lib\</path>
         <kind>archive</kind>
         <file>rts2800_ml.lib</file>
         <name>fs_tou.obj</name>
      </input_file>
      <input_file id="fl-2f">
         <path>C:\ti\ccsv6\tools\compiler\ti-cgt-c2000_6.4.4\lib\</path>
         <kind>archive</kind>
         <file>rts2800_ml.lib</file>
         <name>i_tofs.obj</name>
      </input_file>
      <input_file id="fl-30">
         <path>C:\ti\ccsv6\tools\compiler\ti-cgt-c2000_6.4.4\lib\</path>
         <kind>archive</kind>
         <file>rts2800_ml.lib</file>
         <name>u_tofs.obj</name>
      </input_file>
      <input_file id="fl-31">
         <path>C:\ti\ccsv6\tools\compiler\ti-cgt-c2000_6.4.4\lib\</path>
         <kind>archive</kind>
         <file>rts2800_ml.lib</file>
         <name>ul_tofs.obj</name>
      </input_file>
      <input_file id="fl-32">
         <path>C:\ti\motorware\motorware_1_01_00_14\sw\modules\fast\lib\32b\f28x\f2806x\</path>
         <kind>archive</kind>
         <file>2806xRevB_FastSpinROMSymbols.lib</file>
         <name>TMS320x2806x_REVB_boot_rom_out__CTRL_getVersion_tmp.obj</name>
      </input_file>
      <input_file id="fl-33">
         <path>C:\ti\motorware\motorware_1_01_00_14\sw\modules\fast\lib\32b\f28x\f2806x\</path>
         <kind>archive</kind>
         <file>2806xRevB_FastSpinROMSymbols.lib</file>
         <name>TMS320x2806x_REVB_boot_rom_out__CTRL_initCtrl_tmp.obj</name>
      </input_file>
      <input_file id="fl-34">
         <path>C:\ti\motorware\motorware_1_01_00_14\sw\modules\fast\lib\32b\f28x\f2806x\</path>
         <kind>archive</kind>
         <file>2806xRevB_FastSpinROMSymbols.lib</file>
         <name>TMS320x2806x_REVB_boot_rom_out__CTRL_runTraj_tmp.obj</name>
      </input_file>
      <input_file id="fl-35">
         <path>C:\ti\motorware\motorware_1_01_00_14\sw\modules\fast\lib\32b\f28x\f2806x\</path>
         <kind>archive</kind>
         <file>2806xRevB_FastSpinROMSymbols.lib</file>
         <name>TMS320x2806x_REVB_boot_rom_out__CTRL_setEstParams_tmp.obj</name>
      </input_file>
      <input_file id="fl-36">
         <path>C:\ti\motorware\motorware_1_01_00_14\sw\modules\fast\lib\32b\f28x\f2806x\</path>
         <kind>archive</kind>
         <file>2806xRevB_FastSpinROMSymbols.lib</file>
         <name>TMS320x2806x_REVB_boot_rom_out__CTRL_setUserMotorParams_tmp.obj</name>
      </input_file>
      <input_file id="fl-37">
         <path>C:\ti\motorware\motorware_1_01_00_14\sw\modules\fast\lib\32b\f28x\f2806x\</path>
         <kind>archive</kind>
         <file>2806xRevB_FastSpinROMSymbols.lib</file>
         <name>TMS320x2806x_REVB_boot_rom_out__CTRL_setupCtrl_tmp.obj</name>
      </input_file>
      <input_file id="fl-38">
         <path>C:\ti\motorware\motorware_1_01_00_14\sw\modules\fast\lib\32b\f28x\f2806x\</path>
         <kind>archive</kind>
         <file>2806xRevB_FastSpinROMSymbols.lib</file>
         <name>TMS320x2806x_REVB_boot_rom_out__CTRL_setupEstIdleState_tmp.obj</name>
      </input_file>
      <input_file id="fl-39">
         <path>C:\ti\motorware\motorware_1_01_00_14\sw\modules\fast\lib\32b\f28x\f2806x\</path>
         <kind>archive</kind>
         <file>2806xRevB_FastSpinROMSymbols.lib</file>
         <name>TMS320x2806x_REVB_boot_rom_out__CTRL_setupEstOnLineState_tmp.obj</name>
      </input_file>
      <input_file id="fl-3a">
         <path>C:\ti\motorware\motorware_1_01_00_14\sw\modules\fast\lib\32b\f28x\f2806x\</path>
         <kind>archive</kind>
         <file>2806xRevB_FastSpinROMSymbols.lib</file>
         <name>TMS320x2806x_REVB_boot_rom_out__CTRL_setupTraj_tmp.obj</name>
      </input_file>
      <input_file id="fl-3b">
         <path>C:\ti\motorware\motorware_1_01_00_14\sw\modules\fast\lib\32b\f28x\f2806x\</path>
         <kind>archive</kind>
         <file>2806xRevB_FastSpinROMSymbols.lib</file>
         <name>TMS320x2806x_REVB_boot_rom_out__EST_computeDirection_qFmt_tmp.obj</name>
      </input_file>
      <input_file id="fl-3c">
         <path>C:\ti\motorware\motorware_1_01_00_14\sw\modules\fast\lib\32b\f28x\f2806x\</path>
         <kind>archive</kind>
         <file>2806xRevB_FastSpinROMSymbols.lib</file>
         <name>TMS320x2806x_REVB_boot_rom_out__EST_doCurrentCtrl_tmp.obj</name>
      </input_file>
      <input_file id="fl-3d">
         <path>C:\ti\motorware\motorware_1_01_00_14\sw\modules\fast\lib\32b\f28x\f2806x\</path>
         <kind>archive</kind>
         <file>2806xRevB_FastSpinROMSymbols.lib</file>
         <name>TMS320x2806x_REVB_boot_rom_out__EST_doSpeedCtrl_tmp.obj</name>
      </input_file>
      <input_file id="fl-3e">
         <path>C:\ti\motorware\motorware_1_01_00_14\sw\modules\fast\lib\32b\f28x\f2806x\</path>
         <kind>archive</kind>
         <file>2806xRevB_FastSpinROMSymbols.lib</file>
         <name>TMS320x2806x_REVB_boot_rom_out__EST_getAngle_pu_tmp.obj</name>
      </input_file>
      <input_file id="fl-3f">
         <path>C:\ti\motorware\motorware_1_01_00_14\sw\modules\fast\lib\32b\f28x\f2806x\</path>
         <kind>archive</kind>
         <file>2806xRevB_FastSpinROMSymbols.lib</file>
         <name>TMS320x2806x_REVB_boot_rom_out__EST_getFlux_VpHz_tmp.obj</name>
      </input_file>
      <input_file id="fl-40">
         <path>C:\ti\motorware\motorware_1_01_00_14\sw\modules\fast\lib\32b\f28x\f2806x\</path>
         <kind>archive</kind>
         <file>2806xRevB_FastSpinROMSymbols.lib</file>
         <name>TMS320x2806x_REVB_boot_rom_out__EST_getFlux_pu_tmp.obj</name>
      </input_file>
      <input_file id="fl-41">
         <path>C:\ti\motorware\motorware_1_01_00_14\sw\modules\fast\lib\32b\f28x\f2806x\</path>
         <kind>archive</kind>
         <file>2806xRevB_FastSpinROMSymbols.lib</file>
         <name>TMS320x2806x_REVB_boot_rom_out__EST_getFm_pu_tmp.obj</name>
      </input_file>
      <input_file id="fl-42">
         <path>C:\ti\motorware\motorware_1_01_00_14\sw\modules\fast\lib\32b\f28x\f2806x\</path>
         <kind>archive</kind>
         <file>2806xRevB_FastSpinROMSymbols.lib</file>
         <name>TMS320x2806x_REVB_boot_rom_out__EST_getIdRated_tmp.obj</name>
      </input_file>
      <input_file id="fl-43">
         <path>C:\ti\motorware\motorware_1_01_00_14\sw\modules\fast\lib\32b\f28x\f2806x\</path>
         <kind>archive</kind>
         <file>2806xRevB_FastSpinROMSymbols.lib</file>
         <name>TMS320x2806x_REVB_boot_rom_out__EST_getLs_coarse_max_pu_tmp.obj</name>
      </input_file>
      <input_file id="fl-44">
         <path>C:\ti\motorware\motorware_1_01_00_14\sw\modules\fast\lib\32b\f28x\f2806x\</path>
         <kind>archive</kind>
         <file>2806xRevB_FastSpinROMSymbols.lib</file>
         <name>TMS320x2806x_REVB_boot_rom_out__EST_getLs_d_H_tmp.obj</name>
      </input_file>
      <input_file id="fl-45">
         <path>C:\ti\motorware\motorware_1_01_00_14\sw\modules\fast\lib\32b\f28x\f2806x\</path>
         <kind>archive</kind>
         <file>2806xRevB_FastSpinROMSymbols.lib</file>
         <name>TMS320x2806x_REVB_boot_rom_out__EST_getLs_d_pu_tmp.obj</name>
      </input_file>
      <input_file id="fl-46">
         <path>C:\ti\motorware\motorware_1_01_00_14\sw\modules\fast\lib\32b\f28x\f2806x\</path>
         <kind>archive</kind>
         <file>2806xRevB_FastSpinROMSymbols.lib</file>
         <name>TMS320x2806x_REVB_boot_rom_out__EST_getLs_q_H_tmp.obj</name>
      </input_file>
      <input_file id="fl-47">
         <path>C:\ti\motorware\motorware_1_01_00_14\sw\modules\fast\lib\32b\f28x\f2806x\</path>
         <kind>archive</kind>
         <file>2806xRevB_FastSpinROMSymbols.lib</file>
         <name>TMS320x2806x_REVB_boot_rom_out__EST_getLs_q_pu_tmp.obj</name>
      </input_file>
      <input_file id="fl-48">
         <path>C:\ti\motorware\motorware_1_01_00_14\sw\modules\fast\lib\32b\f28x\f2806x\</path>
         <kind>archive</kind>
         <file>2806xRevB_FastSpinROMSymbols.lib</file>
         <name>TMS320x2806x_REVB_boot_rom_out__EST_getMaxCurrentSlope_pu_tmp.obj</name>
      </input_file>
      <input_file id="fl-49">
         <path>C:\ti\motorware\motorware_1_01_00_14\sw\modules\fast\lib\32b\f28x\f2806x\</path>
         <kind>archive</kind>
         <file>2806xRevB_FastSpinROMSymbols.lib</file>
         <name>TMS320x2806x_REVB_boot_rom_out__EST_getOneOverDcBus_pu_tmp.obj</name>
      </input_file>
      <input_file id="fl-4a">
         <path>C:\ti\motorware\motorware_1_01_00_14\sw\modules\fast\lib\32b\f28x\f2806x\</path>
         <kind>archive</kind>
         <file>2806xRevB_FastSpinROMSymbols.lib</file>
         <name>TMS320x2806x_REVB_boot_rom_out__EST_getRr_Ohm_tmp.obj</name>
      </input_file>
      <input_file id="fl-4b">
         <path>C:\ti\motorware\motorware_1_01_00_14\sw\modules\fast\lib\32b\f28x\f2806x\</path>
         <kind>archive</kind>
         <file>2806xRevB_FastSpinROMSymbols.lib</file>
         <name>TMS320x2806x_REVB_boot_rom_out__EST_getRs_Ohm_tmp.obj</name>
      </input_file>
      <input_file id="fl-4c">
         <path>C:\ti\motorware\motorware_1_01_00_14\sw\modules\fast\lib\32b\f28x\f2806x\</path>
         <kind>archive</kind>
         <file>2806xRevB_FastSpinROMSymbols.lib</file>
         <name>TMS320x2806x_REVB_boot_rom_out__EST_getSpeed_krpm_tmp.obj</name>
      </input_file>
      <input_file id="fl-4d">
         <path>C:\ti\motorware\motorware_1_01_00_14\sw\modules\fast\lib\32b\f28x\f2806x\</path>
         <kind>archive</kind>
         <file>2806xRevB_FastSpinROMSymbols.lib</file>
         <name>TMS320x2806x_REVB_boot_rom_out__EST_getState_tmp.obj</name>
      </input_file>
      <input_file id="fl-4e">
         <path>C:\ti\motorware\motorware_1_01_00_14\sw\modules\fast\lib\32b\f28x\f2806x\</path>
         <kind>archive</kind>
         <file>2806xRevB_FastSpinROMSymbols.lib</file>
         <name>TMS320x2806x_REVB_boot_rom_out__EST_get_krpm_to_pu_sf_tmp.obj</name>
      </input_file>
      <input_file id="fl-4f">
         <path>C:\ti\motorware\motorware_1_01_00_14\sw\modules\fast\lib\32b\f28x\f2806x\</path>
         <kind>archive</kind>
         <file>2806xRevB_FastSpinROMSymbols.lib</file>
         <name>TMS320x2806x_REVB_boot_rom_out__EST_get_pu_to_krpm_sf_tmp.obj</name>
      </input_file>
      <input_file id="fl-50">
         <path>C:\ti\motorware\motorware_1_01_00_14\sw\modules\fast\lib\32b\f28x\f2806x\</path>
         <kind>archive</kind>
         <file>2806xRevB_FastSpinROMSymbols.lib</file>
         <name>TMS320x2806x_REVB_boot_rom_out__EST_isError_tmp.obj</name>
      </input_file>
      <input_file id="fl-51">
         <path>C:\ti\motorware\motorware_1_01_00_14\sw\modules\fast\lib\32b\f28x\f2806x\</path>
         <kind>archive</kind>
         <file>2806xRevB_FastSpinROMSymbols.lib</file>
         <name>TMS320x2806x_REVB_boot_rom_out__EST_isIdle_tmp.obj</name>
      </input_file>
      <input_file id="fl-52">
         <path>C:\ti\motorware\motorware_1_01_00_14\sw\modules\fast\lib\32b\f28x\f2806x\</path>
         <kind>archive</kind>
         <file>2806xRevB_FastSpinROMSymbols.lib</file>
         <name>TMS320x2806x_REVB_boot_rom_out__EST_isLockRotor_tmp.obj</name>
      </input_file>
      <input_file id="fl-53">
         <path>C:\ti\motorware\motorware_1_01_00_14\sw\modules\fast\lib\32b\f28x\f2806x\</path>
         <kind>archive</kind>
         <file>2806xRevB_FastSpinROMSymbols.lib</file>
         <name>TMS320x2806x_REVB_boot_rom_out__EST_isMotorIdentified_tmp.obj</name>
      </input_file>
      <input_file id="fl-54">
         <path>C:\ti\motorware\motorware_1_01_00_14\sw\modules\fast\lib\32b\f28x\f2806x\</path>
         <kind>archive</kind>
         <file>2806xRevB_FastSpinROMSymbols.lib</file>
         <name>TMS320x2806x_REVB_boot_rom_out__EST_isOnLine_tmp.obj</name>
      </input_file>
      <input_file id="fl-55">
         <path>C:\ti\motorware\motorware_1_01_00_14\sw\modules\fast\lib\32b\f28x\f2806x\</path>
         <kind>archive</kind>
         <file>2806xRevB_FastSpinROMSymbols.lib</file>
         <name>TMS320x2806x_REVB_boot_rom_out__EST_run_tmp.obj</name>
      </input_file>
      <input_file id="fl-56">
         <path>C:\ti\motorware\motorware_1_01_00_14\sw\modules\fast\lib\32b\f28x\f2806x\</path>
         <kind>archive</kind>
         <file>2806xRevB_FastSpinROMSymbols.lib</file>
         <name>TMS320x2806x_REVB_boot_rom_out__EST_setDir_qFmt_tmp.obj</name>
      </input_file>
      <input_file id="fl-57">
         <path>C:\ti\motorware\motorware_1_01_00_14\sw\modules\fast\lib\32b\f28x\f2806x\</path>
         <kind>archive</kind>
         <file>2806xRevB_FastSpinROMSymbols.lib</file>
         <name>TMS320x2806x_REVB_boot_rom_out__EST_setFe_neg_max_pu_tmp.obj</name>
      </input_file>
      <input_file id="fl-58">
         <path>C:\ti\motorware\motorware_1_01_00_14\sw\modules\fast\lib\32b\f28x\f2806x\</path>
         <kind>archive</kind>
         <file>2806xRevB_FastSpinROMSymbols.lib</file>
         <name>TMS320x2806x_REVB_boot_rom_out__EST_setFe_pos_min_pu_tmp.obj</name>
      </input_file>
      <input_file id="fl-59">
         <path>C:\ti\motorware\motorware_1_01_00_14\sw\modules\fast\lib\32b\f28x\f2806x\</path>
         <kind>archive</kind>
         <file>2806xRevB_FastSpinROMSymbols.lib</file>
         <name>TMS320x2806x_REVB_boot_rom_out__EST_setFlag_enableForceAngle_tmp.obj</name>
      </input_file>
      <input_file id="fl-5a">
         <path>C:\ti\motorware\motorware_1_01_00_14\sw\modules\fast\lib\32b\f28x\f2806x\</path>
         <kind>archive</kind>
         <file>2806xRevB_FastSpinROMSymbols.lib</file>
         <name>TMS320x2806x_REVB_boot_rom_out__EST_setId_ref_pu_tmp.obj</name>
      </input_file>
      <input_file id="fl-5b">
         <path>C:\ti\motorware\motorware_1_01_00_14\sw\modules\fast\lib\32b\f28x\f2806x\</path>
         <kind>archive</kind>
         <file>2806xRevB_FastSpinROMSymbols.lib</file>
         <name>TMS320x2806x_REVB_boot_rom_out__EST_setIdle_tmp.obj</name>
      </input_file>
      <input_file id="fl-5c">
         <path>C:\ti\motorware\motorware_1_01_00_14\sw\modules\fast\lib\32b\f28x\f2806x\</path>
         <kind>archive</kind>
         <file>2806xRevB_FastSpinROMSymbols.lib</file>
         <name>TMS320x2806x_REVB_boot_rom_out__EST_setIdle_all_tmp.obj</name>
      </input_file>
      <input_file id="fl-5d">
         <path>C:\ti\motorware\motorware_1_01_00_14\sw\modules\fast\lib\32b\f28x\f2806x\</path>
         <kind>archive</kind>
         <file>2806xRevB_FastSpinROMSymbols.lib</file>
         <name>TMS320x2806x_REVB_boot_rom_out__EST_setIq_ref_pu_tmp.obj</name>
      </input_file>
      <input_file id="fl-5e">
         <path>C:\ti\motorware\motorware_1_01_00_14\sw\modules\fast\lib\32b\f28x\f2806x\</path>
         <kind>archive</kind>
         <file>2806xRevB_FastSpinROMSymbols.lib</file>
         <name>TMS320x2806x_REVB_boot_rom_out__EST_setLs_d_pu_tmp.obj</name>
      </input_file>
      <input_file id="fl-5f">
         <path>C:\ti\motorware\motorware_1_01_00_14\sw\modules\fast\lib\32b\f28x\f2806x\</path>
         <kind>archive</kind>
         <file>2806xRevB_FastSpinROMSymbols.lib</file>
         <name>TMS320x2806x_REVB_boot_rom_out__EST_setLs_qFmt_tmp.obj</name>
      </input_file>
      <input_file id="fl-60">
         <path>C:\ti\motorware\motorware_1_01_00_14\sw\modules\fast\lib\32b\f28x\f2806x\</path>
         <kind>archive</kind>
         <file>2806xRevB_FastSpinROMSymbols.lib</file>
         <name>TMS320x2806x_REVB_boot_rom_out__EST_setLs_q_pu_tmp.obj</name>
      </input_file>
      <input_file id="fl-61">
         <path>C:\ti\motorware\motorware_1_01_00_14\sw\modules\fast\lib\32b\f28x\f2806x\</path>
         <kind>archive</kind>
         <file>2806xRevB_FastSpinROMSymbols.lib</file>
         <name>TMS320x2806x_REVB_boot_rom_out__EST_setMaxCurrentSlope_pu_tmp.obj</name>
      </input_file>
      <input_file id="fl-62">
         <path>C:\ti\motorware\motorware_1_01_00_14\sw\modules\fast\lib\32b\f28x\f2806x\</path>
         <kind>archive</kind>
         <file>2806xRevB_FastSpinROMSymbols.lib</file>
         <name>TMS320x2806x_REVB_boot_rom_out__EST_setRs_pu_tmp.obj</name>
      </input_file>
      <input_file id="fl-63">
         <path>C:\ti\motorware\motorware_1_01_00_14\sw\modules\fast\lib\32b\f28x\f2806x\</path>
         <kind>archive</kind>
         <file>2806xRevB_FastSpinROMSymbols.lib</file>
         <name>TMS320x2806x_REVB_boot_rom_out__EST_updateId_ref_pu_tmp.obj</name>
      </input_file>
      <input_file id="fl-64">
         <path>C:\ti\motorware\motorware_1_01_00_14\sw\modules\fast\lib\32b\f28x\f2806x\</path>
         <kind>archive</kind>
         <file>2806xRevB_FastSpinROMSymbols.lib</file>
         <name>TMS320x2806x_REVB_boot_rom_out__EST_updateState_tmp.obj</name>
      </input_file>
      <input_file id="fl-65">
         <path>C:\ti\motorware\motorware_1_01_00_14\sw\modules\fast\lib\32b\f28x\f2806x\</path>
         <kind>archive</kind>
         <file>2806xRevB_FastSpinROMSymbols.lib</file>
         <name>TMS320x2806x_REVB_boot_rom_out__EST_useZeroIq_ref_tmp.obj</name>
      </input_file>
      <input_file id="fl-66">
         <path>C:\ti\motorware\motorware_1_01_00_14\sw\modules\iqmath\lib\f28x\32b\</path>
         <kind>archive</kind>
         <file>IQmath.lib</file>
         <name>IQ24cosPU.obj</name>
      </input_file>
      <input_file id="fl-67">
         <path>C:\ti\motorware\motorware_1_01_00_14\sw\modules\iqmath\lib\f28x\32b\</path>
         <kind>archive</kind>
         <file>IQmath.lib</file>
         <name>IQmathTables.obj</name>
      </input_file>
      <input_file id="fl-68">
         <path>C:\ti\motorware\motorware_1_01_00_14\sw\modules\iqmath\lib\f28x\32b\</path>
         <kind>archive</kind>
         <file>IQmath.lib</file>
         <name>IQ24sinPU.obj</name>
      </input_file>
      <input_file id="fl-69">
         <path>C:\ti\motorware\motorware_1_01_00_14\sw\modules\iqmath\lib\f28x\32b\</path>
         <kind>archive</kind>
         <file>IQmath.lib</file>
         <name>IQ24sqrt.obj</name>
      </input_file>
      <input_file id="fl-6a">
         <path>C:\ti\motorware\motorware_1_01_00_14\sw\modules\iqmath\lib\f28x\32b\</path>
         <kind>archive</kind>
         <file>IQmath.lib</file>
         <name>IQ30toF.obj</name>
      </input_file>
      <input_file id="fl-6b">
         <path>C:\ti\ccsv6\tools\compiler\ti-cgt-c2000_6.4.4\lib\</path>
         <kind>archive</kind>
         <file>rts2800_ml.lib</file>
         <name>boot.obj</name>
      </input_file>
      <input_file id="fl-6c">
         <path>C:\ti\ccsv6\tools\compiler\ti-cgt-c2000_6.4.4\lib\</path>
         <kind>archive</kind>
         <file>rts2800_ml.lib</file>
         <name>args_main.obj</name>
      </input_file>
      <input_file id="fl-6d">
         <path>C:\ti\ccsv6\tools\compiler\ti-cgt-c2000_6.4.4\lib\</path>
         <kind>archive</kind>
         <file>rts2800_ml.lib</file>
         <name>exit.obj</name>
      </input_file>
      <input_file id="fl-6e">
         <path>C:\ti\ccsv6\tools\compiler\ti-cgt-c2000_6.4.4\lib\</path>
         <kind>archive</kind>
         <file>rts2800_ml.lib</file>
         <name>_lock.obj</name>
      </input_file>
      <input_file id="fl-6f">
         <path>C:\ti\ccsv6\tools\compiler\ti-cgt-c2000_6.4.4\lib\</path>
         <kind>archive</kind>
         <file>rts2800_ml.lib</file>
         <name>log.obj</name>
      </input_file>
      <input_file id="fl-70">
         <path>C:\ti\ccsv6\tools\compiler\ti-cgt-c2000_6.4.4\lib\</path>
         <kind>archive</kind>
         <file>rts2800_ml.lib</file>
         <name>errno.obj</name>
      </input_file>
      <input_file id="fl-71">
         <path>C:\ti\ccsv6\tools\compiler\ti-cgt-c2000_6.4.4\lib\</path>
         <kind>archive</kind>
         <file>rts2800_ml.lib</file>
         <name>frexp.obj</name>
      </input_file>
      <input_file id="fl-72">
         <path>C:\ti\ccsv6\tools\compiler\ti-cgt-c2000_6.4.4\lib\</path>
         <kind>archive</kind>
         <file>rts2800_ml.lib</file>
         <name>memcpy.obj</name>
      </input_file>
      <input_file id="fl-73">
         <path>C:\ti\ccsv6\tools\compiler\ti-cgt-c2000_6.4.4\lib\</path>
         <kind>archive</kind>
         <file>rts2800_ml.lib</file>
         <name>modf.obj</name>
      </input_file>
      <input_file id="fl-74">
         <path>C:\ti\ccsv6\tools\compiler\ti-cgt-c2000_6.4.4\lib\</path>
         <kind>archive</kind>
         <file>rts2800_ml.lib</file>
         <name>fs_tol.obj</name>
      </input_file>
      <input_file id="fl-75">
         <path>C:\ti\ccsv6\tools\compiler\ti-cgt-c2000_6.4.4\lib\</path>
         <kind>archive</kind>
         <file>rts2800_ml.lib</file>
         <name>l_tofs.obj</name>
      </input_file>
      <input_file id="fl-76">
         <path>C:\ti\ccsv6\tools\compiler\ti-cgt-c2000_6.4.4\lib\</path>
         <kind>archive</kind>
         <file>rts2800_ml.lib</file>
         <name>pow.obj</name>
      </input_file>
      <input_file id="fl-77">
         <path>C:\ti\ccsv6\tools\compiler\ti-cgt-c2000_6.4.4\lib\</path>
         <kind>archive</kind>
         <file>rts2800_ml.lib</file>
         <name>i_div.obj</name>
      </input_file>
      <input_file id="fl-78">
         <path>C:\ti\ccsv6\tools\compiler\ti-cgt-c2000_6.4.4\lib\</path>
         <kind>archive</kind>
         <file>rts2800_ml.lib</file>
         <name>_log.obj</name>
      </input_file>
      <input_file id="fl-79">
         <path>C:\ti\ccsv6\tools\compiler\ti-cgt-c2000_6.4.4\lib\</path>
         <kind>archive</kind>
         <file>rts2800_ml.lib</file>
         <name>exp.obj</name>
      </input_file>
      <input_file id="fl-7a">
         <path>C:\ti\ccsv6\tools\compiler\ti-cgt-c2000_6.4.4\lib\</path>
         <kind>archive</kind>
         <file>rts2800_ml.lib</file>
         <name>ldexp.obj</name>
      </input_file>
   </input_file_list>
   <object_component_list>
      <object_component id="oc-1c">
         <name>codestart</name>
         <load_address>0x0</load_address>
         <run_address>0x0</run_address>
         <size>0x2</size>
         <input_file_ref idref="fl-4"/>
      </object_component>
      <object_component id="oc-15b">
         <name>ramfuncs</name>
         <load_address>0xf1</load_address>
         <run_address>0xf1</run_address>
         <size>0x32</size>
         <input_file_ref idref="fl-c"/>
      </object_component>
      <object_component id="oc-a0">
         <name>ramfuncs</name>
         <load_address>0x123</load_address>
         <run_address>0x123</run_address>
         <size>0x4</size>
         <input_file_ref idref="fl-1d"/>
      </object_component>
      <object_component id="oc-14f">
         <name>.text</name>
         <load_address>0x8000</load_address>
         <run_address>0x8000</run_address>
         <size>0xa99</size>
         <input_file_ref idref="fl-e"/>
      </object_component>
      <object_component id="oc-14b">
         <name>.text</name>
         <load_address>0x8a99</load_address>
         <run_address>0x8a99</run_address>
         <size>0x97a</size>
         <input_file_ref idref="fl-9"/>
      </object_component>
      <object_component id="oc-150">
         <name>.text</name>
         <load_address>0x9413</load_address>
         <run_address>0x9413</run_address>
         <size>0x496</size>
         <input_file_ref idref="fl-1e"/>
      </object_component>
      <object_component id="oc-14c">
         <name>.text</name>
         <load_address>0x98a9</load_address>
         <run_address>0x98a9</run_address>
         <size>0x341</size>
         <input_file_ref idref="fl-3"/>
      </object_component>
      <object_component id="oc-157">
         <name>.text</name>
         <load_address>0x9bea</load_address>
         <run_address>0x9bea</run_address>
         <size>0x2f7</size>
         <input_file_ref idref="fl-17"/>
      </object_component>
      <object_component id="oc-154">
         <name>.text</name>
         <load_address>0x9ee1</load_address>
         <run_address>0x9ee1</run_address>
         <size>0x2d4</size>
         <input_file_ref idref="fl-a"/>
      </object_component>
      <object_component id="oc-15c">
         <name>.text</name>
         <load_address>0xa1b5</load_address>
         <run_address>0xa1b5</run_address>
         <size>0x1fa</size>
         <input_file_ref idref="fl-5"/>
      </object_component>
      <object_component id="oc-14a">
         <name>.text</name>
         <load_address>0xa3af</load_address>
         <run_address>0xa3af</run_address>
         <size>0x197</size>
         <input_file_ref idref="fl-d"/>
      </object_component>
      <object_component id="oc-158">
         <name>.text</name>
         <load_address>0xa546</load_address>
         <run_address>0xa546</run_address>
         <size>0x18b</size>
         <input_file_ref idref="fl-7"/>
      </object_component>
      <object_component id="oc-15a">
         <name>.text</name>
         <load_address>0xa6d1</load_address>
         <run_address>0xa6d1</run_address>
         <size>0x102</size>
         <input_file_ref idref="fl-15"/>
      </object_component>
      <object_component id="oc-15">
         <name>.text:retain</name>
         <load_address>0xa7d3</load_address>
         <run_address>0xa7d3</run_address>
         <size>0xc8</size>
         <input_file_ref idref="fl-3"/>
      </object_component>
      <object_component id="oc-163">
         <name>.text</name>
         <load_address>0xa89b</load_address>
         <run_address>0xa89b</run_address>
         <size>0xad</size>
         <input_file_ref idref="fl-6f"/>
      </object_component>
      <object_component id="oc-156">
         <name>.text</name>
         <load_address>0xa948</load_address>
         <run_address>0xa948</run_address>
         <size>0xaa</size>
         <input_file_ref idref="fl-19"/>
      </object_component>
      <object_component id="oc-16a">
         <name>.text</name>
         <load_address>0xa9f2</load_address>
         <run_address>0xa9f2</run_address>
         <size>0x9f</size>
         <input_file_ref idref="fl-79"/>
      </object_component>
      <object_component id="oc-169">
         <name>.text</name>
         <load_address>0xaa91</load_address>
         <run_address>0xaa91</run_address>
         <size>0x8f</size>
         <input_file_ref idref="fl-78"/>
      </object_component>
      <object_component id="oc-165">
         <name>.text</name>
         <load_address>0xab20</load_address>
         <run_address>0xab20</run_address>
         <size>0x88</size>
         <input_file_ref idref="fl-76"/>
      </object_component>
      <object_component id="oc-b0">
         <name>.text</name>
         <load_address>0xaba8</load_address>
         <run_address>0xaba8</run_address>
         <size>0x83</size>
         <input_file_ref idref="fl-25"/>
      </object_component>
      <object_component id="oc-c4">
         <name>.text</name>
         <load_address>0xac2b</load_address>
         <run_address>0xac2b</run_address>
         <size>0x83</size>
         <input_file_ref idref="fl-29"/>
      </object_component>
      <object_component id="oc-ba">
         <name>.text</name>
         <load_address>0xacae</load_address>
         <run_address>0xacae</run_address>
         <size>0x78</size>
         <input_file_ref idref="fl-27"/>
      </object_component>
      <object_component id="oc-159">
         <name>.text</name>
         <load_address>0xad26</load_address>
         <run_address>0xad26</run_address>
         <size>0x5c</size>
         <input_file_ref idref="fl-16"/>
      </object_component>
      <object_component id="oc-c9">
         <name>.text</name>
         <load_address>0xad82</load_address>
         <run_address>0xad82</run_address>
         <size>0x5a</size>
         <input_file_ref idref="fl-2a"/>
      </object_component>
      <object_component id="oc-15e">
         <name>.text</name>
         <load_address>0xaddc</load_address>
         <run_address>0xaddc</run_address>
         <size>0x48</size>
         <input_file_ref idref="fl-11"/>
      </object_component>
      <object_component id="oc-160">
         <name>.text</name>
         <load_address>0xae24</load_address>
         <run_address>0xae24</run_address>
         <size>0x47</size>
         <input_file_ref idref="fl-1f"/>
      </object_component>
      <object_component id="oc-162">
         <name>.text</name>
         <load_address>0xae6b</load_address>
         <run_address>0xae6b</run_address>
         <size>0x45</size>
         <input_file_ref idref="fl-18"/>
      </object_component>
      <object_component id="oc-11">
         <name>.text</name>
         <load_address>0xaeb0</load_address>
         <run_address>0xaeb0</run_address>
         <size>0x44</size>
         <input_file_ref idref="fl-6b"/>
      </object_component>
      <object_component id="oc-16b">
         <name>.text</name>
         <load_address>0xaef4</load_address>
         <run_address>0xaef4</run_address>
         <size>0x41</size>
         <input_file_ref idref="fl-7a"/>
      </object_component>
      <object_component id="oc-164">
         <name>.text</name>
         <load_address>0xaf35</load_address>
         <run_address>0xaf35</run_address>
         <size>0x33</size>
         <input_file_ref idref="fl-73"/>
      </object_component>
      <object_component id="oc-155">
         <name>.text</name>
         <load_address>0xaf68</load_address>
         <run_address>0xaf68</run_address>
         <size>0x33</size>
         <input_file_ref idref="fl-1b"/>
      </object_component>
      <object_component id="oc-15d">
         <name>.text</name>
         <load_address>0xaf9b</load_address>
         <run_address>0xaf9b</run_address>
         <size>0x2e</size>
         <input_file_ref idref="fl-12"/>
      </object_component>
      <object_component id="oc-125">
         <name>.text</name>
         <load_address>0xafc9</load_address>
         <run_address>0xafc9</run_address>
         <size>0x29</size>
         <input_file_ref idref="fl-74"/>
      </object_component>
      <object_component id="oc-15f">
         <name>.text</name>
         <load_address>0xaff2</load_address>
         <run_address>0xaff2</run_address>
         <size>0x25</size>
         <input_file_ref idref="fl-8"/>
      </object_component>
      <object_component id="oc-d8">
         <name>.text</name>
         <load_address>0xb017</load_address>
         <run_address>0xb017</run_address>
         <size>0x25</size>
         <input_file_ref idref="fl-2d"/>
      </object_component>
      <object_component id="oc-167">
         <name>.text</name>
         <load_address>0xb03c</load_address>
         <run_address>0xb03c</run_address>
         <size>0x22</size>
         <input_file_ref idref="fl-b"/>
      </object_component>
      <object_component id="oc-134">
         <name>.text</name>
         <load_address>0xb05e</load_address>
         <run_address>0xb05e</run_address>
         <size>0x22</size>
         <input_file_ref idref="fl-77"/>
      </object_component>
      <object_component id="oc-161">
         <name>.text</name>
         <load_address>0xb080</load_address>
         <run_address>0xb080</run_address>
         <size>0x21</size>
         <input_file_ref idref="fl-c"/>
      </object_component>
      <object_component id="oc-b5">
         <name>.text</name>
         <load_address>0xb0a1</load_address>
         <run_address>0xb0a1</run_address>
         <size>0x1f</size>
         <input_file_ref idref="fl-26"/>
      </object_component>
      <object_component id="oc-dd">
         <name>.text</name>
         <load_address>0xb0c0</load_address>
         <run_address>0xb0c0</run_address>
         <size>0x1d</size>
         <input_file_ref idref="fl-2e"/>
      </object_component>
      <object_component id="oc-151">
         <name>.text</name>
         <load_address>0xb0dd</load_address>
         <run_address>0xb0dd</run_address>
         <size>0x1d</size>
         <input_file_ref idref="fl-72"/>
      </object_component>
      <object_component id="oc-d3">
         <name>.text</name>
         <load_address>0xb0fa</load_address>
         <run_address>0xb0fa</run_address>
         <size>0x1c</size>
         <input_file_ref idref="fl-2c"/>
      </object_component>
      <object_component id="oc-e2">
         <name>.text</name>
         <load_address>0xb116</load_address>
         <run_address>0xb116</run_address>
         <size>0x1a</size>
         <input_file_ref idref="fl-2f"/>
      </object_component>
      <object_component id="oc-12a">
         <name>.text</name>
         <load_address>0xb130</load_address>
         <run_address>0xb130</run_address>
         <size>0x1a</size>
         <input_file_ref idref="fl-75"/>
      </object_component>
      <object_component id="oc-148">
         <name>.text</name>
         <load_address>0xb14a</load_address>
         <run_address>0xb14a</run_address>
         <size>0x19</size>
         <input_file_ref idref="fl-6c"/>
      </object_component>
      <object_component id="oc-149">
         <name>.text</name>
         <load_address>0xb163</load_address>
         <run_address>0xb163</run_address>
         <size>0x19</size>
         <input_file_ref idref="fl-6d"/>
      </object_component>
      <object_component id="oc-bf">
         <name>.text</name>
         <load_address>0xb17c</load_address>
         <run_address>0xb17c</run_address>
         <size>0x17</size>
         <input_file_ref idref="fl-28"/>
      </object_component>
      <object_component id="oc-168">
         <name>.text</name>
         <load_address>0xb193</load_address>
         <run_address>0xb193</run_address>
         <size>0x14</size>
         <input_file_ref idref="fl-71"/>
      </object_component>
      <object_component id="oc-ec">
         <name>.text</name>
         <load_address>0xb1a7</load_address>
         <run_address>0xb1a7</run_address>
         <size>0x13</size>
         <input_file_ref idref="fl-31"/>
      </object_component>
      <object_component id="oc-e7">
         <name>.text</name>
         <load_address>0xb1ba</load_address>
         <run_address>0xb1ba</run_address>
         <size>0x10</size>
         <input_file_ref idref="fl-30"/>
      </object_component>
      <object_component id="oc-152">
         <name>.text</name>
         <load_address>0xb1ca</load_address>
         <run_address>0xb1ca</run_address>
         <size>0x9</size>
         <input_file_ref idref="fl-6e"/>
      </object_component>
      <object_component id="oc-1b">
         <name>.text</name>
         <load_address>0xb1d3</load_address>
         <run_address>0xb1d3</run_address>
         <size>0x8</size>
         <input_file_ref idref="fl-4"/>
      </object_component>
      <object_component id="oc-78">
         <name>.text:retain</name>
         <load_address>0xb1db</load_address>
         <run_address>0xb1db</run_address>
         <size>0x5</size>
         <input_file_ref idref="fl-15"/>
      </object_component>
      <object_component id="oc-ce">
         <name>.text</name>
         <load_address>0xb1e0</load_address>
         <run_address>0xb1e0</run_address>
         <size>0x5</size>
         <input_file_ref idref="fl-2b"/>
      </object_component>
      <object_component id="oc-13">
         <name>.cinit</name>
         <load_address>0x50</load_address>
         <run_address>0x50</run_address>
         <size>0x83</size>
         <input_file_ref idref="fl-3"/>
      </object_component>
      <object_component id="oc-102">
         <name>.cinit</name>
         <load_address>0xd3</load_address>
         <run_address>0xd3</run_address>
         <size>0xa</size>
         <input_file_ref idref="fl-6d"/>
      </object_component>
      <object_component id="oc-14e">
         <name>.cinit:__lock</name>
         <load_address>0xdd</load_address>
         <run_address>0xdd</run_address>
         <size>0x5</size>
         <input_file_ref idref="fl-6e"/>
      </object_component>
      <object_component id="oc-153">
         <name>.cinit:__unlock</name>
         <load_address>0xe2</load_address>
         <run_address>0xe2</run_address>
         <size>0x5</size>
         <input_file_ref idref="fl-6e"/>
      </object_component>
      <object_component id="oc-3d">
         <name>.cinit</name>
         <load_address>0xe7</load_address>
         <run_address>0xe7</run_address>
         <size>0x4</size>
         <input_file_ref idref="fl-a"/>
      </object_component>
      <object_component id="oc-113">
         <name>.cinit</name>
         <load_address>0xeb</load_address>
         <run_address>0xeb</run_address>
         <size>0x4</size>
         <input_file_ref idref="fl-70"/>
      </object_component>
      <object_component id="oc-f7">
         <name>.reset</name>
         <load_address>0x3fffc0</load_address>
         <run_address>0x3fffc0</run_address>
         <size>0x2</size>
         <input_file_ref idref="fl-6b"/>
      </object_component>
      <object_component id="oc-f6">
         <name>.stack</name>
         <uninitialized>true</uninitialized>
         <run_address>0x400</run_address>
         <size>0x0</size>
         <input_file_ref idref="fl-6b"/>
      </object_component>
      <object_component id="oc-185">
         <name>.stack</name>
         <uninitialized>true</uninitialized>
         <run_address>0x400</run_address>
         <size>0x0</size>
      </object_component>
      <object_component id="oc-14">
         <name>.ebss</name>
         <uninitialized>true</uninitialized>
         <run_address>0xb200</run_address>
         <size>0x16c</size>
         <input_file_ref idref="fl-3"/>
      </object_component>
      <object_component id="oc-31">
         <name>.ebss</name>
         <uninitialized>true</uninitialized>
         <run_address>0xb1f0</run_address>
         <size>0x1</size>
         <input_file_ref idref="fl-8"/>
      </object_component>
      <object_component id="oc-3e">
         <name>.ebss</name>
         <uninitialized>true</uninitialized>
         <run_address>0xb1ee</run_address>
         <size>0x2</size>
         <input_file_ref idref="fl-a"/>
      </object_component>
      <object_component id="oc-53">
         <name>.ebss</name>
         <uninitialized>true</uninitialized>
         <run_address>0xb380</run_address>
         <size>0xa6</size>
         <input_file_ref idref="fl-e"/>
      </object_component>
      <object_component id="oc-103">
         <name>.ebss</name>
         <uninitialized>true</uninitialized>
         <run_address>0xb1e6</run_address>
         <size>0x4</size>
         <input_file_ref idref="fl-6d"/>
      </object_component>
      <object_component id="oc-166">
         <name>.ebss:__unlock</name>
         <uninitialized>true</uninitialized>
         <run_address>0xb1ec</run_address>
         <size>0x2</size>
         <input_file_ref idref="fl-6e"/>
      </object_component>
      <object_component id="oc-14d">
         <name>.ebss:__lock</name>
         <uninitialized>true</uninitialized>
         <run_address>0xb1ea</run_address>
         <size>0x2</size>
         <input_file_ref idref="fl-6e"/>
      </object_component>
      <object_component id="oc-114">
         <name>.ebss</name>
         <uninitialized>true</uninitialized>
         <run_address>0xb1f1</run_address>
         <size>0x1</size>
         <input_file_ref idref="fl-70"/>
      </object_component>
      <object_component id="oc-37">
         <name>.econst</name>
         <load_address>0xb4cc</load_address>
         <run_address>0xb4cc</run_address>
         <size>0x1c</size>
         <input_file_ref idref="fl-9"/>
      </object_component>
      <object_component id="oc-a6">
         <name>.econst</name>
         <load_address>0xb4e8</load_address>
         <run_address>0xb4e8</run_address>
         <size>0x8</size>
         <input_file_ref idref="fl-1e"/>
      </object_component>
      <object_component id="oc-54">
         <name>.econst</name>
         <load_address>0xb4f0</load_address>
         <run_address>0xb4f0</run_address>
         <size>0x4</size>
         <input_file_ref idref="fl-e"/>
      </object_component>
      <object_component id="oc-16">
         <name>.econst</name>
         <load_address>0xb4f4</load_address>
         <run_address>0xb4f4</run_address>
         <size>0x4</size>
         <input_file_ref idref="fl-3"/>
      </object_component>
      <object_component id="oc-f4">
         <name>IQmath</name>
         <load_address>0xb426</load_address>
         <run_address>0xb426</run_address>
         <size>0x42</size>
         <input_file_ref idref="fl-69"/>
      </object_component>
      <object_component id="oc-f3">
         <name>IQmath</name>
         <load_address>0xb468</load_address>
         <run_address>0xb468</run_address>
         <size>0x29</size>
         <input_file_ref idref="fl-68"/>
      </object_component>
      <object_component id="oc-f1">
         <name>IQmath</name>
         <load_address>0xb491</load_address>
         <run_address>0xb491</run_address>
         <size>0x27</size>
         <input_file_ref idref="fl-66"/>
      </object_component>
      <object_component id="oc-f5">
         <name>IQmath</name>
         <load_address>0xb4b8</load_address>
         <run_address>0xb4b8</run_address>
         <size>0x14</size>
         <input_file_ref idref="fl-6a"/>
      </object_component>
      <object_component id="oc-f2">
         <name>IQmathTables</name>
         <load_address>0x3fdc30</load_address>
         <run_address>0x3fdc30</run_address>
         <size>0xb50</size>
         <input_file_ref idref="fl-67"/>
      </object_component>
      <object_component id="oc-12">
         <name>.debug_info</name>
         <load_address>0x0</load_address>
         <run_address>0x0</run_address>
         <size>0x8c2b</size>
         <input_file_ref idref="fl-3"/>
      </object_component>
      <object_component id="oc-1d">
         <name>.debug_info</name>
         <load_address>0x8c2b</load_address>
         <run_address>0x8c2b</run_address>
         <size>0x1d6</size>
         <input_file_ref idref="fl-4"/>
      </object_component>
      <object_component id="oc-21">
         <name>.debug_info</name>
         <load_address>0x8e01</load_address>
         <run_address>0x8e01</run_address>
         <size>0x436d</size>
         <input_file_ref idref="fl-5"/>
      </object_component>
      <object_component id="oc-26">
         <name>.debug_info</name>
         <load_address>0xd16e</load_address>
         <run_address>0xd16e</run_address>
         <size>0x3a5</size>
         <input_file_ref idref="fl-6"/>
      </object_component>
      <object_component id="oc-2b">
         <name>.debug_info</name>
         <load_address>0xd513</load_address>
         <run_address>0xd513</run_address>
         <size>0x49e4</size>
         <input_file_ref idref="fl-7"/>
      </object_component>
      <object_component id="oc-30">
         <name>.debug_info</name>
         <load_address>0x11ef7</load_address>
         <run_address>0x11ef7</run_address>
         <size>0xffb</size>
         <input_file_ref idref="fl-8"/>
      </object_component>
      <object_component id="oc-36">
         <name>.debug_info</name>
         <load_address>0x12ef2</load_address>
         <run_address>0x12ef2</run_address>
         <size>0x9a84</size>
         <input_file_ref idref="fl-9"/>
      </object_component>
      <object_component id="oc-3c">
         <name>.debug_info</name>
         <load_address>0x1c976</load_address>
         <run_address>0x1c976</run_address>
         <size>0x4cd3</size>
         <input_file_ref idref="fl-a"/>
      </object_component>
      <object_component id="oc-43">
         <name>.debug_info</name>
         <load_address>0x21649</load_address>
         <run_address>0x21649</run_address>
         <size>0xc7c</size>
         <input_file_ref idref="fl-b"/>
      </object_component>
      <object_component id="oc-48">
         <name>.debug_info</name>
         <load_address>0x222c5</load_address>
         <run_address>0x222c5</run_address>
         <size>0x1fea</size>
         <input_file_ref idref="fl-c"/>
      </object_component>
      <object_component id="oc-4d">
         <name>.debug_info</name>
         <load_address>0x242af</load_address>
         <run_address>0x242af</run_address>
         <size>0x36b4</size>
         <input_file_ref idref="fl-d"/>
      </object_component>
      <object_component id="oc-52">
         <name>.debug_info</name>
         <load_address>0x27963</load_address>
         <run_address>0x27963</run_address>
         <size>0x11b1f</size>
         <input_file_ref idref="fl-e"/>
      </object_component>
      <object_component id="oc-59">
         <name>.debug_info</name>
         <load_address>0x39482</load_address>
         <run_address>0x39482</run_address>
         <size>0x354</size>
         <input_file_ref idref="fl-f"/>
      </object_component>
      <object_component id="oc-5e">
         <name>.debug_info</name>
         <load_address>0x397d6</load_address>
         <run_address>0x397d6</run_address>
         <size>0x2f4</size>
         <input_file_ref idref="fl-10"/>
      </object_component>
      <object_component id="oc-63">
         <name>.debug_info</name>
         <load_address>0x39aca</load_address>
         <run_address>0x39aca</run_address>
         <size>0xc17</size>
         <input_file_ref idref="fl-11"/>
      </object_component>
      <object_component id="oc-68">
         <name>.debug_info</name>
         <load_address>0x3a6e1</load_address>
         <run_address>0x3a6e1</run_address>
         <size>0x9ab</size>
         <input_file_ref idref="fl-12"/>
      </object_component>
      <object_component id="oc-6d">
         <name>.debug_info</name>
         <load_address>0x3b08c</load_address>
         <run_address>0x3b08c</run_address>
         <size>0x350</size>
         <input_file_ref idref="fl-13"/>
      </object_component>
      <object_component id="oc-72">
         <name>.debug_info</name>
         <load_address>0x3b3dc</load_address>
         <run_address>0x3b3dc</run_address>
         <size>0x3e4</size>
         <input_file_ref idref="fl-14"/>
      </object_component>
      <object_component id="oc-77">
         <name>.debug_info</name>
         <load_address>0x3b7c0</load_address>
         <run_address>0x3b7c0</run_address>
         <size>0x4520</size>
         <input_file_ref idref="fl-15"/>
      </object_component>
      <object_component id="oc-7d">
         <name>.debug_info</name>
         <load_address>0x3fce0</load_address>
         <run_address>0x3fce0</run_address>
         <size>0x19ea</size>
         <input_file_ref idref="fl-16"/>
      </object_component>
      <object_component id="oc-82">
         <name>.debug_info</name>
         <load_address>0x416ca</load_address>
         <run_address>0x416ca</run_address>
         <size>0xae35</size>
         <input_file_ref idref="fl-17"/>
      </object_component>
      <object_component id="oc-87">
         <name>.debug_info</name>
         <load_address>0x4c4ff</load_address>
         <run_address>0x4c4ff</run_address>
         <size>0x1318</size>
         <input_file_ref idref="fl-18"/>
      </object_component>
      <object_component id="oc-8c">
         <name>.debug_info</name>
         <load_address>0x4d817</load_address>
         <run_address>0x4d817</run_address>
         <size>0x39ed</size>
         <input_file_ref idref="fl-19"/>
      </object_component>
      <object_component id="oc-91">
         <name>.debug_info</name>
         <load_address>0x51204</load_address>
         <run_address>0x51204</run_address>
         <size>0x34e</size>
         <input_file_ref idref="fl-1a"/>
      </object_component>
      <object_component id="oc-96">
         <name>.debug_info</name>
         <load_address>0x51552</load_address>
         <run_address>0x51552</run_address>
         <size>0xea6</size>
         <input_file_ref idref="fl-1b"/>
      </object_component>
      <object_component id="oc-9b">
         <name>.debug_info</name>
         <load_address>0x523f8</load_address>
         <run_address>0x523f8</run_address>
         <size>0x3b6</size>
         <input_file_ref idref="fl-1c"/>
      </object_component>
      <object_component id="oc-a1">
         <name>.debug_info</name>
         <load_address>0x527ae</load_address>
         <run_address>0x527ae</run_address>
         <size>0x15c</size>
         <input_file_ref idref="fl-1d"/>
      </object_component>
      <object_component id="oc-a5">
         <name>.debug_info</name>
         <load_address>0x5290a</load_address>
         <run_address>0x5290a</run_address>
         <size>0x4a3c</size>
         <input_file_ref idref="fl-1e"/>
      </object_component>
      <object_component id="oc-ab">
         <name>.debug_info</name>
         <load_address>0x57346</load_address>
         <run_address>0x57346</run_address>
         <size>0x1258</size>
         <input_file_ref idref="fl-1f"/>
      </object_component>
      <object_component id="oc-b1">
         <name>.debug_info</name>
         <load_address>0x5859e</load_address>
         <run_address>0x5859e</run_address>
         <size>0xf2</size>
         <input_file_ref idref="fl-25"/>
      </object_component>
      <object_component id="oc-b6">
         <name>.debug_info</name>
         <load_address>0x58690</load_address>
         <run_address>0x58690</run_address>
         <size>0xf2</size>
         <input_file_ref idref="fl-26"/>
      </object_component>
      <object_component id="oc-bb">
         <name>.debug_info</name>
         <load_address>0x58782</load_address>
         <run_address>0x58782</run_address>
         <size>0xf2</size>
         <input_file_ref idref="fl-27"/>
      </object_component>
      <object_component id="oc-c0">
         <name>.debug_info</name>
         <load_address>0x58874</load_address>
         <run_address>0x58874</run_address>
         <size>0xf2</size>
         <input_file_ref idref="fl-28"/>
      </object_component>
      <object_component id="oc-c5">
         <name>.debug_info</name>
         <load_address>0x58966</load_address>
         <run_address>0x58966</run_address>
         <size>0xf2</size>
         <input_file_ref idref="fl-29"/>
      </object_component>
      <object_component id="oc-ca">
         <name>.debug_info</name>
         <load_address>0x58a58</load_address>
         <run_address>0x58a58</run_address>
         <size>0xf2</size>
         <input_file_ref idref="fl-2a"/>
      </object_component>
      <object_component id="oc-cf">
         <name>.debug_info</name>
         <load_address>0x58b4a</load_address>
         <run_address>0x58b4a</run_address>
         <size>0xf2</size>
         <input_file_ref idref="fl-2b"/>
      </object_component>
      <object_component id="oc-d4">
         <name>.debug_info</name>
         <load_address>0x58c3c</load_address>
         <run_address>0x58c3c</run_address>
         <size>0xf5</size>
         <input_file_ref idref="fl-2c"/>
      </object_component>
      <object_component id="oc-d9">
         <name>.debug_info</name>
         <load_address>0x58d31</load_address>
         <run_address>0x58d31</run_address>
         <size>0xfe</size>
         <input_file_ref idref="fl-2d"/>
      </object_component>
      <object_component id="oc-de">
         <name>.debug_info</name>
         <load_address>0x58e2f</load_address>
         <run_address>0x58e2f</run_address>
         <size>0xfe</size>
         <input_file_ref idref="fl-2e"/>
      </object_component>
      <object_component id="oc-e3">
         <name>.debug_info</name>
         <load_address>0x58f2d</load_address>
         <run_address>0x58f2d</run_address>
         <size>0xf8</size>
         <input_file_ref idref="fl-2f"/>
      </object_component>
      <object_component id="oc-e8">
         <name>.debug_info</name>
         <load_address>0x59025</load_address>
         <run_address>0x59025</run_address>
         <size>0xf2</size>
         <input_file_ref idref="fl-30"/>
      </object_component>
      <object_component id="oc-ed">
         <name>.debug_info</name>
         <load_address>0x59117</load_address>
         <run_address>0x59117</run_address>
         <size>0xf5</size>
         <input_file_ref idref="fl-31"/>
      </object_component>
      <object_component id="oc-f8">
         <name>.debug_info</name>
         <load_address>0x5920c</load_address>
         <run_address>0x5920c</run_address>
         <size>0x110</size>
         <input_file_ref idref="fl-6b"/>
      </object_component>
      <object_component id="oc-fc">
         <name>.debug_info</name>
         <load_address>0x5931c</load_address>
         <run_address>0x5931c</run_address>
         <size>0x3fe</size>
         <input_file_ref idref="fl-6c"/>
      </object_component>
      <object_component id="oc-101">
         <name>.debug_info</name>
         <load_address>0x5971a</load_address>
         <run_address>0x5971a</run_address>
         <size>0x407</size>
         <input_file_ref idref="fl-6d"/>
      </object_component>
      <object_component id="oc-108">
         <name>.debug_info</name>
         <load_address>0x59b21</load_address>
         <run_address>0x59b21</run_address>
         <size>0x431</size>
         <input_file_ref idref="fl-6e"/>
      </object_component>
      <object_component id="oc-10d">
         <name>.debug_info</name>
         <load_address>0x59f52</load_address>
         <run_address>0x59f52</run_address>
         <size>0x4ae</size>
         <input_file_ref idref="fl-6f"/>
      </object_component>
      <object_component id="oc-112">
         <name>.debug_info</name>
         <load_address>0x5a400</load_address>
         <run_address>0x5a400</run_address>
         <size>0x19d</size>
         <input_file_ref idref="fl-70"/>
      </object_component>
      <object_component id="oc-116">
         <name>.debug_info</name>
         <load_address>0x5a59d</load_address>
         <run_address>0x5a59d</run_address>
         <size>0x34c</size>
         <input_file_ref idref="fl-71"/>
      </object_component>
      <object_component id="oc-11b">
         <name>.debug_info</name>
         <load_address>0x5a8e9</load_address>
         <run_address>0x5a8e9</run_address>
         <size>0x39f</size>
         <input_file_ref idref="fl-72"/>
      </object_component>
      <object_component id="oc-120">
         <name>.debug_info</name>
         <load_address>0x5ac88</load_address>
         <run_address>0x5ac88</run_address>
         <size>0x3a8</size>
         <input_file_ref idref="fl-73"/>
      </object_component>
      <object_component id="oc-126">
         <name>.debug_info</name>
         <load_address>0x5b030</load_address>
         <run_address>0x5b030</run_address>
         <size>0xfe</size>
         <input_file_ref idref="fl-74"/>
      </object_component>
      <object_component id="oc-12b">
         <name>.debug_info</name>
         <load_address>0x5b12e</load_address>
         <run_address>0x5b12e</run_address>
         <size>0xf8</size>
         <input_file_ref idref="fl-75"/>
      </object_component>
      <object_component id="oc-12f">
         <name>.debug_info</name>
         <load_address>0x5b226</load_address>
         <run_address>0x5b226</run_address>
         <size>0x482</size>
         <input_file_ref idref="fl-76"/>
      </object_component>
      <object_component id="oc-135">
         <name>.debug_info</name>
         <load_address>0x5b6a8</load_address>
         <run_address>0x5b6a8</run_address>
         <size>0x11f</size>
         <input_file_ref idref="fl-77"/>
      </object_component>
      <object_component id="oc-139">
         <name>.debug_info</name>
         <load_address>0x5b7c7</load_address>
         <run_address>0x5b7c7</run_address>
         <size>0x46d</size>
         <input_file_ref idref="fl-78"/>
      </object_component>
      <object_component id="oc-13e">
         <name>.debug_info</name>
         <load_address>0x5bc34</load_address>
         <run_address>0x5bc34</run_address>
         <size>0x481</size>
         <input_file_ref idref="fl-79"/>
      </object_component>
      <object_component id="oc-143">
         <name>.debug_info</name>
         <load_address>0x5c0b5</load_address>
         <run_address>0x5c0b5</run_address>
         <size>0x378</size>
         <input_file_ref idref="fl-7a"/>
      </object_component>
      <object_component id="oc-186">
         <name>.debug_info</name>
         <load_address>0x5c42d</load_address>
         <run_address>0x5c42d</run_address>
         <size>0xa3</size>
      </object_component>
      <object_component id="oc-17">
         <name>.debug_frame</name>
         <load_address>0x0</load_address>
         <run_address>0x0</run_address>
         <size>0x18f</size>
         <input_file_ref idref="fl-3"/>
      </object_component>
      <object_component id="oc-22">
         <name>.debug_frame</name>
         <load_address>0x18f</load_address>
         <run_address>0x18f</run_address>
         <size>0x302</size>
         <input_file_ref idref="fl-5"/>
      </object_component>
      <object_component id="oc-27">
         <name>.debug_frame</name>
         <load_address>0x491</load_address>
         <run_address>0x491</run_address>
         <size>0x62</size>
         <input_file_ref idref="fl-6"/>
      </object_component>
      <object_component id="oc-2c">
         <name>.debug_frame</name>
         <load_address>0x4f3</load_address>
         <run_address>0x4f3</run_address>
         <size>0x539</size>
         <input_file_ref idref="fl-7"/>
      </object_component>
      <object_component id="oc-32">
         <name>.debug_frame</name>
         <load_address>0xa2c</load_address>
         <run_address>0xa2c</run_address>
         <size>0x149</size>
         <input_file_ref idref="fl-8"/>
      </object_component>
      <object_component id="oc-38">
         <name>.debug_frame</name>
         <load_address>0xb75</load_address>
         <run_address>0xb75</run_address>
         <size>0x2f6</size>
         <input_file_ref idref="fl-9"/>
      </object_component>
      <object_component id="oc-3f">
         <name>.debug_frame</name>
         <load_address>0xe6b</load_address>
         <run_address>0xe6b</run_address>
         <size>0x42b</size>
         <input_file_ref idref="fl-a"/>
      </object_component>
      <object_component id="oc-44">
         <name>.debug_frame</name>
         <load_address>0x1296</load_address>
         <run_address>0x1296</run_address>
         <size>0xf5</size>
         <input_file_ref idref="fl-b"/>
      </object_component>
      <object_component id="oc-49">
         <name>.debug_frame</name>
         <load_address>0x138b</load_address>
         <run_address>0x138b</run_address>
         <size>0x1b2</size>
         <input_file_ref idref="fl-c"/>
      </object_component>
      <object_component id="oc-4e">
         <name>.debug_frame</name>
         <load_address>0x153d</load_address>
         <run_address>0x153d</run_address>
         <size>0x1a5</size>
         <input_file_ref idref="fl-d"/>
      </object_component>
      <object_component id="oc-55">
         <name>.debug_frame</name>
         <load_address>0x16e2</load_address>
         <run_address>0x16e2</run_address>
         <size>0x4ea</size>
         <input_file_ref idref="fl-e"/>
      </object_component>
      <object_component id="oc-5a">
         <name>.debug_frame</name>
         <load_address>0x1bcc</load_address>
         <run_address>0x1bcc</run_address>
         <size>0x62</size>
         <input_file_ref idref="fl-f"/>
      </object_component>
      <object_component id="oc-5f">
         <name>.debug_frame</name>
         <load_address>0x1c2e</load_address>
         <run_address>0x1c2e</run_address>
         <size>0x62</size>
         <input_file_ref idref="fl-10"/>
      </object_component>
      <object_component id="oc-64">
         <name>.debug_frame</name>
         <load_address>0x1c90</load_address>
         <run_address>0x1c90</run_address>
         <size>0x10a</size>
         <input_file_ref idref="fl-11"/>
      </object_component>
      <object_component id="oc-69">
         <name>.debug_frame</name>
         <load_address>0x1d9a</load_address>
         <run_address>0x1d9a</run_address>
         <size>0xb6</size>
         <input_file_ref idref="fl-12"/>
      </object_component>
      <object_component id="oc-6e">
         <name>.debug_frame</name>
         <load_address>0x1e50</load_address>
         <run_address>0x1e50</run_address>
         <size>0x62</size>
         <input_file_ref idref="fl-13"/>
      </object_component>
      <object_component id="oc-73">
         <name>.debug_frame</name>
         <load_address>0x1eb2</load_address>
         <run_address>0x1eb2</run_address>
         <size>0x62</size>
         <input_file_ref idref="fl-14"/>
      </object_component>
      <object_component id="oc-79">
         <name>.debug_frame</name>
         <load_address>0x1f14</load_address>
         <run_address>0x1f14</run_address>
         <size>0x299</size>
         <input_file_ref idref="fl-15"/>
      </object_component>
      <object_component id="oc-7e">
         <name>.debug_frame</name>
         <load_address>0x21ad</load_address>
         <run_address>0x21ad</run_address>
         <size>0x1c7</size>
         <input_file_ref idref="fl-16"/>
      </object_component>
      <object_component id="oc-83">
         <name>.debug_frame</name>
         <load_address>0x2374</load_address>
         <run_address>0x2374</run_address>
         <size>0x929</size>
         <input_file_ref idref="fl-17"/>
      </object_component>
      <object_component id="oc-88">
         <name>.debug_frame</name>
         <load_address>0x2c9d</load_address>
         <run_address>0x2c9d</run_address>
         <size>0xf5</size>
         <input_file_ref idref="fl-18"/>
      </object_component>
      <object_component id="oc-8d">
         <name>.debug_frame</name>
         <load_address>0x2d92</load_address>
         <run_address>0x2d92</run_address>
         <size>0x3d4</size>
         <input_file_ref idref="fl-19"/>
      </object_component>
      <object_component id="oc-92">
         <name>.debug_frame</name>
         <load_address>0x3166</load_address>
         <run_address>0x3166</run_address>
         <size>0x62</size>
         <input_file_ref idref="fl-1a"/>
      </object_component>
      <object_component id="oc-97">
         <name>.debug_frame</name>
         <load_address>0x31c8</load_address>
         <run_address>0x31c8</run_address>
         <size>0x10a</size>
         <input_file_ref idref="fl-1b"/>
      </object_component>
      <object_component id="oc-9c">
         <name>.debug_frame</name>
         <load_address>0x32d2</load_address>
         <run_address>0x32d2</run_address>
         <size>0x62</size>
         <input_file_ref idref="fl-1c"/>
      </object_component>
      <object_component id="oc-a7">
         <name>.debug_frame</name>
         <load_address>0x3334</load_address>
         <run_address>0x3334</run_address>
         <size>0x245</size>
         <input_file_ref idref="fl-1e"/>
      </object_component>
      <object_component id="oc-ac">
         <name>.debug_frame</name>
         <load_address>0x3579</load_address>
         <run_address>0x3579</run_address>
         <size>0x149</size>
         <input_file_ref idref="fl-1f"/>
      </object_component>
      <object_component id="oc-fd">
         <name>.debug_frame</name>
         <load_address>0x36c2</load_address>
         <run_address>0x36c2</run_address>
         <size>0x77</size>
         <input_file_ref idref="fl-6c"/>
      </object_component>
      <object_component id="oc-104">
         <name>.debug_frame</name>
         <load_address>0x3739</load_address>
         <run_address>0x3739</run_address>
         <size>0x95</size>
         <input_file_ref idref="fl-6d"/>
      </object_component>
      <object_component id="oc-109">
         <name>.debug_frame</name>
         <load_address>0x37ce</load_address>
         <run_address>0x37ce</run_address>
         <size>0xa1</size>
         <input_file_ref idref="fl-6e"/>
      </object_component>
      <object_component id="oc-10e">
         <name>.debug_frame</name>
         <load_address>0x386f</load_address>
         <run_address>0x386f</run_address>
         <size>0x99</size>
         <input_file_ref idref="fl-6f"/>
      </object_component>
      <object_component id="oc-117">
         <name>.debug_frame</name>
         <load_address>0x3908</load_address>
         <run_address>0x3908</run_address>
         <size>0x7d</size>
         <input_file_ref idref="fl-71"/>
      </object_component>
      <object_component id="oc-11c">
         <name>.debug_frame</name>
         <load_address>0x3985</load_address>
         <run_address>0x3985</run_address>
         <size>0x77</size>
         <input_file_ref idref="fl-72"/>
      </object_component>
      <object_component id="oc-121">
         <name>.debug_frame</name>
         <load_address>0x39fc</load_address>
         <run_address>0x39fc</run_address>
         <size>0x8f</size>
         <input_file_ref idref="fl-73"/>
      </object_component>
      <object_component id="oc-130">
         <name>.debug_frame</name>
         <load_address>0x3a8b</load_address>
         <run_address>0x3a8b</run_address>
         <size>0x99</size>
         <input_file_ref idref="fl-76"/>
      </object_component>
      <object_component id="oc-13a">
         <name>.debug_frame</name>
         <load_address>0x3b24</load_address>
         <run_address>0x3b24</run_address>
         <size>0x99</size>
         <input_file_ref idref="fl-78"/>
      </object_component>
      <object_component id="oc-13f">
         <name>.debug_frame</name>
         <load_address>0x3bbd</load_address>
         <run_address>0x3bbd</run_address>
         <size>0x99</size>
         <input_file_ref idref="fl-79"/>
      </object_component>
      <object_component id="oc-144">
         <name>.debug_frame</name>
         <load_address>0x3c56</load_address>
         <run_address>0x3c56</run_address>
         <size>0x86</size>
         <input_file_ref idref="fl-7a"/>
      </object_component>
      <object_component id="oc-18">
         <name>.debug_line</name>
         <load_address>0x0</load_address>
         <run_address>0x0</run_address>
         <size>0x7e5</size>
         <input_file_ref idref="fl-3"/>
      </object_component>
      <object_component id="oc-1e">
         <name>.debug_line</name>
         <load_address>0x7e5</load_address>
         <run_address>0x7e5</run_address>
         <size>0xa0</size>
         <input_file_ref idref="fl-4"/>
      </object_component>
      <object_component id="oc-23">
         <name>.debug_line</name>
         <load_address>0x885</load_address>
         <run_address>0x885</run_address>
         <size>0x372</size>
         <input_file_ref idref="fl-5"/>
      </object_component>
      <object_component id="oc-28">
         <name>.debug_line</name>
         <load_address>0xbf7</load_address>
         <run_address>0xbf7</run_address>
         <size>0x68</size>
         <input_file_ref idref="fl-6"/>
      </object_component>
      <object_component id="oc-2d">
         <name>.debug_line</name>
         <load_address>0xc5f</load_address>
         <run_address>0xc5f</run_address>
         <size>0x586</size>
         <input_file_ref idref="fl-7"/>
      </object_component>
      <object_component id="oc-33">
         <name>.debug_line</name>
         <load_address>0x11e5</load_address>
         <run_address>0x11e5</run_address>
         <size>0x14d</size>
         <input_file_ref idref="fl-8"/>
      </object_component>
      <object_component id="oc-39">
         <name>.debug_line</name>
         <load_address>0x1332</load_address>
         <run_address>0x1332</run_address>
         <size>0x13bb</size>
         <input_file_ref idref="fl-9"/>
      </object_component>
      <object_component id="oc-40">
         <name>.debug_line</name>
         <load_address>0x26ed</load_address>
         <run_address>0x26ed</run_address>
         <size>0x590</size>
         <input_file_ref idref="fl-a"/>
      </object_component>
      <object_component id="oc-45">
         <name>.debug_line</name>
         <load_address>0x2c7d</load_address>
         <run_address>0x2c7d</run_address>
         <size>0x10b</size>
         <input_file_ref idref="fl-b"/>
      </object_component>
      <object_component id="oc-4a">
         <name>.debug_line</name>
         <load_address>0x2d88</load_address>
         <run_address>0x2d88</run_address>
         <size>0x1d5</size>
         <input_file_ref idref="fl-c"/>
      </object_component>
      <object_component id="oc-4f">
         <name>.debug_line</name>
         <load_address>0x2f5d</load_address>
         <run_address>0x2f5d</run_address>
         <size>0x2b0</size>
         <input_file_ref idref="fl-d"/>
      </object_component>
      <object_component id="oc-56">
         <name>.debug_line</name>
         <load_address>0x320d</load_address>
         <run_address>0x320d</run_address>
         <size>0xcdb</size>
         <input_file_ref idref="fl-e"/>
      </object_component>
      <object_component id="oc-5b">
         <name>.debug_line</name>
         <load_address>0x3ee8</load_address>
         <run_address>0x3ee8</run_address>
         <size>0x66</size>
         <input_file_ref idref="fl-f"/>
      </object_component>
      <object_component id="oc-60">
         <name>.debug_line</name>
         <load_address>0x3f4e</load_address>
         <run_address>0x3f4e</run_address>
         <size>0x66</size>
         <input_file_ref idref="fl-10"/>
      </object_component>
      <object_component id="oc-65">
         <name>.debug_line</name>
         <load_address>0x3fb4</load_address>
         <run_address>0x3fb4</run_address>
         <size>0xf1</size>
         <input_file_ref idref="fl-11"/>
      </object_component>
      <object_component id="oc-6a">
         <name>.debug_line</name>
         <load_address>0x40a5</load_address>
         <run_address>0x40a5</run_address>
         <size>0xd5</size>
         <input_file_ref idref="fl-12"/>
      </object_component>
      <object_component id="oc-6f">
         <name>.debug_line</name>
         <load_address>0x417a</load_address>
         <run_address>0x417a</run_address>
         <size>0x64</size>
         <input_file_ref idref="fl-13"/>
      </object_component>
      <object_component id="oc-74">
[...]
         <object_component_ref idref="oc-d3"/>
      </symbol>
      <symbol id="sm-53e">
         <name>FS$$TOI</name>
         <value>0xb017</value>
         <object_component_ref idref="oc-d8"/>
      </symbol>
      <symbol id="sm-54f">
         <name>FS$$TOU</name>
         <value>0xb0c0</value>
         <object_component_ref idref="oc-dd"/>
      </symbol>
      <symbol id="sm-55e">
         <name>I$$TOFS</name>
         <value>0xb116</value>
         <object_component_ref idref="oc-e2"/>
      </symbol>
      <symbol id="sm-56c">
         <name>U$$TOFS</name>
         <value>0xb1ba</value>
         <object_component_ref idref="oc-e7"/>
      </symbol>
      <symbol id="sm-57c">
         <name>UL$$TOFS</name>
         <value>0xb1a7</value>
         <object_component_ref idref="oc-ec"/>
      </symbol>
      <symbol id="sm-57e">
         <name>_CTRL_getVersion</name>
         <value>0x3fa721</value>
      </symbol>
      <symbol id="sm-580">
         <name>_CTRL_initCtrl</name>
         <value>0x3fa6fb</value>
      </symbol>
      <symbol id="sm-582">
         <name>_CTRL_runTraj</name>
         <value>0x3fa5d1</value>
      </symbol>
      <symbol id="sm-584">
         <name>_CTRL_setEstParams</name>
         <value>0x3f9e64</value>
      </symbol>
      <symbol id="sm-586">
         <name>_CTRL_setUserMotorParams</name>
         <value>0x3f9d31</value>
      </symbol>
      <symbol id="sm-588">
         <name>_CTRL_setupCtrl</name>
         <value>0x3f9b43</value>
      </symbol>
      <symbol id="sm-58a">
         <name>_CTRL_setupEstIdleState</name>
         <value>0x3f99a5</value>
      </symbol>
      <symbol id="sm-58c">
         <name>_CTRL_setupEstOnLineState</name>
         <value>0x3f996a</value>
      </symbol>
      <symbol id="sm-58e">
         <name>_CTRL_setupTraj</name>
         <value>0x3f9806</value>
      </symbol>
      <symbol id="sm-590">
         <name>_EST_computeDirection_qFmt</name>
         <value>0x3f86ad</value>
      </symbol>
      <symbol id="sm-592">
         <name>_EST_doCurrentCtrl</name>
         <value>0x3f9760</value>
      </symbol>
      <symbol id="sm-594">
         <name>_EST_doSpeedCtrl</name>
         <value>0x3f9758</value>
      </symbol>
      <symbol id="sm-596">
         <name>_EST_getAngle_pu</name>
         <value>0x3f8c0d</value>
      </symbol>
      <symbol id="sm-598">
         <name>_EST_getFlux_VpHz</name>
         <value>0x3f96be</value>
      </symbol>
      <symbol id="sm-59a">
         <name>_EST_getFlux_pu</name>
         <value>0x3f96ab</value>
      </symbol>
      <symbol id="sm-59c">
         <name>_EST_getFm_pu</name>
         <value>0x3f968e</value>
      </symbol>
      <symbol id="sm-59e">
         <name>_EST_getIdRated</name>
         <value>0x3f9632</value>
      </symbol>
      <symbol id="sm-5a0">
         <name>_EST_getLs_coarse_max_pu</name>
         <value>0x3f95ff</value>
      </symbol>
      <symbol id="sm-5a2">
         <name>_EST_getLs_d_H</name>
         <value>0x3f95f5</value>
      </symbol>
      <symbol id="sm-5a4">
         <name>_EST_getLs_d_pu</name>
         <value>0x3f95f0</value>
      </symbol>
      <symbol id="sm-5a6">
         <name>_EST_getLs_q_H</name>
         <value>0x3f95ce</value>
      </symbol>
      <symbol id="sm-5a8">
         <name>_EST_getLs_q_pu</name>
         <value>0x3f95c9</value>
      </symbol>
      <symbol id="sm-5aa">
         <name>_EST_getMaxCurrentSlope_pu</name>
         <value>0x3f95bd</value>
      </symbol>
      <symbol id="sm-5ac">
         <name>_EST_getOneOverDcBus_pu</name>
         <value>0x3f95b3</value>
      </symbol>
      <symbol id="sm-5ae">
         <name>_EST_getRr_Ohm</name>
         <value>0x3f95ad</value>
      </symbol>
      <symbol id="sm-5b0">
         <name>_EST_getRs_Ohm</name>
         <value>0x3f9513</value>
      </symbol>
      <symbol id="sm-5b2">
         <name>_EST_getSpeed_krpm</name>
         <value>0x3f94c6</value>
      </symbol>
      <symbol id="sm-5b4">
         <name>_EST_getState</name>
         <value>0x3f861b</value>
      </symbol>
      <symbol id="sm-5b6">
         <name>_EST_get_krpm_to_pu_sf</name>
         <value>0x3f9458</value>
      </symbol>
      <symbol id="sm-5b8">
         <name>_EST_get_pu_to_krpm_sf</name>
         <value>0x3f9453</value>
      </symbol>
      <symbol id="sm-5ba">
         <name>_EST_isError</name>
         <value>0x3f938d</value>
      </symbol>
      <symbol id="sm-5bc">
         <name>_EST_isIdle</name>
         <value>0x3f9386</value>
      </symbol>
      <symbol id="sm-5be">
         <name>_EST_isLockRotor</name>
         <value>0x3f937f</value>
      </symbol>
      <symbol id="sm-5c0">
         <name>_EST_isMotorIdentified</name>
         <value>0x3f8679</value>
      </symbol>
      <symbol id="sm-5c2">
         <name>_EST_isOnLine</name>
         <value>0x3f9378</value>
      </symbol>
      <symbol id="sm-5c4">
         <name>_EST_run</name>
         <value>0x3f927b</value>
      </symbol>
      <symbol id="sm-5c6">
         <name>_EST_setDir_qFmt</name>
         <value>0x3f8bf5</value>
      </symbol>
      <symbol id="sm-5c8">
         <name>_EST_setFe_neg_max_pu</name>
         <value>0x3f8be8</value>
      </symbol>
      <symbol id="sm-5ca">
         <name>_EST_setFe_pos_min_pu</name>
         <value>0x3f8be4</value>
      </symbol>
      <symbol id="sm-5cc">
         <name>_EST_setFlag_enableForceAngle</name>
         <value>0x3f8bdb</value>
      </symbol>
      <symbol id="sm-5ce">
         <name>_EST_setId_ref_pu</name>
         <value>0x3f8b80</value>
      </symbol>
      <symbol id="sm-5d0">
         <name>_EST_setIdle</name>
         <value>0x3f8b7a</value>
      </symbol>
      <symbol id="sm-5d2">
         <name>_EST_setIdle_all</name>
         <value>0x3f8b67</value>
      </symbol>
      <symbol id="sm-5d4">
         <name>_EST_setIq_ref_pu</name>
         <value>0x3f8b63</value>
      </symbol>
      <symbol id="sm-5d6">
         <name>_EST_setLs_d_pu</name>
         <value>0x3f8b45</value>
      </symbol>
      <symbol id="sm-5d8">
         <name>_EST_setLs_qFmt</name>
         <value>0x3f8af1</value>
      </symbol>
      <symbol id="sm-5da">
         <name>_EST_setLs_q_pu</name>
         <value>0x3f8ae7</value>
      </symbol>
      <symbol id="sm-5dc">
         <name>_EST_setMaxCurrentSlope_pu</name>
         <value>0x3f8adb</value>
      </symbol>
      <symbol id="sm-5de">
         <name>_EST_setRs_pu</name>
         <value>0x3f8a18</value>
      </symbol>
      <symbol id="sm-5e0">
         <name>_EST_updateId_ref_pu</name>
         <value>0x3f89f5</value>
      </symbol>
      <symbol id="sm-5e2">
         <name>_EST_updateState</name>
         <value>0x3f8713</value>
      </symbol>
      <symbol id="sm-5e4">
         <name>_EST_useZeroIq_ref</name>
         <value>0x3f861d</value>
      </symbol>
      <symbol id="sm-5ef">
         <name>__IQ24cosPU</name>
         <value>0xb491</value>
         <object_component_ref idref="oc-f1"/>
      </symbol>
      <symbol id="sm-5f3">
         <name>_IQ16mpyRndSatTable</name>
         <value>0x3fe6c0</value>
         <object_component_ref idref="oc-f2"/>
      </symbol>
      <symbol id="sm-5f4">
         <name>_IQ24mpyRndSatTable</name>
         <value>0x3fe660</value>
         <object_component_ref idref="oc-f2"/>
      </symbol>
      <symbol id="sm-5f5">
         <name>_IQ13mpyRndSatTable</name>
         <value>0x3fe6e4</value>
         <object_component_ref idref="oc-f2"/>
      </symbol>
      <symbol id="sm-5f6">
         <name>_IQ21mpyRndSatTable</name>
         <value>0x3fe684</value>
         <object_component_ref idref="oc-f2"/>
      </symbol>
      <symbol id="sm-5f7">
         <name>_IQ10mpyRndSatTable</name>
         <value>0x3fe708</value>
         <object_component_ref idref="oc-f2"/>
      </symbol>
      <symbol id="sm-5f8">
         <name>_IQdivTable</name>
         <value>0x3fe140</value>
         <object_component_ref idref="oc-f2"/>
      </symbol>
      <symbol id="sm-5f9">
         <name>_IQ9mpyRndSatTable</name>
         <value>0x3fe714</value>
         <object_component_ref idref="oc-f2"/>
      </symbol>
      <symbol id="sm-5fa">
         <name>_IQ6mpyRndSatTable</name>
         <value>0x3fe738</value>
         <object_component_ref idref="oc-f2"/>
      </symbol>
      <symbol id="sm-5fb">
         <name>_IQatan2TableEnd</name>
         <value>0x3fe618</value>
         <object_component_ref idref="oc-f2"/>
      </symbol>
      <symbol id="sm-5fc">
         <name>_IQdivTableEnd</name>
         <value>0x3fe342</value>
         <object_component_ref idref="oc-f2"/>
      </symbol>
      <symbol id="sm-5fd">
         <name>_IQ29mpyRndSatTable</name>
         <value>0x3fe624</value>
         <object_component_ref idref="oc-f2"/>
      </symbol>
      <symbol id="sm-5fe">
         <name>_IQ3mpyRndSatTable</name>
         <value>0x3fe75c</value>
         <object_component_ref idref="oc-f2"/>
      </symbol>
      <symbol id="sm-5ff">
         <name>_IQ18mpyRndSatTable</name>
         <value>0x3fe6a8</value>
         <object_component_ref idref="oc-f2"/>
      </symbol>
      <symbol id="sm-600">
         <name>_IQ26mpyRndSatTable</name>
         <value>0x3fe648</value>
         <object_component_ref idref="oc-f2"/>
      </symbol>
      <symbol id="sm-601">
         <name>_IQcosTableEnd</name>
         <value>0x3fe132</value>
         <object_component_ref idref="oc-f2"/>
      </symbol>
      <symbol id="sm-602">
         <name>_IQsinTableEnd</name>
         <value>0x3fe030</value>
         <object_component_ref idref="oc-f2"/>
      </symbol>
      <symbol id="sm-603">
         <name>_IQ15mpyRndSatTable</name>
         <value>0x3fe6cc</value>
         <object_component_ref idref="oc-f2"/>
      </symbol>
      <symbol id="sm-604">
         <name>_IQ23mpyRndSatTable</name>
         <value>0x3fe66c</value>
         <object_component_ref idref="oc-f2"/>
      </symbol>
      <symbol id="sm-605">
         <name>_IQ12mpyRndSatTable</name>
         <value>0x3fe6f0</value>
         <object_component_ref idref="oc-f2"/>
      </symbol>
      <symbol id="sm-606">
         <name>_IQ20mpyRndSatTable</name>
         <value>0x3fe690</value>
         <object_component_ref idref="oc-f2"/>
      </symbol>
      <symbol id="sm-607">
         <name>_IQisqrtTableEnd</name>
         <value>0x3fe454</value>
         <object_component_ref idref="oc-f2"/>
      </symbol>
      <symbol id="sm-608">
         <name>_IQ8mpyRndSatTable</name>
         <value>0x3fe720</value>
         <object_component_ref idref="oc-f2"/>
      </symbol>
      <symbol id="sm-609">
         <name>_IQisqrtRoundSatTable</name>
         <value>0x3fe342</value>
         <object_component_ref idref="oc-f2"/>
      </symbol>
      <symbol id="sm-60a">
         <name>_IQ5mpyRndSatTable</name>
         <value>0x3fe744</value>
         <object_component_ref idref="oc-f2"/>
      </symbol>
      <symbol id="sm-60b">
         <name>_IQmpyRndSatTable</name>
         <value>0x3fe618</value>
         <object_component_ref idref="oc-f2"/>
      </symbol>
      <symbol id="sm-60c">
         <name>_IQ28mpyRndSatTable</name>
         <value>0x3fe630</value>
         <object_component_ref idref="oc-f2"/>
      </symbol>
      <symbol id="sm-60d">
         <name>_IQatan2Table</name>
         <value>0x3fe492</value>
         <object_component_ref idref="oc-f2"/>
      </symbol>
      <symbol id="sm-60e">
         <name>_IQ2mpyRndSatTable</name>
         <value>0x3fe768</value>
         <object_component_ref idref="oc-f2"/>
      </symbol>
      <symbol id="sm-60f">
         <name>_IQatan2HalfPITable</name>
         <value>0x3fe454</value>
         <object_component_ref idref="oc-f2"/>
      </symbol>
      <symbol id="sm-610">
         <name>_IQ17mpyRndSatTable</name>
         <value>0x3fe6b4</value>
         <object_component_ref idref="oc-f2"/>
      </symbol>
      <symbol id="sm-611">
         <name>_IQ25mpyRndSatTable</name>
         <value>0x3fe654</value>
         <object_component_ref idref="oc-f2"/>
      </symbol>
      <symbol id="sm-612">
         <name>_IQsqrtTable</name>
         <value>0x3fe352</value>
         <object_component_ref idref="oc-f2"/>
      </symbol>
      <symbol id="sm-613">
         <name>_IQsqrtTableEnd</name>
         <value>0x3fe454</value>
         <object_component_ref idref="oc-f2"/>
      </symbol>
      <symbol id="sm-614">
         <name>_IQ14mpyRndSatTable</name>
         <value>0x3fe6d8</value>
         <object_component_ref idref="oc-f2"/>
      </symbol>
      <symbol id="sm-615">
         <name>_IQ22mpyRndSatTable</name>
         <value>0x3fe678</value>
         <object_component_ref idref="oc-f2"/>
      </symbol>
      <symbol id="sm-616">
         <name>_IQ30mpyRndSatTable</name>
         <value>0x3fe618</value>
         <object_component_ref idref="oc-f2"/>
      </symbol>
      <symbol id="sm-617">
         <name>_IQsqrtRoundSatTable</name>
         <value>0x3fe342</value>
         <object_component_ref idref="oc-f2"/>
      </symbol>
      <symbol id="sm-618">
         <name>_IQ11mpyRndSatTable</name>
         <value>0x3fe6fc</value>
         <object_component_ref idref="oc-f2"/>
      </symbol>
      <symbol id="sm-619">
         <name>_IQdivRoundSatTable</name>
         <value>0x3fe132</value>
         <object_component_ref idref="oc-f2"/>
      </symbol>
      <symbol id="sm-61a">
         <name>_IQ7mpyRndSatTable</name>
         <value>0x3fe72c</value>
         <object_component_ref idref="oc-f2"/>
      </symbol>
      <symbol id="sm-61b">
         <name>_IQcosTable</name>
         <value>0x3fdd30</value>
         <object_component_ref idref="oc-f2"/>
      </symbol>
      <symbol id="sm-61c">
         <name>_IQisqrtTable</name>
         <value>0x3fe352</value>
         <object_component_ref idref="oc-f2"/>
      </symbol>
      <symbol id="sm-61d">
         <name>_IQ4mpyRndSatTable</name>
         <value>0x3fe750</value>
         <object_component_ref idref="oc-f2"/>
      </symbol>
      <symbol id="sm-61e">
         <name>_IQ19mpyRndSatTable</name>
         <value>0x3fe69c</value>
         <object_component_ref idref="oc-f2"/>
      </symbol>
      <symbol id="sm-61f">
         <name>_IQ27mpyRndSatTable</name>
         <value>0x3fe63c</value>
         <object_component_ref idref="oc-f2"/>
      </symbol>
      <symbol id="sm-620">
         <name>_IQmpyRndSatTableEnd</name>
         <value>0x3fe780</value>
         <object_component_ref idref="oc-f2"/>
      </symbol>
      <symbol id="sm-621">
         <name>_IQ1mpyRndSatTable</name>
         <value>0x3fe774</value>
         <object_component_ref idref="oc-f2"/>
      </symbol>
      <symbol id="sm-622">
         <name>_IQsinTable</name>
         <value>0x3fdc30</value>
         <object_component_ref idref="oc-f2"/>
      </symbol>
      <symbol id="sm-62d">
         <name>__IQ24sinPU</name>
         <value>0xb468</value>
         <object_component_ref idref="oc-f3"/>
      </symbol>
      <symbol id="sm-637">
         <name>__IQ24sqrt</name>
         <value>0xb426</value>
         <object_component_ref idref="oc-f4"/>
      </symbol>
      <symbol id="sm-641">
         <name>__IQ30toF</name>
         <value>0xb4b8</value>
         <object_component_ref idref="oc-f5"/>
      </symbol>
      <symbol id="sm-65a">
         <name>_c_int00</name>
         <value>0xaeb0</value>
         <object_component_ref idref="oc-11"/>
      </symbol>
      <symbol id="sm-65b">
         <name>__stack</name>
         <value>0x400</value>
         <object_component_ref idref="oc-f6"/>
      </symbol>
      <symbol id="sm-66b">
         <name>__args_main</name>
         <value>0xb14a</value>
         <object_component_ref idref="oc-148"/>
      </symbol>
      <symbol id="sm-67f">
         <name>C$$EXIT</name>
         <value>0xb163</value>
         <object_component_ref idref="oc-149"/>
      </symbol>
      <symbol id="sm-680">
         <name>_exit</name>
         <value>0xb165</value>
         <object_component_ref idref="oc-149"/>
      </symbol>
      <symbol id="sm-681">
         <name>___TI_cleanup_ptr</name>
         <value>0xb1e6</value>
         <object_component_ref idref="oc-103"/>
      </symbol>
      <symbol id="sm-682">
         <name>_abort</name>
         <value>0xb163</value>
         <object_component_ref idref="oc-149"/>
      </symbol>
      <symbol id="sm-683">
         <name>___TI_dtors_ptr</name>
         <value>0xb1e8</value>
         <object_component_ref idref="oc-103"/>
      </symbol>
      <symbol id="sm-698">
         <name>__unlock</name>
         <value>0xb1ec</value>
         <object_component_ref idref="oc-166"/>
      </symbol>
      <symbol id="sm-699">
         <name>__lock</name>
         <value>0xb1ea</value>
         <object_component_ref idref="oc-14d"/>
      </symbol>
      <symbol id="sm-69a">
         <name>__register_lock</name>
         <value>0xb1ce</value>
         <object_component_ref idref="oc-152"/>
      </symbol>
      <symbol id="sm-69b">
         <name>__nop</name>
         <value>0xb1d2</value>
         <object_component_ref idref="oc-152"/>
      </symbol>
      <symbol id="sm-69c">
         <name>__register_unlock</name>
         <value>0xb1ca</value>
         <object_component_ref idref="oc-152"/>
      </symbol>
      <symbol id="sm-6af">
         <name>_log</name>
         <value>0xa89b</value>
         <object_component_ref idref="oc-163"/>
      </symbol>
      <symbol id="sm-6ba">
         <name>_errno</name>
         <value>0xb1f1</value>
         <object_component_ref idref="oc-114"/>
      </symbol>
      <symbol id="sm-6ca">
         <name>_frexp</name>
         <value>0xb193</value>
         <object_component_ref idref="oc-168"/>
      </symbol>
      <symbol id="sm-6dc">
         <name>_memcpy</name>
         <value>0xb0dd</value>
         <object_component_ref idref="oc-151"/>
      </symbol>
      <symbol id="sm-6ec">
         <name>_modf</name>
         <value>0xaf35</value>
         <object_component_ref idref="oc-164"/>
      </symbol>
      <symbol id="sm-6ff">
         <name>FS$$TOL</name>
         <value>0xafc9</value>
         <object_component_ref idref="oc-125"/>
      </symbol>
      <symbol id="sm-70e">
         <name>L$$TOFS</name>
         <value>0xb130</value>
         <object_component_ref idref="oc-12a"/>
      </symbol>
      <symbol id="sm-724">
         <name>_pow</name>
         <value>0xab20</value>
         <object_component_ref idref="oc-165"/>
      </symbol>
      <symbol id="sm-732">
         <name>I$$MOD</name>
         <value>0xb06f</value>
         <object_component_ref idref="oc-134"/>
      </symbol>
      <symbol id="sm-733">
         <name>I$$DIV</name>
         <value>0xb05e</value>
         <object_component_ref idref="oc-134"/>
      </symbol>
      <symbol id="sm-742">
         <name>__log</name>
         <value>0xaa91</value>
         <object_component_ref idref="oc-169"/>
      </symbol>
      <symbol id="sm-753">
         <name>_exp</name>
         <value>0xa9f2</value>
         <object_component_ref idref="oc-16a"/>
      </symbol>
      <symbol id="sm-766">
         <name>_ldexp</name>
         <value>0xaef4</value>
         <object_component_ref idref="oc-16b"/>
      </symbol>
   </symbol_table>
   <title>Link successful</title>
</link_info>
