<?xml version="1.0"?>
<link_info>
   <banner>TMS320C2000 Linker PC v6.4.4</banner>
   <copyright>Copyright (c) 1996-2015 Texas Instruments Incorporated</copyright>
   <link_time>0x559d7ea0</link_time>
   <link_errors>0x0</link_errors>
   <output_file>foc_proj_lab03c.out</output_file>
   <entry_point>
      <name>_c_int00</name>
      <address>0xadf6</address>
   </entry_point>
   <input_file_list>
      <input_file id="fl-3">
         <path>.\</path>
         <kind>object</kind>
         <file>proj_lab03c.obj</file>
         <name>proj_lab03c.obj</name>
      </input_file>
      <input_file id="fl-4">
         <path>.\drivers\</path>
         <kind>object</kind>
         <file>CodeStartBranch.obj</file>
         <name>CodeStartBranch.obj</name>
      </input_file>
      <input_file id="fl-5">
         <path>.\drivers\</path>
         <kind>object</kind>
         <file>adc.obj</file>
         <name>adc.obj</name>
      </input_file>
      <input_file id="fl-6">
         <path>.\drivers\</path>
         <kind>object</kind>
         <file>clarke.obj</file>
         <name>clarke.obj</name>
      </input_file>
      <input_file id="fl-7">
         <path>.\drivers\</path>
         <kind>object</kind>
         <file>clk.obj</file>
         <name>clk.obj</name>
      </input_file>
      <input_file id="fl-8">
         <path>.\drivers\</path>
         <kind>object</kind>
         <file>cpu.obj</file>
         <name>cpu.obj</name>
      </input_file>
      <input_file id="fl-9">
         <path>.\drivers\</path>
         <kind>object</kind>
         <file>ctrl.obj</file>
         <name>ctrl.obj</name>
      </input_file>
      <input_file id="fl-a">
         <path>.\drivers\</path>
         <kind>object</kind>
         <file>drv8301.obj</file>
         <name>drv8301.obj</name>
      </input_file>
      <input_file id="fl-b">
         <path>.\drivers\</path>
         <kind>object</kind>
         <file>filter_fo.obj</file>
         <name>filter_fo.obj</name>
      </input_file>
      <input_file id="fl-c">
         <path>.\drivers\</path>
         <kind>object</kind>
         <file>flash.obj</file>
         <name>flash.obj</name>
      </input_file>
      <input_file id="fl-d">
         <path>.\drivers\</path>
         <kind>object</kind>
         <file>gpio.obj</file>
         <name>gpio.obj</name>
      </input_file>
      <input_file id="fl-e">
         <path>.\drivers\</path>
         <kind>object</kind>
         <file>hal.obj</file>
         <name>hal.obj</name>
      </input_file>
      <input_file id="fl-f">
         <path>.\drivers\</path>
         <kind>object</kind>
         <file>ipark.obj</file>
         <name>ipark.obj</name>
      </input_file>
      <input_file id="fl-10">
         <path>.\drivers\</path>
         <kind>object</kind>
         <file>memCopy.obj</file>
         <name>memCopy.obj</name>
      </input_file>
      <input_file id="fl-11">
         <path>.\drivers\</path>
         <kind>object</kind>
         <file>offset.obj</file>
         <name>offset.obj</name>
      </input_file>
      <input_file id="fl-12">
         <path>.\drivers\</path>
         <kind>object</kind>
         <file>osc.obj</file>
         <name>osc.obj</name>
      </input_file>
      <input_file id="fl-13">
         <path>.\drivers\</path>
         <kind>object</kind>
         <file>park.obj</file>
         <name>park.obj</name>
      </input_file>
      <input_file id="fl-14">
         <path>.\drivers\</path>
         <kind>object</kind>
         <file>pid.obj</file>
         <name>pid.obj</name>
      </input_file>
      <input_file id="fl-15">
         <path>.\drivers\</path>
         <kind>object</kind>
         <file>pie.obj</file>
         <name>pie.obj</name>
      </input_file>
      <input_file id="fl-16">
         <path>.\drivers\</path>
         <kind>object</kind>
         <file>pll.obj</file>
         <name>pll.obj</name>
      </input_file>
      <input_file id="fl-17">
         <path>.\drivers\</path>
         <kind>object</kind>
         <file>pwm.obj</file>
         <name>pwm.obj</name>
      </input_file>
      <input_file id="fl-18">
         <path>.\drivers\</path>
         <kind>object</kind>
         <file>pwr.obj</file>
         <name>pwr.obj</name>
      </input_file>
      <input_file id="fl-19">
         <path>.\drivers\</path>
         <kind>object</kind>
         <file>spi.obj</file>
         <name>spi.obj</name>
      </input_file>
      <input_file id="fl-1a">
         <path>.\drivers\</path>
         <kind>object</kind>
         <file>svgen.obj</file>
         <name>svgen.obj</name>
      </input_file>
      <input_file id="fl-1b">
         <path>.\drivers\</path>
         <kind>object</kind>
         <file>timer.obj</file>
         <name>timer.obj</name>
      </input_file>
      <input_file id="fl-1c">
         <path>.\drivers\</path>
         <kind>object</kind>
         <file>traj.obj</file>
         <name>traj.obj</name>
      </input_file>
      <input_file id="fl-1d">
         <path>.\drivers\</path>
         <kind>object</kind>
         <file>usDelay.obj</file>
         <name>usDelay.obj</name>
      </input_file>
      <input_file id="fl-1e">
         <path>.\drivers\</path>
         <kind>object</kind>
         <file>user.obj</file>
         <name>user.obj</name>
      </input_file>
      <input_file id="fl-1f">
         <path>.\drivers\</path>
         <kind>object</kind>
         <file>wdog.obj</file>
         <name>wdog.obj</name>
      </input_file>
      <input_file id="fl-25">
         <path>C:\ti\ccsv6\tools\compiler\ti-cgt-c2000_6.4.4\lib\</path>
         <kind>archive</kind>
         <file>rts2800_fpu32.lib</file>
         <name>fd_mpy.obj</name>
      </input_file>
      <input_file id="fl-26">
         <path>C:\ti\ccsv6\tools\compiler\ti-cgt-c2000_6.4.4\lib\</path>
         <kind>archive</kind>
         <file>rts2800_fpu32.lib</file>
         <name>fd_tol.obj</name>
      </input_file>
      <input_file id="fl-27">
         <path>C:\ti\ccsv6\tools\compiler\ti-cgt-c2000_6.4.4\lib\</path>
         <kind>archive</kind>
         <file>rts2800_fpu32.lib</file>
         <name>fs_div.obj</name>
      </input_file>
      <input_file id="fl-28">
         <path>C:\ti\ccsv6\tools\compiler\ti-cgt-c2000_6.4.4\lib\</path>
         <kind>archive</kind>
         <file>rts2800_fpu32.lib</file>
         <name>fs_tofd.obj</name>
      </input_file>
      <input_file id="fl-29">
         <path>C:\ti\motorware\motorware_1_01_00_14\sw\modules\fast\lib\32b\f28x\f2806x\</path>
         <kind>archive</kind>
         <file>2806xRevB_FastSpinROMSymbols_fpu32.lib</file>
         <name>TMS320x2806x_REVB_boot_rom_out__CTRL_getVersion_tmp.obj</name>
      </input_file>
      <input_file id="fl-2a">
         <path>C:\ti\motorware\motorware_1_01_00_14\sw\modules\fast\lib\32b\f28x\f2806x\</path>
         <kind>archive</kind>
         <file>2806xRevB_FastSpinROMSymbols_fpu32.lib</file>
         <name>TMS320x2806x_REVB_boot_rom_out__CTRL_initCtrl_tmp.obj</name>
      </input_file>
      <input_file id="fl-2b">
         <path>C:\ti\motorware\motorware_1_01_00_14\sw\modules\fast\lib\32b\f28x\f2806x\</path>
         <kind>archive</kind>
         <file>2806xRevB_FastSpinROMSymbols_fpu32.lib</file>
         <name>TMS320x2806x_REVB_boot_rom_out__CTRL_runTraj_tmp.obj</name>
      </input_file>
      <input_file id="fl-2c">
         <path>C:\ti\motorware\motorware_1_01_00_14\sw\modules\fast\lib\32b\f28x\f2806x\</path>
         <kind>archive</kind>
         <file>2806xRevB_FastSpinROMSymbols_fpu32.lib</file>
         <name>TMS320x2806x_REVB_boot_rom_out__CTRL_setEstParams_tmp.obj</name>
      </input_file>
      <input_file id="fl-2d">
         <path>C:\ti\motorware\motorware_1_01_00_14\sw\modules\fast\lib\32b\f28x\f2806x\</path>
         <kind>archive</kind>
         <file>2806xRevB_FastSpinROMSymbols_fpu32.lib</file>
         <name>TMS320x2806x_REVB_boot_rom_out__CTRL_setUserMotorParams_tmp.obj</name>
      </input_file>
      <input_file id="fl-2e">
         <path>C:\ti\motorware\motorware_1_01_00_14\sw\modules\fast\lib\32b\f28x\f2806x\</path>
         <kind>archive</kind>
         <file>2806xRevB_FastSpinROMSymbols_fpu32.lib</file>
         <name>TMS320x2806x_REVB_boot_rom_out__CTRL_setupCtrl_tmp.obj</name>
      </input_file>
      <input_file id="fl-2f">
         <path>C:\ti\motorware\motorware_1_01_00_14\sw\modules\fast\lib\32b\f28x\f2806x\</path>
         <kind>archive</kind>
         <file>2806xRevB_FastSpinROMSymbols_fpu32.lib</file>
         <name>TMS320x2806x_REVB_boot_rom_out__CTRL_setupEstIdleState_tmp.obj</name>
      </input_file>
      <input_file id="fl-30">
         <path>C:\ti\motorware\motorware_1_01_00_14\sw\modules\fast\lib\32b\f28x\f2806x\</path>
         <kind>archive</kind>
         <file>2806xRevB_FastSpinROMSymbols_fpu32.lib</file>
         <name>TMS320x2806x_REVB_boot_rom_out__CTRL_setupEstOnLineState_tmp.obj</name>
      </input_file>
      <input_file id="fl-31">
         <path>C:\ti\motorware\motorware_1_01_00_14\sw\modules\fast\lib\32b\f28x\f2806x\</path>
         <kind>archive</kind>
         <file>2806xRevB_FastSpinROMSymbols_fpu32.lib</file>
         <name>TMS320x2806x_REVB_boot_rom_out__CTRL_setupTraj_tmp.obj</name>
      </input_file>
      <input_file id="fl-32">
         <path>C:\ti\motorware\motorware_1_01_00_14\sw\modules\fast\lib\32b\f28x\f2806x\</path>
         <kind>archive</kind>
         <file>2806xRevB_FastSpinROMSymbols_fpu32.lib</file>
         <name>TMS320x2806x_REVB_boot_rom_out__EST_doCurrentCtrl_tmp.obj</name>
      </input_file>
      <input_file id="fl-33">
         <path>C:\ti\motorware\motorware_1_01_00_14\sw\modules\fast\lib\32b\f28x\f2806x\</path>
         <kind>archive</kind>
         <file>2806xRevB_FastSpinROMSymbols_fpu32.lib</file>
         <name>TMS320x2806x_REVB_boot_rom_out__EST_doSpeedCtrl_tmp.obj</name>
      </input_file>
      <input_file id="fl-34">
         <path>C:\ti\motorware\motorware_1_01_00_14\sw\modules\fast\lib\32b\f28x\f2806x\</path>
         <kind>archive</kind>
         <file>2806xRevB_FastSpinROMSymbols_fpu32.lib</file>
         <name>TMS320x2806x_REVB_boot_rom_out__EST_getAngle_pu_tmp.obj</name>
      </input_file>
      <input_file id="fl-35">
         <path>C:\ti\motorware\motorware_1_01_00_14\sw\modules\fast\lib\32b\f28x\f2806x\</path>
         <kind>archive</kind>
         <file>2806xRevB_FastSpinROMSymbols_fpu32.lib</file>
         <name>TMS320x2806x_REVB_boot_rom_out__EST_getFlux_VpHz_tmp.obj</name>
      </input_file>
      <input_file id="fl-36">
         <path>C:\ti\motorware\motorware_1_01_00_14\sw\modules\fast\lib\32b\f28x\f2806x\</path>
         <kind>archive</kind>
         <file>2806xRevB_FastSpinROMSymbols_fpu32.lib</file>
         <name>TMS320x2806x_REVB_boot_rom_out__EST_getFlux_pu_tmp.obj</name>
      </input_file>
      <input_file id="fl-37">
         <path>C:\ti\motorware\motorware_1_01_00_14\sw\modules\fast\lib\32b\f28x\f2806x\</path>
         <kind>archive</kind>
         <file>2806xRevB_FastSpinROMSymbols_fpu32.lib</file>
         <name>TMS320x2806x_REVB_boot_rom_out__EST_getFm_pu_tmp.obj</name>
      </input_file>
      <input_file id="fl-38">
         <path>C:\ti\motorware\motorware_1_01_00_14\sw\modules\fast\lib\32b\f28x\f2806x\</path>
         <kind>archive</kind>
         <file>2806xRevB_FastSpinROMSymbols_fpu32.lib</file>
         <name>TMS320x2806x_REVB_boot_rom_out__EST_getIdRated_tmp.obj</name>
      </input_file>
      <input_file id="fl-39">
         <path>C:\ti\motorware\motorware_1_01_00_14\sw\modules\fast\lib\32b\f28x\f2806x\</path>
         <kind>archive</kind>
         <file>2806xRevB_FastSpinROMSymbols_fpu32.lib</file>
         <name>TMS320x2806x_REVB_boot_rom_out__EST_getLs_coarse_max_pu_tmp.obj</name>
      </input_file>
      <input_file id="fl-3a">
         <path>C:\ti\motorware\motorware_1_01_00_14\sw\modules\fast\lib\32b\f28x\f2806x\</path>
         <kind>archive</kind>
         <file>2806xRevB_FastSpinROMSymbols_fpu32.lib</file>
         <name>TMS320x2806x_REVB_boot_rom_out__EST_getLs_d_H_tmp.obj</name>
      </input_file>
      <input_file id="fl-3b">
         <path>C:\ti\motorware\motorware_1_01_00_14\sw\modules\fast\lib\32b\f28x\f2806x\</path>
         <kind>archive</kind>
         <file>2806xRevB_FastSpinROMSymbols_fpu32.lib</file>
         <name>TMS320x2806x_REVB_boot_rom_out__EST_getLs_d_pu_tmp.obj</name>
      </input_file>
      <input_file id="fl-3c">
         <path>C:\ti\motorware\motorware_1_01_00_14\sw\modules\fast\lib\32b\f28x\f2806x\</path>
         <kind>archive</kind>
         <file>2806xRevB_FastSpinROMSymbols_fpu32.lib</file>
         <name>TMS320x2806x_REVB_boot_rom_out__EST_getLs_q_H_tmp.obj</name>
      </input_file>
      <input_file id="fl-3d">
         <path>C:\ti\motorware\motorware_1_01_00_14\sw\modules\fast\lib\32b\f28x\f2806x\</path>
         <kind>archive</kind>
         <file>2806xRevB_FastSpinROMSymbols_fpu32.lib</file>
         <name>TMS320x2806x_REVB_boot_rom_out__EST_getLs_q_pu_tmp.obj</name>
      </input_file>
      <input_file id="fl-3e">
         <path>C:\ti\motorware\motorware_1_01_00_14\sw\modules\fast\lib\32b\f28x\f2806x\</path>
         <kind>archive</kind>
         <file>2806xRevB_FastSpinROMSymbols_fpu32.lib</file>
         <name>TMS320x2806x_REVB_boot_rom_out__EST_getMaxCurrentSlope_pu_tmp.obj</name>
      </input_file>
      <input_file id="fl-3f">
         <path>C:\ti\motorware\motorware_1_01_00_14\sw\modules\fast\lib\32b\f28x\f2806x\</path>
         <kind>archive</kind>
         <file>2806xRevB_FastSpinROMSymbols_fpu32.lib</file>
         <name>TMS320x2806x_REVB_boot_rom_out__EST_getOneOverDcBus_pu_tmp.obj</name>
      </input_file>
      <input_file id="fl-40">
         <path>C:\ti\motorware\motorware_1_01_00_14\sw\modules\fast\lib\32b\f28x\f2806x\</path>
         <kind>archive</kind>
         <file>2806xRevB_FastSpinROMSymbols_fpu32.lib</file>
         <name>TMS320x2806x_REVB_boot_rom_out__EST_getRr_Ohm_tmp.obj</name>
      </input_file>
      <input_file id="fl-41">
         <path>C:\ti\motorware\motorware_1_01_00_14\sw\modules\fast\lib\32b\f28x\f2806x\</path>
         <kind>archive</kind>
         <file>2806xRevB_FastSpinROMSymbols_fpu32.lib</file>
         <name>TMS320x2806x_REVB_boot_rom_out__EST_getRs_Ohm_tmp.obj</name>
      </input_file>
      <input_file id="fl-42">
         <path>C:\ti\motorware\motorware_1_01_00_14\sw\modules\fast\lib\32b\f28x\f2806x\</path>
         <kind>archive</kind>
         <file>2806xRevB_FastSpinROMSymbols_fpu32.lib</file>
         <name>TMS320x2806x_REVB_boot_rom_out__EST_getSpeed_krpm_tmp.obj</name>
      </input_file>
      <input_file id="fl-43">
         <path>C:\ti\motorware\motorware_1_01_00_14\sw\modules\fast\lib\32b\f28x\f2806x\</path>
         <kind>archive</kind>
         <file>2806xRevB_FastSpinROMSymbols_fpu32.lib</file>
         <name>TMS320x2806x_REVB_boot_rom_out__EST_getState_tmp.obj</name>
      </input_file>
      <input_file id="fl-44">
         <path>C:\ti\motorware\motorware_1_01_00_14\sw\modules\fast\lib\32b\f28x\f2806x\</path>
         <kind>archive</kind>
         <file>2806xRevB_FastSpinROMSymbols_fpu32.lib</file>
         <name>TMS320x2806x_REVB_boot_rom_out__EST_get_krpm_to_pu_sf_tmp.obj</name>
      </input_file>
      <input_file id="fl-45">
         <path>C:\ti\motorware\motorware_1_01_00_14\sw\modules\fast\lib\32b\f28x\f2806x\</path>
         <kind>archive</kind>
         <file>2806xRevB_FastSpinROMSymbols_fpu32.lib</file>
         <name>TMS320x2806x_REVB_boot_rom_out__EST_get_pu_to_krpm_sf_tmp.obj</name>
      </input_file>
      <input_file id="fl-46">
         <path>C:\ti\motorware\motorware_1_01_00_14\sw\modules\fast\lib\32b\f28x\f2806x\</path>
         <kind>archive</kind>
         <file>2806xRevB_FastSpinROMSymbols_fpu32.lib</file>
         <name>TMS320x2806x_REVB_boot_rom_out__EST_isError_tmp.obj</name>
      </input_file>
      <input_file id="fl-47">
         <path>C:\ti\motorware\motorware_1_01_00_14\sw\modules\fast\lib\32b\f28x\f2806x\</path>
         <kind>archive</kind>
         <file>2806xRevB_FastSpinROMSymbols_fpu32.lib</file>
         <name>TMS320x2806x_REVB_boot_rom_out__EST_isIdle_tmp.obj</name>
      </input_file>
      <input_file id="fl-48">
         <path>C:\ti\motorware\motorware_1_01_00_14\sw\modules\fast\lib\32b\f28x\f2806x\</path>
         <kind>archive</kind>
         <file>2806xRevB_FastSpinROMSymbols_fpu32.lib</file>
         <name>TMS320x2806x_REVB_boot_rom_out__EST_isLockRotor_tmp.obj</name>
      </input_file>
      <input_file id="fl-49">
         <path>C:\ti\motorware\motorware_1_01_00_14\sw\modules\fast\lib\32b\f28x\f2806x\</path>
         <kind>archive</kind>
         <file>2806xRevB_FastSpinROMSymbols_fpu32.lib</file>
         <name>TMS320x2806x_REVB_boot_rom_out__EST_isMotorIdentified_tmp.obj</name>
      </input_file>
      <input_file id="fl-4a">
         <path>C:\ti\motorware\motorware_1_01_00_14\sw\modules\fast\lib\32b\f28x\f2806x\</path>
         <kind>archive</kind>
         <file>2806xRevB_FastSpinROMSymbols_fpu32.lib</file>
         <name>TMS320x2806x_REVB_boot_rom_out__EST_isOnLine_tmp.obj</name>
      </input_file>
      <input_file id="fl-4b">
         <path>C:\ti\motorware\motorware_1_01_00_14\sw\modules\fast\lib\32b\f28x\f2806x\</path>
         <kind>archive</kind>
         <file>2806xRevB_FastSpinROMSymbols_fpu32.lib</file>
         <name>TMS320x2806x_REVB_boot_rom_out__EST_run_tmp.obj</name>
      </input_file>
      <input_file id="fl-4c">
         <path>C:\ti\motorware\motorware_1_01_00_14\sw\modules\fast\lib\32b\f28x\f2806x\</path>
         <kind>archive</kind>
         <file>2806xRevB_FastSpinROMSymbols_fpu32.lib</file>
         <name>TMS320x2806x_REVB_boot_rom_out__EST_setFlag_enableForceAngle_tmp.obj</name>
      </input_file>
      <input_file id="fl-4d">
         <path>C:\ti\motorware\motorware_1_01_00_14\sw\modules\fast\lib\32b\f28x\f2806x\</path>
         <kind>archive</kind>
         <file>2806xRevB_FastSpinROMSymbols_fpu32.lib</file>
         <name>TMS320x2806x_REVB_boot_rom_out__EST_setFlag_enableRsRecalc_tmp.obj</name>
      </input_file>
      <input_file id="fl-4e">
         <path>C:\ti\motorware\motorware_1_01_00_14\sw\modules\fast\lib\32b\f28x\f2806x\</path>
         <kind>archive</kind>
         <file>2806xRevB_FastSpinROMSymbols_fpu32.lib</file>
         <name>TMS320x2806x_REVB_boot_rom_out__EST_setId_ref_pu_tmp.obj</name>
      </input_file>
      <input_file id="fl-4f">
         <path>C:\ti\motorware\motorware_1_01_00_14\sw\modules\fast\lib\32b\f28x\f2806x\</path>
         <kind>archive</kind>
         <file>2806xRevB_FastSpinROMSymbols_fpu32.lib</file>
         <name>TMS320x2806x_REVB_boot_rom_out__EST_setIdle_tmp.obj</name>
      </input_file>
      <input_file id="fl-50">
         <path>C:\ti\motorware\motorware_1_01_00_14\sw\modules\fast\lib\32b\f28x\f2806x\</path>
         <kind>archive</kind>
         <file>2806xRevB_FastSpinROMSymbols_fpu32.lib</file>
         <name>TMS320x2806x_REVB_boot_rom_out__EST_setIdle_all_tmp.obj</name>
      </input_file>
      <input_file id="fl-51">
         <path>C:\ti\motorware\motorware_1_01_00_14\sw\modules\fast\lib\32b\f28x\f2806x\</path>
         <kind>archive</kind>
         <file>2806xRevB_FastSpinROMSymbols_fpu32.lib</file>
         <name>TMS320x2806x_REVB_boot_rom_out__EST_setIq_ref_pu_tmp.obj</name>
      </input_file>
      <input_file id="fl-52">
         <path>C:\ti\motorware\motorware_1_01_00_14\sw\modules\fast\lib\32b\f28x\f2806x\</path>
         <kind>archive</kind>
         <file>2806xRevB_FastSpinROMSymbols_fpu32.lib</file>
         <name>TMS320x2806x_REVB_boot_rom_out__EST_setLs_d_pu_tmp.obj</name>
      </input_file>
      <input_file id="fl-53">
         <path>C:\ti\motorware\motorware_1_01_00_14\sw\modules\fast\lib\32b\f28x\f2806x\</path>
         <kind>archive</kind>
         <file>2806xRevB_FastSpinROMSymbols_fpu32.lib</file>
         <name>TMS320x2806x_REVB_boot_rom_out__EST_setLs_qFmt_tmp.obj</name>
      </input_file>
      <input_file id="fl-54">
         <path>C:\ti\motorware\motorware_1_01_00_14\sw\modules\fast\lib\32b\f28x\f2806x\</path>
         <kind>archive</kind>
         <file>2806xRevB_FastSpinROMSymbols_fpu32.lib</file>
         <name>TMS320x2806x_REVB_boot_rom_out__EST_setLs_q_pu_tmp.obj</name>
      </input_file>
      <input_file id="fl-55">
         <path>C:\ti\motorware\motorware_1_01_00_14\sw\modules\fast\lib\32b\f28x\f2806x\</path>
         <kind>archive</kind>
         <file>2806xRevB_FastSpinROMSymbols_fpu32.lib</file>
         <name>TMS320x2806x_REVB_boot_rom_out__EST_setMaxCurrentSlope_pu_tmp.obj</name>
      </input_file>
      <input_file id="fl-56">
         <path>C:\ti\motorware\motorware_1_01_00_14\sw\modules\fast\lib\32b\f28x\f2806x\</path>
         <kind>archive</kind>
         <file>2806xRevB_FastSpinROMSymbols_fpu32.lib</file>
         <name>TMS320x2806x_REVB_boot_rom_out__EST_setRs_pu_tmp.obj</name>
      </input_file>
      <input_file id="fl-57">
         <path>C:\ti\motorware\motorware_1_01_00_14\sw\modules\fast\lib\32b\f28x\f2806x\</path>
         <kind>archive</kind>
         <file>2806xRevB_FastSpinROMSymbols_fpu32.lib</file>
         <name>TMS320x2806x_REVB_boot_rom_out__EST_updateId_ref_pu_tmp.obj</name>
      </input_file>
      <input_file id="fl-58">
         <path>C:\ti\motorware\motorware_1_01_00_14\sw\modules\fast\lib\32b\f28x\f2806x\</path>
         <kind>archive</kind>
         <file>2806xRevB_FastSpinROMSymbols_fpu32.lib</file>
         <name>TMS320x2806x_REVB_boot_rom_out__EST_updateState_tmp.obj</name>
      </input_file>
      <input_file id="fl-59">
         <path>C:\ti\motorware\motorware_1_01_00_14\sw\modules\fast\lib\32b\f28x\f2806x\</path>
         <kind>archive</kind>
         <file>2806xRevB_FastSpinROMSymbols_fpu32.lib</file>
         <name>TMS320x2806x_REVB_boot_rom_out__EST_useZeroIq_ref_tmp.obj</name>
      </input_file>
      <input_file id="fl-5a">
         <path>C:\ti\motorware\motorware_1_01_00_14\sw\modules\iqmath\lib\f28x\float\</path>
         <kind>archive</kind>
         <file>IQmath_fpu32.lib</file>
         <name>IQ24cosPU.obj</name>
      </input_file>
      <input_file id="fl-5b">
         <path>C:\ti\motorware\motorware_1_01_00_14\sw\modules\iqmath\lib\f28x\float\</path>
         <kind>archive</kind>
         <file>IQmath_fpu32.lib</file>
         <name>IQmathTables.obj</name>
      </input_file>
      <input_file id="fl-5c">
         <path>C:\ti\motorware\motorware_1_01_00_14\sw\modules\iqmath\lib\f28x\float\</path>
         <kind>archive</kind>
         <file>IQmath_fpu32.lib</file>
         <name>IQ24sinPU.obj</name>
      </input_file>
      <input_file id="fl-5d">
         <path>C:\ti\motorware\motorware_1_01_00_14\sw\modules\iqmath\lib\f28x\float\</path>
         <kind>archive</kind>
         <file>IQmath_fpu32.lib</file>
         <name>IQ24sqrt.obj</name>
      </input_file>
      <input_file id="fl-5e">
         <path>C:\ti\motorware\motorware_1_01_00_14\sw\modules\iqmath\lib\f28x\float\</path>
         <kind>archive</kind>
         <file>IQmath_fpu32.lib</file>
         <name>IQ30toF.obj</name>
      </input_file>
      <input_file id="fl-5f">
         <path>C:\ti\ccsv6\tools\compiler\ti-cgt-c2000_6.4.4\lib\</path>
         <kind>archive</kind>
         <file>rts2800_fpu32.lib</file>
         <name>boot.obj</name>
      </input_file>
      <input_file id="fl-60">
         <path>C:\ti\ccsv6\tools\compiler\ti-cgt-c2000_6.4.4\lib\</path>
         <kind>archive</kind>
         <file>rts2800_fpu32.lib</file>
         <name>args_main.obj</name>
      </input_file>
      <input_file id="fl-61">
         <path>C:\ti\ccsv6\tools\compiler\ti-cgt-c2000_6.4.4\lib\</path>
         <kind>archive</kind>
         <file>rts2800_fpu32.lib</file>
         <name>exit.obj</name>
      </input_file>
      <input_file id="fl-62">
         <path>C:\ti\ccsv6\tools\compiler\ti-cgt-c2000_6.4.4\lib\</path>
         <kind>archive</kind>
         <file>rts2800_fpu32.lib</file>
         <name>_lock.obj</name>
      </input_file>
      <input_file id="fl-63">
         <path>C:\ti\ccsv6\tools\compiler\ti-cgt-c2000_6.4.4\lib\</path>
         <kind>archive</kind>
         <file>rts2800_fpu32.lib</file>
         <name>log.obj</name>
      </input_file>
      <input_file id="fl-64">
         <path>C:\ti\ccsv6\tools\compiler\ti-cgt-c2000_6.4.4\lib\</path>
         <kind>archive</kind>
         <file>rts2800_fpu32.lib</file>
         <name>errno.obj</name>
      </input_file>
      <input_file id="fl-65">
         <path>C:\ti\ccsv6\tools\compiler\ti-cgt-c2000_6.4.4\lib\</path>
         <kind>archive</kind>
         <file>rts2800_fpu32.lib</file>
         <name>frexp.obj</name>
      </input_file>
      <input_file id="fl-66">
         <path>C:\ti\ccsv6\tools\compiler\ti-cgt-c2000_6.4.4\lib\</path>
         <kind>archive</kind>
         <file>rts2800_fpu32.lib</file>
         <name>memcpy.obj</name>
      </input_file>
      <input_file id="fl-67">
         <path>C:\ti\ccsv6\tools\compiler\ti-cgt-c2000_6.4.4\lib\</path>
         <kind>archive</kind>
         <file>rts2800_fpu32.lib</file>
         <name>modf.obj</name>
      </input_file>
      <input_file id="fl-68">
         <path>C:\ti\ccsv6\tools\compiler\ti-cgt-c2000_6.4.4\lib\</path>
         <kind>archive</kind>
         <file>rts2800_fpu32.lib</file>
         <name>pow.obj</name>
      </input_file>
      <input_file id="fl-69">
         <path>C:\ti\ccsv6\tools\compiler\ti-cgt-c2000_6.4.4\lib\</path>
         <kind>archive</kind>
         <file>rts2800_fpu32.lib</file>
         <name>i_div.obj</name>
      </input_file>
      <input_file id="fl-6a">
         <path>C:\ti\ccsv6\tools\compiler\ti-cgt-c2000_6.4.4\lib\</path>
         <kind>archive</kind>
         <file>rts2800_fpu32.lib</file>
         <name>_log.obj</name>
      </input_file>
      <input_file id="fl-6b">
         <path>C:\ti\ccsv6\tools\compiler\ti-cgt-c2000_6.4.4\lib\</path>
         <kind>archive</kind>
         <file>rts2800_fpu32.lib</file>
         <name>exp.obj</name>
      </input_file>
      <input_file id="fl-6c">
         <path>C:\ti\ccsv6\tools\compiler\ti-cgt-c2000_6.4.4\lib\</path>
         <kind>archive</kind>
         <file>rts2800_fpu32.lib</file>
         <name>ldexp.obj</name>
      </input_file>
   </input_file_list>
   <object_component_list>
      <object_component id="oc-1b">
         <name>codestart</name>
         <load_address>0x0</load_address>
         <run_address>0x0</run_address>
         <size>0x2</size>
         <input_file_ref idref="fl-4"/>
      </object_component>
      <object_component id="oc-132">
         <name>ramfuncs</name>
         <load_address>0xf1</load_address>
         <run_address>0xf1</run_address>
         <size>0x32</size>
         <input_file_ref idref="fl-c"/>
      </object_component>
      <object_component id="oc-9f">
         <name>ramfuncs</name>
         <load_address>0x123</load_address>
         <run_address>0x123</run_address>
         <size>0x4</size>
         <input_file_ref idref="fl-1d"/>
      </object_component>
      <object_component id="oc-124">
         <name>.text</name>
         <load_address>0x8000</load_address>
         <run_address>0x8000</run_address>
         <size>0xac2</size>
         <input_file_ref idref="fl-e"/>
      </object_component>
      <object_component id="oc-11f">
         <name>.text</name>
         <load_address>0x8ac2</load_address>
         <run_address>0x8ac2</run_address>
         <size>0x9d8</size>
         <input_file_ref idref="fl-9"/>
      </object_component>
      <object_component id="oc-123">
         <name>.text</name>
         <load_address>0x949a</load_address>
         <run_address>0x949a</run_address>
         <size>0x5a7</size>
         <input_file_ref idref="fl-1e"/>
      </object_component>
      <object_component id="oc-12e">
         <name>.text</name>
         <load_address>0x9a41</load_address>
         <run_address>0x9a41</run_address>
         <size>0x2f7</size>
         <input_file_ref idref="fl-17"/>
      </object_component>
      <object_component id="oc-12b">
         <name>.text</name>
         <load_address>0x9d38</load_address>
         <run_address>0x9d38</run_address>
         <size>0x2d8</size>
         <input_file_ref idref="fl-a"/>
      </object_component>
      <object_component id="oc-120">
         <name>.text</name>
         <load_address>0xa010</load_address>
         <run_address>0xa010</run_address>
         <size>0x2d2</size>
         <input_file_ref idref="fl-3"/>
      </object_component>
      <object_component id="oc-133">
         <name>.text</name>
         <load_address>0xa2e2</load_address>
         <run_address>0xa2e2</run_address>
         <size>0x1fa</size>
         <input_file_ref idref="fl-5"/>
      </object_component>
      <object_component id="oc-11e">
         <name>.text</name>
         <load_address>0xa4dc</load_address>
         <run_address>0xa4dc</run_address>
         <size>0x197</size>
         <input_file_ref idref="fl-d"/>
      </object_component>
      <object_component id="oc-12f">
         <name>.text</name>
         <load_address>0xa673</load_address>
         <run_address>0xa673</run_address>
         <size>0x18b</size>
         <input_file_ref idref="fl-7"/>
      </object_component>
      <object_component id="oc-131">
         <name>.text</name>
         <load_address>0xa7fe</load_address>
         <run_address>0xa7fe</run_address>
         <size>0x101</size>
         <input_file_ref idref="fl-15"/>
      </object_component>
      <object_component id="oc-15">
         <name>.text:retain</name>
         <load_address>0xa900</load_address>
         <run_address>0xa900</run_address>
         <size>0xe1</size>
         <input_file_ref idref="fl-3"/>
      </object_component>
      <object_component id="oc-12d">
         <name>.text</name>
         <load_address>0xa9e1</load_address>
         <run_address>0xa9e1</run_address>
         <size>0xaa</size>
         <input_file_ref idref="fl-19"/>
      </object_component>
      <object_component id="oc-b9">
         <name>.text</name>
         <load_address>0xaa8b</load_address>
         <run_address>0xaa8b</run_address>
         <size>0x88</size>
         <input_file_ref idref="fl-27"/>
      </object_component>
      <object_component id="oc-af">
         <name>.text</name>
         <load_address>0xab13</load_address>
         <run_address>0xab13</run_address>
         <size>0x83</size>
         <input_file_ref idref="fl-25"/>
      </object_component>
      <object_component id="oc-13d">
         <name>.text</name>
         <load_address>0xab96</load_address>
         <run_address>0xab96</run_address>
         <size>0x68</size>
         <input_file_ref idref="fl-6b"/>
      </object_component>
      <object_component id="oc-128">
         <name>.text</name>
         <load_address>0xabfe</load_address>
         <run_address>0xabfe</run_address>
         <size>0x62</size>
         <input_file_ref idref="fl-63"/>
      </object_component>
      <object_component id="oc-130">
         <name>.text</name>
         <load_address>0xac60</load_address>
         <run_address>0xac60</run_address>
         <size>0x5c</size>
         <input_file_ref idref="fl-16"/>
      </object_component>
      <object_component id="oc-12a">
         <name>.text</name>
         <load_address>0xacbc</load_address>
         <run_address>0xacbc</run_address>
         <size>0x5b</size>
         <input_file_ref idref="fl-68"/>
      </object_component>
      <object_component id="oc-13c">
         <name>.text</name>
         <load_address>0xad17</load_address>
         <run_address>0xad17</run_address>
         <size>0x50</size>
         <input_file_ref idref="fl-6a"/>
      </object_component>
      <object_component id="oc-135">
         <name>.text</name>
         <load_address>0xad67</load_address>
         <run_address>0xad67</run_address>
         <size>0x48</size>
         <input_file_ref idref="fl-11"/>
      </object_component>
      <object_component id="oc-137">
         <name>.text</name>
         <load_address>0xadaf</load_address>
         <run_address>0xadaf</run_address>
         <size>0x47</size>
         <input_file_ref idref="fl-1f"/>
      </object_component>
      <object_component id="oc-11">
         <name>.text</name>
         <load_address>0xadf6</load_address>
         <run_address>0xadf6</run_address>
         <size>0x46</size>
         <input_file_ref idref="fl-5f"/>
      </object_component>
      <object_component id="oc-139">
         <name>.text</name>
         <load_address>0xae3c</load_address>
         <run_address>0xae3c</run_address>
         <size>0x45</size>
         <input_file_ref idref="fl-18"/>
      </object_component>
      <object_component id="oc-13f">
         <name>.text</name>
         <load_address>0xae81</load_address>
         <run_address>0xae81</run_address>
         <size>0x34</size>
         <input_file_ref idref="fl-6c"/>
      </object_component>
      <object_component id="oc-12c">
         <name>.text</name>
         <load_address>0xaeb5</load_address>
         <run_address>0xaeb5</run_address>
         <size>0x33</size>
         <input_file_ref idref="fl-1b"/>
      </object_component>
      <object_component id="oc-134">
         <name>.text</name>
         <load_address>0xaee8</load_address>
         <run_address>0xaee8</run_address>
         <size>0x2e</size>
         <input_file_ref idref="fl-12"/>
      </object_component>
      <object_component id="oc-13e">
         <name>.text</name>
         <load_address>0xaf16</load_address>
         <run_address>0xaf16</run_address>
         <size>0x26</size>
         <input_file_ref idref="fl-b"/>
      </object_component>
      <object_component id="oc-136">
         <name>.text</name>
         <load_address>0xaf3c</load_address>
         <run_address>0xaf3c</run_address>
         <size>0x25</size>
         <input_file_ref idref="fl-8"/>
      </object_component>
      <object_component id="oc-108">
         <name>.text</name>
         <load_address>0xaf61</load_address>
         <run_address>0xaf61</run_address>
         <size>0x22</size>
         <input_file_ref idref="fl-69"/>
      </object_component>
      <object_component id="oc-138">
         <name>.text</name>
         <load_address>0xaf83</load_address>
         <run_address>0xaf83</run_address>
         <size>0x21</size>
         <input_file_ref idref="fl-c"/>
      </object_component>
      <object_component id="oc-b4">
         <name>.text</name>
         <load_address>0xafa4</load_address>
         <run_address>0xafa4</run_address>
         <size>0x1f</size>
         <input_file_ref idref="fl-26"/>
      </object_component>
      <object_component id="oc-125">
         <name>.text</name>
         <load_address>0xafc3</load_address>
         <run_address>0xafc3</run_address>
         <size>0x1e</size>
         <input_file_ref idref="fl-66"/>
      </object_component>
      <object_component id="oc-be">
         <name>.text</name>
         <load_address>0xafe1</load_address>
         <run_address>0xafe1</run_address>
         <size>0x1c</size>
         <input_file_ref idref="fl-28"/>
      </object_component>
      <object_component id="oc-129">
         <name>.text</name>
         <load_address>0xaffd</load_address>
         <run_address>0xaffd</run_address>
         <size>0x1c</size>
         <input_file_ref idref="fl-67"/>
      </object_component>
      <object_component id="oc-11c">
         <name>.text</name>
         <load_address>0xb019</load_address>
         <run_address>0xb019</run_address>
         <size>0x19</size>
         <input_file_ref idref="fl-60"/>
      </object_component>
      <object_component id="oc-11d">
         <name>.text</name>
         <load_address>0xb032</load_address>
         <run_address>0xb032</run_address>
         <size>0x19</size>
         <input_file_ref idref="fl-61"/>
      </object_component>
      <object_component id="oc-13b">
         <name>.text</name>
         <load_address>0xb04b</load_address>
         <run_address>0xb04b</run_address>
         <size>0x16</size>
         <input_file_ref idref="fl-65"/>
      </object_component>
      <object_component id="oc-77">
         <name>.text:retain</name>
         <load_address>0xb061</load_address>
         <run_address>0xb061</run_address>
         <size>0xa</size>
         <input_file_ref idref="fl-15"/>
      </object_component>
      <object_component id="oc-126">
         <name>.text</name>
         <load_address>0xb06b</load_address>
         <run_address>0xb06b</run_address>
         <size>0x9</size>
         <input_file_ref idref="fl-62"/>
      </object_component>
      <object_component id="oc-1a">
         <name>.text</name>
         <load_address>0xb074</load_address>
         <run_address>0xb074</run_address>
         <size>0x8</size>
         <input_file_ref idref="fl-4"/>
      </object_component>
      <object_component id="oc-13">
         <name>.cinit</name>
         <load_address>0x50</load_address>
         <run_address>0x50</run_address>
         <size>0x83</size>
         <input_file_ref idref="fl-3"/>
      </object_component>
      <object_component id="oc-e0">
         <name>.cinit</name>
         <load_address>0xd3</load_address>
         <run_address>0xd3</run_address>
         <size>0xa</size>
         <input_file_ref idref="fl-61"/>
      </object_component>
      <object_component id="oc-122">
         <name>.cinit:__lock</name>
         <load_address>0xdd</load_address>
         <run_address>0xdd</run_address>
         <size>0x5</size>
         <input_file_ref idref="fl-62"/>
      </object_component>
      <object_component id="oc-127">
         <name>.cinit:__unlock</name>
         <load_address>0xe2</load_address>
         <run_address>0xe2</run_address>
         <size>0x5</size>
         <input_file_ref idref="fl-62"/>
      </object_component>
      <object_component id="oc-3c">
         <name>.cinit</name>
         <load_address>0xe7</load_address>
         <run_address>0xe7</run_address>
         <size>0x4</size>
         <input_file_ref idref="fl-a"/>
      </object_component>
      <object_component id="oc-f1">
         <name>.cinit</name>
         <load_address>0xeb</load_address>
         <run_address>0xeb</run_address>
         <size>0x4</size>
         <input_file_ref idref="fl-64"/>
      </object_component>
      <object_component id="oc-d5">
         <name>.reset</name>
         <load_address>0x3fffc0</load_address>
         <run_address>0x3fffc0</run_address>
         <size>0x2</size>
         <input_file_ref idref="fl-5f"/>
      </object_component>
      <object_component id="oc-d4">
         <name>.stack</name>
         <uninitialized>true</uninitialized>
         <run_address>0x400</run_address>
         <size>0x0</size>
         <input_file_ref idref="fl-5f"/>
      </object_component>
      <object_component id="oc-159">
         <name>.stack</name>
         <uninitialized>true</uninitialized>
         <run_address>0x400</run_address>
         <size>0x0</size>
      </object_component>
      <object_component id="oc-14">
         <name>.ebss</name>
         <uninitialized>true</uninitialized>
         <run_address>0xb080</run_address>
         <size>0x16c</size>
         <input_file_ref idref="fl-3"/>
      </object_component>
      <object_component id="oc-30">
         <name>.ebss</name>
         <uninitialized>true</uninitialized>
         <run_address>0xb1f2</run_address>
         <size>0x1</size>
         <input_file_ref idref="fl-8"/>
      </object_component>
      <object_component id="oc-3d">
         <name>.ebss</name>
         <uninitialized>true</uninitialized>
         <run_address>0xb1f0</run_address>
         <size>0x2</size>
         <input_file_ref idref="fl-a"/>
      </object_component>
      <object_component id="oc-52">
         <name>.ebss</name>
         <uninitialized>true</uninitialized>
         <run_address>0xb200</run_address>
         <size>0xa6</size>
         <input_file_ref idref="fl-e"/>
      </object_component>
      <object_component id="oc-e1">
         <name>.ebss</name>
         <uninitialized>true</uninitialized>
         <run_address>0xb07c</run_address>
         <size>0x4</size>
         <input_file_ref idref="fl-61"/>
      </object_component>
      <object_component id="oc-13a">
         <name>.ebss:__unlock</name>
         <uninitialized>true</uninitialized>
         <run_address>0xb1ee</run_address>
         <size>0x2</size>
         <input_file_ref idref="fl-62"/>
      </object_component>
      <object_component id="oc-121">
         <name>.ebss:__lock</name>
         <uninitialized>true</uninitialized>
         <run_address>0xb1ec</run_address>
         <size>0x2</size>
         <input_file_ref idref="fl-62"/>
      </object_component>
      <object_component id="oc-f2">
         <name>.ebss</name>
         <uninitialized>true</uninitialized>
         <run_address>0xb1f3</run_address>
         <size>0x1</size>
         <input_file_ref idref="fl-64"/>
      </object_component>
      <object_component id="oc-36">
         <name>.econst</name>
         <load_address>0xb34e</load_address>
         <run_address>0xb34e</run_address>
         <size>0x1c</size>
         <input_file_ref idref="fl-9"/>
      </object_component>
      <object_component id="oc-a5">
         <name>.econst</name>
         <load_address>0xb36a</load_address>
         <run_address>0xb36a</run_address>
         <size>0x8</size>
         <input_file_ref idref="fl-1e"/>
      </object_component>
      <object_component id="oc-53">
         <name>.econst</name>
         <load_address>0xb372</load_address>
         <run_address>0xb372</run_address>
         <size>0x4</size>
         <input_file_ref idref="fl-e"/>
      </object_component>
      <object_component id="oc-cc">
         <name>IQmath</name>
         <load_address>0xb2a6</load_address>
         <run_address>0xb2a6</run_address>
         <size>0x42</size>
         <input_file_ref idref="fl-5d"/>
      </object_component>
      <object_component id="oc-c8">
         <name>IQmath</name>
         <load_address>0xb2e8</load_address>
         <run_address>0xb2e8</run_address>
         <size>0x29</size>
         <input_file_ref idref="fl-5c"/>
      </object_component>
      <object_component id="oc-c3">
         <name>IQmath</name>
         <load_address>0xb311</load_address>
         <run_address>0xb311</run_address>
         <size>0x27</size>
         <input_file_ref idref="fl-5a"/>
      </object_component>
      <object_component id="oc-d0">
         <name>IQmath</name>
         <load_address>0xb338</load_address>
         <run_address>0xb338</run_address>
         <size>0x16</size>
         <input_file_ref idref="fl-5e"/>
      </object_component>
      <object_component id="oc-c7">
         <name>IQmathTables</name>
         <load_address>0x3fdc30</load_address>
         <run_address>0x3fdc30</run_address>
         <size>0xb50</size>
         <input_file_ref idref="fl-5b"/>
      </object_component>
      <object_component id="oc-12">
         <name>.debug_info</name>
         <load_address>0x0</load_address>
         <run_address>0x0</run_address>
         <size>0x8bdb</size>
         <input_file_ref idref="fl-3"/>
      </object_component>
      <object_component id="oc-1c">
         <name>.debug_info</name>
         <load_address>0x8bdb</load_address>
         <run_address>0x8bdb</run_address>
         <size>0x1d6</size>
         <input_file_ref idref="fl-4"/>
      </object_component>
      <object_component id="oc-20">
         <name>.debug_info</name>
         <load_address>0x8db1</load_address>
         <run_address>0x8db1</run_address>
         <size>0x43e7</size>
         <input_file_ref idref="fl-5"/>
      </object_component>
      <object_component id="oc-25">
         <name>.debug_info</name>
         <load_address>0xd198</load_address>
         <run_address>0xd198</run_address>
         <size>0x457</size>
         <input_file_ref idref="fl-6"/>
      </object_component>
      <object_component id="oc-2a">
         <name>.debug_info</name>
         <load_address>0xd5ef</load_address>
         <run_address>0xd5ef</run_address>
         <size>0x4a96</size>
         <input_file_ref idref="fl-7"/>
      </object_component>
      <object_component id="oc-2f">
         <name>.debug_info</name>
         <load_address>0x12085</load_address>
         <run_address>0x12085</run_address>
         <size>0x10ad</size>
         <input_file_ref idref="fl-8"/>
      </object_component>
      <object_component id="oc-35">
         <name>.debug_info</name>
         <load_address>0x13132</load_address>
         <run_address>0x13132</run_address>
         <size>0x99c1</size>
         <input_file_ref idref="fl-9"/>
      </object_component>
      <object_component id="oc-3b">
         <name>.debug_info</name>
         <load_address>0x1caf3</load_address>
         <run_address>0x1caf3</run_address>
         <size>0x4d85</size>
         <input_file_ref idref="fl-a"/>
      </object_component>
      <object_component id="oc-42">
         <name>.debug_info</name>
         <load_address>0x21878</load_address>
         <run_address>0x21878</run_address>
         <size>0xd2e</size>
         <input_file_ref idref="fl-b"/>
      </object_component>
      <object_component id="oc-47">
         <name>.debug_info</name>
         <load_address>0x225a6</load_address>
         <run_address>0x225a6</run_address>
         <size>0x209c</size>
         <input_file_ref idref="fl-c"/>
      </object_component>
      <object_component id="oc-4c">
         <name>.debug_info</name>
         <load_address>0x24642</load_address>
         <run_address>0x24642</run_address>
         <size>0x3766</size>
         <input_file_ref idref="fl-d"/>
      </object_component>
      <object_component id="oc-51">
         <name>.debug_info</name>
         <load_address>0x27da8</load_address>
         <run_address>0x27da8</run_address>
         <size>0x11ba6</size>
         <input_file_ref idref="fl-e"/>
      </object_component>
      <object_component id="oc-58">
         <name>.debug_info</name>
         <load_address>0x3994e</load_address>
         <run_address>0x3994e</run_address>
         <size>0x406</size>
         <input_file_ref idref="fl-f"/>
      </object_component>
      <object_component id="oc-5d">
         <name>.debug_info</name>
         <load_address>0x39d54</load_address>
         <run_address>0x39d54</run_address>
         <size>0x3a6</size>
         <input_file_ref idref="fl-10"/>
      </object_component>
      <object_component id="oc-62">
         <name>.debug_info</name>
         <load_address>0x3a0fa</load_address>
         <run_address>0x3a0fa</run_address>
         <size>0xcc9</size>
         <input_file_ref idref="fl-11"/>
      </object_component>
      <object_component id="oc-67">
         <name>.debug_info</name>
         <load_address>0x3adc3</load_address>
         <run_address>0x3adc3</run_address>
         <size>0xa5d</size>
         <input_file_ref idref="fl-12"/>
      </object_component>
      <object_component id="oc-6c">
         <name>.debug_info</name>
         <load_address>0x3b820</load_address>
         <run_address>0x3b820</run_address>
         <size>0x402</size>
         <input_file_ref idref="fl-13"/>
      </object_component>
      <object_component id="oc-71">
         <name>.debug_info</name>
         <load_address>0x3bc22</load_address>
         <run_address>0x3bc22</run_address>
         <size>0x496</size>
         <input_file_ref idref="fl-14"/>
      </object_component>
      <object_component id="oc-76">
         <name>.debug_info</name>
         <load_address>0x3c0b8</load_address>
         <run_address>0x3c0b8</run_address>
         <size>0x45ca</size>
         <input_file_ref idref="fl-15"/>
      </object_component>
      <object_component id="oc-7c">
         <name>.debug_info</name>
         <load_address>0x40682</load_address>
         <run_address>0x40682</run_address>
         <size>0x1a9c</size>
         <input_file_ref idref="fl-16"/>
      </object_component>
      <object_component id="oc-81">
         <name>.debug_info</name>
         <load_address>0x4211e</load_address>
         <run_address>0x4211e</run_address>
         <size>0xaee7</size>
         <input_file_ref idref="fl-17"/>
      </object_component>
      <object_component id="oc-86">
         <name>.debug_info</name>
         <load_address>0x4d005</load_address>
         <run_address>0x4d005</run_address>
         <size>0x13ca</size>
         <input_file_ref idref="fl-18"/>
      </object_component>
      <object_component id="oc-8b">
         <name>.debug_info</name>
         <load_address>0x4e3cf</load_address>
         <run_address>0x4e3cf</run_address>
         <size>0x3a9f</size>
         <input_file_ref idref="fl-19"/>
      </object_component>
      <object_component id="oc-90">
         <name>.debug_info</name>
         <load_address>0x51e6e</load_address>
         <run_address>0x51e6e</run_address>
         <size>0x400</size>
         <input_file_ref idref="fl-1a"/>
      </object_component>
      <object_component id="oc-95">
         <name>.debug_info</name>
         <load_address>0x5226e</load_address>
         <run_address>0x5226e</run_address>
         <size>0xf58</size>
         <input_file_ref idref="fl-1b"/>
      </object_component>
      <object_component id="oc-9a">
         <name>.debug_info</name>
         <load_address>0x531c6</load_address>
         <run_address>0x531c6</run_address>
         <size>0x468</size>
         <input_file_ref idref="fl-1c"/>
      </object_component>
      <object_component id="oc-a0">
         <name>.debug_info</name>
         <load_address>0x5362e</load_address>
         <run_address>0x5362e</run_address>
         <size>0x15c</size>
         <input_file_ref idref="fl-1d"/>
      </object_component>
      <object_component id="oc-a4">
         <name>.debug_info</name>
         <load_address>0x5378a</load_address>
         <run_address>0x5378a</run_address>
         <size>0x494f</size>
         <input_file_ref idref="fl-1e"/>
      </object_component>
      <object_component id="oc-aa">
         <name>.debug_info</name>
         <load_address>0x580d9</load_address>
         <run_address>0x580d9</run_address>
         <size>0x130a</size>
         <input_file_ref idref="fl-1f"/>
      </object_component>
      <object_component id="oc-b0">
         <name>.debug_info</name>
         <load_address>0x593e3</load_address>
         <run_address>0x593e3</run_address>
         <size>0xf2</size>
         <input_file_ref idref="fl-25"/>
      </object_component>
      <object_component id="oc-b5">
         <name>.debug_info</name>
         <load_address>0x594d5</load_address>
         <run_address>0x594d5</run_address>
         <size>0xf2</size>
         <input_file_ref idref="fl-26"/>
      </object_component>
      <object_component id="oc-ba">
         <name>.debug_info</name>
         <load_address>0x595c7</load_address>
         <run_address>0x595c7</run_address>
         <size>0xf2</size>
         <input_file_ref idref="fl-27"/>
      </object_component>
      <object_component id="oc-bf">
         <name>.debug_info</name>
         <load_address>0x596b9</load_address>
         <run_address>0x596b9</run_address>
         <size>0xf8</size>
         <input_file_ref idref="fl-28"/>
      </object_component>
      <object_component id="oc-c4">
         <name>.debug_info</name>
         <load_address>0x597b1</load_address>
         <run_address>0x597b1</run_address>
         <size>0xae</size>
         <input_file_ref idref="fl-5a"/>
      </object_component>
      <object_component id="oc-c9">
         <name>.debug_info</name>
         <load_address>0x5985f</load_address>
         <run_address>0x5985f</run_address>
         <size>0xae</size>
         <input_file_ref idref="fl-5c"/>
      </object_component>
      <object_component id="oc-cd">
         <name>.debug_info</name>
         <load_address>0x5990d</load_address>
         <run_address>0x5990d</run_address>
         <size>0xac</size>
         <input_file_ref idref="fl-5d"/>
      </object_component>
      <object_component id="oc-d1">
         <name>.debug_info</name>
         <load_address>0x599b9</load_address>
         <run_address>0x599b9</run_address>
         <size>0xb5</size>
         <input_file_ref idref="fl-5e"/>
      </object_component>
      <object_component id="oc-d6">
         <name>.debug_info</name>
         <load_address>0x59a6e</load_address>
         <run_address>0x59a6e</run_address>
         <size>0x110</size>
         <input_file_ref idref="fl-5f"/>
      </object_component>
      <object_component id="oc-da">
         <name>.debug_info</name>
         <load_address>0x59b7e</load_address>
         <run_address>0x59b7e</run_address>
         <size>0x4b0</size>
         <input_file_ref idref="fl-60"/>
      </object_component>
      <object_component id="oc-df">
         <name>.debug_info</name>
         <load_address>0x5a02e</load_address>
         <run_address>0x5a02e</run_address>
         <size>0x4b9</size>
         <input_file_ref idref="fl-61"/>
      </object_component>
      <object_component id="oc-e6">
         <name>.debug_info</name>
         <load_address>0x5a4e7</load_address>
         <run_address>0x5a4e7</run_address>
         <size>0x4e3</size>
         <input_file_ref idref="fl-62"/>
      </object_component>
      <object_component id="oc-eb">
         <name>.debug_info</name>
         <load_address>0x5a9ca</load_address>
         <run_address>0x5a9ca</run_address>
         <size>0x44c</size>
         <input_file_ref idref="fl-63"/>
      </object_component>
      <object_component id="oc-f0">
         <name>.debug_info</name>
         <load_address>0x5ae16</load_address>
         <run_address>0x5ae16</run_address>
         <size>0x19d</size>
         <input_file_ref idref="fl-64"/>
      </object_component>
      <object_component id="oc-f4">
         <name>.debug_info</name>
         <load_address>0x5afb3</load_address>
         <run_address>0x5afb3</run_address>
         <size>0x3ff</size>
         <input_file_ref idref="fl-65"/>
      </object_component>
      <object_component id="oc-f9">
         <name>.debug_info</name>
         <load_address>0x5b3b2</load_address>
         <run_address>0x5b3b2</run_address>
         <size>0x451</size>
         <input_file_ref idref="fl-66"/>
      </object_component>
      <object_component id="oc-fe">
         <name>.debug_info</name>
         <load_address>0x5b803</load_address>
         <run_address>0x5b803</run_address>
         <size>0x408</size>
         <input_file_ref idref="fl-67"/>
      </object_component>
      <object_component id="oc-103">
         <name>.debug_info</name>
         <load_address>0x5bc0b</load_address>
         <run_address>0x5bc0b</run_address>
         <size>0x465</size>
         <input_file_ref idref="fl-68"/>
      </object_component>
      <object_component id="oc-109">
         <name>.debug_info</name>
         <load_address>0x5c070</load_address>
         <run_address>0x5c070</run_address>
         <size>0x11f</size>
         <input_file_ref idref="fl-69"/>
      </object_component>
      <object_component id="oc-10d">
         <name>.debug_info</name>
         <load_address>0x5c18f</load_address>
         <run_address>0x5c18f</run_address>
         <size>0x426</size>
         <input_file_ref idref="fl-6a"/>
      </object_component>
      <object_component id="oc-112">
         <name>.debug_info</name>
         <load_address>0x5c5b5</load_address>
         <run_address>0x5c5b5</run_address>
         <size>0x41d</size>
         <input_file_ref idref="fl-6b"/>
      </object_component>
      <object_component id="oc-117">
         <name>.debug_info</name>
         <load_address>0x5c9d2</load_address>
         <run_address>0x5c9d2</run_address>
         <size>0x40f</size>
         <input_file_ref idref="fl-6c"/>
      </object_component>
      <object_component id="oc-15a">
         <name>.debug_info</name>
         <load_address>0x5cde1</load_address>
         <run_address>0x5cde1</run_address>
         <size>0xa3</size>
      </object_component>
      <object_component id="oc-16">
         <name>.debug_frame</name>
         <load_address>0x0</load_address>
         <run_address>0x0</run_address>
         <size>0x168</size>
         <input_file_ref idref="fl-3"/>
      </object_component>
      <object_component id="oc-21">
         <name>.debug_frame</name>
         <load_address>0x168</load_address>
         <run_address>0x168</run_address>
         <size>0x32c</size>
         <input_file_ref idref="fl-5"/>
      </object_component>
      <object_component id="oc-26">
         <name>.debug_frame</name>
         <load_address>0x494</load_address>
         <run_address>0x494</run_address>
         <size>0x8c</size>
         <input_file_ref idref="fl-6"/>
      </object_component>
      <object_component id="oc-2b">
         <name>.debug_frame</name>
         <load_address>0x520</load_address>
         <run_address>0x520</run_address>
         <size>0x563</size>
         <input_file_ref idref="fl-7"/>
      </object_component>
      <object_component id="oc-31">
         <name>.debug_frame</name>
         <load_address>0xa83</load_address>
         <run_address>0xa83</run_address>
         <size>0x173</size>
         <input_file_ref idref="fl-8"/>
      </object_component>
      <object_component id="oc-37">
         <name>.debug_frame</name>
         <load_address>0xbf6</load_address>
         <run_address>0xbf6</run_address>
         <size>0x33b</size>
         <input_file_ref idref="fl-9"/>
      </object_component>
      <object_component id="oc-3e">
         <name>.debug_frame</name>
         <load_address>0xf31</load_address>
         <run_address>0xf31</run_address>
         <size>0x467</size>
         <input_file_ref idref="fl-a"/>
      </object_component>
      <object_component id="oc-43">
         <name>.debug_frame</name>
         <load_address>0x1398</load_address>
         <run_address>0x1398</run_address>
         <size>0x131</size>
         <input_file_ref idref="fl-b"/>
      </object_component>
      <object_component id="oc-48">
         <name>.debug_frame</name>
         <load_address>0x14c9</load_address>
         <run_address>0x14c9</run_address>
         <size>0x1dc</size>
         <input_file_ref idref="fl-c"/>
      </object_component>
      <object_component id="oc-4d">
         <name>.debug_frame</name>
         <load_address>0x16a5</load_address>
         <run_address>0x16a5</run_address>
         <size>0x1cf</size>
         <input_file_ref idref="fl-d"/>
      </object_component>
      <object_component id="oc-54">
         <name>.debug_frame</name>
         <load_address>0x1874</load_address>
         <run_address>0x1874</run_address>
         <size>0x53b</size>
         <input_file_ref idref="fl-e"/>
      </object_component>
      <object_component id="oc-59">
         <name>.debug_frame</name>
         <load_address>0x1daf</load_address>
         <run_address>0x1daf</run_address>
         <size>0x8c</size>
         <input_file_ref idref="fl-f"/>
      </object_component>
      <object_component id="oc-5e">
         <name>.debug_frame</name>
         <load_address>0x1e3b</load_address>
         <run_address>0x1e3b</run_address>
         <size>0x8c</size>
         <input_file_ref idref="fl-10"/>
      </object_component>
      <object_component id="oc-63">
         <name>.debug_frame</name>
         <load_address>0x1ec7</load_address>
         <run_address>0x1ec7</run_address>
         <size>0x134</size>
         <input_file_ref idref="fl-11"/>
      </object_component>
      <object_component id="oc-68">
         <name>.debug_frame</name>
         <load_address>0x1ffb</load_address>
         <run_address>0x1ffb</run_address>
         <size>0xe0</size>
         <input_file_ref idref="fl-12"/>
      </object_component>
      <object_component id="oc-6d">
         <name>.debug_frame</name>
         <load_address>0x20db</load_address>
         <run_address>0x20db</run_address>
         <size>0x8c</size>
         <input_file_ref idref="fl-13"/>
      </object_component>
      <object_component id="oc-72">
         <name>.debug_frame</name>
         <load_address>0x2167</load_address>
         <run_address>0x2167</run_address>
         <size>0x8c</size>
         <input_file_ref idref="fl-14"/>
      </object_component>
      <object_component id="oc-78">
         <name>.debug_frame</name>
         <load_address>0x21f3</load_address>
         <run_address>0x21f3</run_address>
         <size>0x2d3</size>
         <input_file_ref idref="fl-15"/>
      </object_component>
      <object_component id="oc-7d">
         <name>.debug_frame</name>
         <load_address>0x24c6</load_address>
         <run_address>0x24c6</run_address>
         <size>0x1f1</size>
         <input_file_ref idref="fl-16"/>
      </object_component>
      <object_component id="oc-82">
         <name>.debug_frame</name>
         <load_address>0x26b7</load_address>
         <run_address>0x26b7</run_address>
         <size>0x953</size>
         <input_file_ref idref="fl-17"/>
      </object_component>
      <object_component id="oc-87">
         <name>.debug_frame</name>
         <load_address>0x300a</load_address>
         <run_address>0x300a</run_address>
         <size>0x11f</size>
         <input_file_ref idref="fl-18"/>
      </object_component>
      <object_component id="oc-8c">
         <name>.debug_frame</name>
         <load_address>0x3129</load_address>
         <run_address>0x3129</run_address>
         <size>0x3fe</size>
         <input_file_ref idref="fl-19"/>
      </object_component>
      <object_component id="oc-91">
         <name>.debug_frame</name>
         <load_address>0x3527</load_address>
         <run_address>0x3527</run_address>
         <size>0x8c</size>
         <input_file_ref idref="fl-1a"/>
      </object_component>
      <object_component id="oc-96">
         <name>.debug_frame</name>
         <load_address>0x35b3</load_address>
         <run_address>0x35b3</run_address>
         <size>0x134</size>
         <input_file_ref idref="fl-1b"/>
      </object_component>
      <object_component id="oc-9b">
         <name>.debug_frame</name>
         <load_address>0x36e7</load_address>
         <run_address>0x36e7</run_address>
         <size>0x8c</size>
         <input_file_ref idref="fl-1c"/>
      </object_component>
      <object_component id="oc-a6">
         <name>.debug_frame</name>
         <load_address>0x3773</load_address>
         <run_address>0x3773</run_address>
         <size>0x286</size>
         <input_file_ref idref="fl-1e"/>
      </object_component>
      <object_component id="oc-ab">
         <name>.debug_frame</name>
         <load_address>0x39f9</load_address>
         <run_address>0x39f9</run_address>
         <size>0x173</size>
         <input_file_ref idref="fl-1f"/>
      </object_component>
      <object_component id="oc-db">
         <name>.debug_frame</name>
         <load_address>0x3b6c</load_address>
         <run_address>0x3b6c</run_address>
         <size>0xa1</size>
         <input_file_ref idref="fl-60"/>
      </object_component>
      <object_component id="oc-e2">
         <name>.debug_frame</name>
         <load_address>0x3c0d</load_address>
         <run_address>0x3c0d</run_address>
         <size>0xbf</size>
         <input_file_ref idref="fl-61"/>
      </object_component>
      <object_component id="oc-e7">
         <name>.debug_frame</name>
         <load_address>0x3ccc</load_address>
         <run_address>0x3ccc</run_address>
         <size>0xcb</size>
         <input_file_ref idref="fl-62"/>
      </object_component>
      <object_component id="oc-ec">
         <name>.debug_frame</name>
         <load_address>0x3d97</load_address>
         <run_address>0x3d97</run_address>
         <size>0xa7</size>
         <input_file_ref idref="fl-63"/>
      </object_component>
      <object_component id="oc-f5">
         <name>.debug_frame</name>
         <load_address>0x3e3e</load_address>
         <run_address>0x3e3e</run_address>
         <size>0xa7</size>
         <input_file_ref idref="fl-65"/>
      </object_component>
      <object_component id="oc-fa">
         <name>.debug_frame</name>
         <load_address>0x3ee5</load_address>
         <run_address>0x3ee5</run_address>
         <size>0xa1</size>
         <input_file_ref idref="fl-66"/>
      </object_component>
      <object_component id="oc-ff">
         <name>.debug_frame</name>
         <load_address>0x3f86</load_address>
         <run_address>0x3f86</run_address>
         <size>0xa7</size>
         <input_file_ref idref="fl-67"/>
      </object_component>
      <object_component id="oc-104">
         <name>.debug_frame</name>
         <load_address>0x402d</load_address>
         <run_address>0x402d</run_address>
         <size>0xb1</size>
         <input_file_ref idref="fl-68"/>
      </object_component>
      <object_component id="oc-10e">
         <name>.debug_frame</name>
         <load_address>0x40de</load_address>
         <run_address>0x40de</run_address>
         <size>0xa8</size>
         <input_file_ref idref="fl-6a"/>
      </object_component>
      <object_component id="oc-113">
         <name>.debug_frame</name>
         <load_address>0x4186</load_address>
         <run_address>0x4186</run_address>
         <size>0xb1</size>
         <input_file_ref idref="fl-6b"/>
      </object_component>
      <object_component id="oc-118">
         <name>.debug_frame</name>
         <load_address>0x4237</load_address>
         <run_address>0x4237</run_address>
         <size>0xa7</size>
         <input_file_ref idref="fl-6c"/>
      </object_component>
      <object_component id="oc-17">
         <name>.debug_line</name>
         <load_address>0x0</load_address>
         <run_address>0x0</run_address>
         <size>0x768</size>
         <input_file_ref idref="fl-3"/>
      </object_component>
      <object_component id="oc-1d">
         <name>.debug_line</name>
         <load_address>0x768</load_address>
         <run_address>0x768</run_address>
         <size>0xa0</size>
         <input_file_ref idref="fl-4"/>
      </object_component>
      <object_component id="oc-22">
         <name>.debug_line</name>
         <load_address>0x808</load_address>
         <run_address>0x808</run_address>
         <size>0x377</size>
         <input_file_ref idref="fl-5"/>
      </object_component>
      <object_component id="oc-27">
         <name>.debug_line</name>
         <load_address>0xb7f</load_address>
         <run_address>0xb7f</run_address>
         <size>0x68</size>
         <input_file_ref idref="fl-6"/>
      </object_component>
      <object_component id="oc-2c">
         <name>.debug_line</name>
         <load_address>0xbe7</load_address>
         <run_address>0xbe7</run_address>
         <size>0x586</size>
         <input_file_ref idref="fl-7"/>
      </object_component>
      <object_component id="oc-32">
         <name>.debug_line</name>
         <load_address>0x116d</load_address>
         <run_address>0x116d</run_address>
         <size>0x14d</size>
         <input_file_ref idref="fl-8"/>
      </object_component>
      <object_component id="oc-38">
         <name>.debug_line</name>
         <load_address>0x12ba</load_address>
         <run_address>0x12ba</run_address>
         <size>0x164d</size>
         <input_file_ref idref="fl-9"/>
      </object_component>
      <object_component id="oc-3f">
         <name>.debug_line</name>
         <load_address>0x2907</load_address>
         <run_address>0x2907</run_address>
         <size>0x5d3</size>
         <input_file_ref idref="fl-a"/>
      </object_component>
      <object_component id="oc-44">
         <name>.debug_line</name>
         <load_address>0x2eda</load_address>
         <run_address>0x2eda</run_address>
         <size>0x110</size>
         <input_file_ref idref="fl-b"/>
      </object_component>
      <object_component id="oc-49">
         <name>.debug_line</name>
         <load_address>0x2fea</load_address>
         <run_address>0x2fea</run_address>
         <size>0x1d5</size>
         <input_file_ref idref="fl-c"/>
      </object_component>
      <object_component id="oc-4e">
         <name>.debug_line</name>
         <load_address>0x31bf</load_address>
         <run_address>0x31bf</run_address>
         <size>0x2b0</size>
         <input_file_ref idref="fl-d"/>
      </object_component>
      <object_component id="oc-55">
         <name>.debug_line</name>
         <load_address>0x346f</load_address>
         <run_address>0x346f</run_address>
         <size>0xcd8</size>
         <input_file_ref idref="fl-e"/>
      </object_component>
      <object_component id="oc-5a">
         <name>.debug_line</name>
         <load_address>0x4147</load_address>
         <run_address>0x4147</run_address>
         <size>0x66</size>
         <input_file_ref idref="fl-f"/>
      </object_component>
      <object_component id="oc-5f">
         <name>.debug_line</name>
         <load_address>0x41ad</load_address>
         <run_address>0x41ad</run_address>
         <size>0x66</size>
         <input_file_ref idref="fl-10"/>
      </object_component>
      <object_component id="oc-64">
         <name>.debug_line</name>
         <load_address>0x4213</load_address>
         <run_address>0x4213</run_address>
         <size>0xf1</size>
         <input_file_ref idref="fl-11"/>
      </object_component>
      <object_component id="oc-69">
         <name>.debug_line</name>
         <load_address>0x4304</load_address>
         <run_address>0x4304</run_address>
         <size>0xd7</size>
         <input_file_ref idref="fl-12"/>
      </object_component>
      <object_component id="oc-6e">
         <name>.debug_line</name>
         <load_address>0x43db</load_address>
         <run_address>0x43db</run_address>
         <size>0x64</size>
         <input_file_ref idref="fl-13"/>
      </object_component>
      <object_component id="oc-73">
         <name>.debug_line</name>
         <load_address>0x443f</load_address>
         <run_address>0x443f</run_address>
         <size>0xa7</size>
         <input_file_ref idref="fl-14"/>
      </object_component>
      <object_component id="oc-79">
         <name>.debug_line</name>
         <load_address>0x44e6</load_address>
         <run_address>0x44e6</run_address>
         <size>0x30f</size>
         <input_file_ref idref="fl-15"/>
      </object_component>
      <object_component id="oc-7e">
         <name>.debug_line</name>
         <load_address>0x47f5</load_address>
         <run_address>0x47f5</run_address>
         <size>0x1e4</size>
         <input_file_ref idref="fl-16"/>
      </object_component>
      <object_component id="oc-83">
         <name>.debug_line</name>
         <load_address>0x49d9</load_address>
         <run_address>0x49d9</run_address>
         <size>0xa4d</size>
         <input_file_ref idref="fl-17"/>
      </object_component>
      <object_component id="oc-88">
         <name>.debug_line</name>
         <load_address>0x5426</load_address>
         <run_address>0x5426</run_address>
         <size>0x10d</size>
         <input_file_ref idref="fl-18"/>
      </object_component>
      <object_component id="oc-8d">
         <name>.debug_line</name>
         <load_address>0x5533</load_address>
         <run_address>0x5533</run_address>
         <size>0x41d</size>
         <input_file_ref idref="fl-19"/>
      </object_component>
      <object_component id="oc-92">
         <name>.debug_line</name>
         <load_address>0x5950</load_address>
         <run_address>0x5950</run_address>
         <size>0x66</size>
         <input_file_ref idref="fl-1a"/>
      </object_component>
      <object_component id="oc-97">
         <name>.debug_line</name>
         <load_address>0x59b6</load_address>
         <run_address>0x59b6</run_address>
         <size>0x12e</size>
         <input_file_ref idref="fl-1b"/>
      </object_component>
      <object_component id="oc-9c">
         <name>.debug_line</name>
         <load_address>0x5ae4</load_address>
         <run_address>0x5ae4</run_address>
         <size>0x64</size>
         <input_file_ref idref="fl-1c"/>
      </object_component>
      <object_component id="oc-a1">
         <name>.debug_line</name>
         <load_address>0x5b48</load_address>
         <run_address>0x5b48</run_address>
         <size>0x81</size>
         <input_file_ref idref="fl-1d"/>
      </object_component>
      <object_component id="oc-a7">
         <name>.debug_line</name>
         <load_address>0x5bc9</load_address>
         <run_address>0x5bc9</run_address>
         <size>0x67b</size>
         <input_file_ref idref="fl-1e"/>
      </object_component>
      <object_component id="oc-ac">
         <name>.debug_line</name>
         <load_address>0x6244</load_address>
         <run_address>0x6244</run_address>
         <size>0x16c</size>
         <input_file_ref idref="fl-1f"/>
      </object_component>
      <object_component id="oc-b1">
         <name>.debug_line</name>
         <load_address>0x63b0</load_address>
         <run_address>0x63b0</run_address>
         <size>0xa2</size>
         <input_file_ref idref="fl-25"/>
      </object_component>
      <object_component id="oc-b6">
         <name>.debug_line</name>
         <load_address>0x6452</load_address>
         <run_address>0x6452</run_address>
         <size>0x58</size>
         <input_file_ref idref="fl-26"/>
      </object_component>
      <object_component id="oc-bb">
         <name>.debug_line</name>
         <load_address>0x64aa</load_address>
         <run_address>0x64aa</run_address>
         <size>0xad</size>
         <input_file_ref idref="fl-27"/>
      </object_component>
      <object_component id="oc-c0">
         <name>.debug_line</name>
         <load_address>0x6557</load_address>
         <run_address>0x6557</run_address>
         <size>0x58</size>
         <input_file_ref idref="fl-28"/>
      </object_component>
      <object_component id="oc-c5">
         <name>.debug_line</name>
         <load_address>0x65af</load_address>
         <run_address>0x65af</run_address>
         <size>0x5e</size>
         <input_file_ref idref="fl-5a"/>
      </object_component>
      <object_component id="oc-ca">
         <name>.debug_line</name>
         <load_address>0x660d</load_address>
         <run_address>0x660d</run_address>
         <size>0x60</size>
         <input_file_ref idref="fl-5c"/>
      </object_component>
      <object_component id="oc-ce">
         <name>.debug_line</name>
         <load_address>0x666d</load_address>
         <run_address>0x666d</run_address>
         <size>0x6f</size>
         <input_file_ref idref="fl-5d"/>
      </object_component>
      <object_component id="oc-d2">
         <name>.debug_line</name>
         <load_address>0x66dc</load_address>
         <run_address>0x66dc</run_address>
         <size>0x52</size>
         <input_file_ref idref="fl-5e"/>
      </object_component>
      <object_component id="oc-d7">
         <name>.debug_line</name>
         <load_address>0x672e</load_address>
         <run_address>0x672e</run_address>
         <size>0x74</size>
         <input_file_ref idref="fl-5f"/>
      </object_component>
      <object_component id="oc-dc">
         <name>.debug_line</name>
         <load_address>0x67a2</load_address>
         <run_address>0x67a2</run_address>
         <size>0x59</size>
         <input_file_ref idref="fl-60"/>
      </object_component>
      <object_component id="oc-e3">
         <name>.debug_line</name>
         <load_address>0x67fb</load_address>
         <run_address>0x67fb</run_address>
         <size>0x65</size>
         <input_file_ref idref="fl-61"/>
      </object_component>
      <object_component id="oc-e8">
         <name>.debug_line</name>
         <load_address>0x6860</load_address>
         <run_address>0x6860</run_address>
         <size>0x5e</size>
         <input_file_ref idref="fl-62"/>
      </object_component>
      <object_component id="oc-ed">
         <name>.debug_line</name>
         <load_address>0x68be</load_address>
         <run_address>0x68be</run_address>
         <size>0x63</size>
         <input_file_ref idref="fl-63"/>
      </object_component>
      <object_component id="oc-f6">
         <name>.debug_line</name>
         <load_address>0x6921</load_address>
         <run_address>0x6921</run_address>
         <size>0x47</size>
         <input_file_ref idref="fl-65"/>
      </object_component>
      <object_component id="oc-fb">
         <name>.debug_line</name>
         <load_address>0x6968</load_address>
         <run_address>0x6968</run_address>
         <size>0x62</size>
         <input_file_ref idref="fl-66"/>
      </object_component>
      <object_component id="oc-100">
         <name>.debug_line</name>
         <load_address>0x69ca</load_address>
         <run_address>0x69ca</run_address>
         <size>0x41</size>
         <input_file_ref idref="fl-67"/>
      </object_component>
      <object_component id="oc-105">
         <name>.debug_line</name>
         <load_address>0x6a0b</load_address>
         <run_address>0x6a0b</run_address>
         <size>0x63</size>
         <input_file_ref idref="fl-68"/>
      </object_component>
      <object_component id="oc-10a">
         <name>.debug_line</name>
         <load_address>0x6a6e</load_address>
         <run_address>0x6a6e</run_address>
         <size>0x69</size>
         <input_file_ref idref="fl-69"/>
      </object_component>
      <object_component id="oc-10f">
         <name>.debug_line</name>
         <load_address>0x6ad7</load_address>
         <run_address>0x6ad7</run_address>
         <size>0x52</size>
[...]
         <object_component_ref idref="oc-137"/>
      </symbol>
      <symbol id="sm-494">
         <name>_WDOG_getIntStatus</name>
         <value>0xadc2</value>
         <object_component_ref idref="oc-137"/>
      </symbol>
      <symbol id="sm-495">
         <name>_WDOG_disable</name>
         <value>0xade6</value>
         <object_component_ref idref="oc-137"/>
      </symbol>
      <symbol id="sm-496">
         <name>_WDOG_enableOverRide</name>
         <value>0xadc5</value>
         <object_component_ref idref="oc-137"/>
      </symbol>
      <symbol id="sm-497">
         <name>_WDOG_disableOverRide</name>
         <value>0xadda</value>
         <object_component_ref idref="oc-137"/>
      </symbol>
      <symbol id="sm-498">
         <name>_WDOG_clearCounter</name>
         <value>0xadee</value>
         <object_component_ref idref="oc-137"/>
      </symbol>
      <symbol id="sm-4ac">
         <name>FD$$MPY</name>
         <value>0xab13</value>
         <object_component_ref idref="oc-af"/>
      </symbol>
      <symbol id="sm-4bb">
         <name>FD$$TOL</name>
         <value>0xafa4</value>
         <object_component_ref idref="oc-b4"/>
      </symbol>
      <symbol id="sm-4cc">
         <name>FS$$DIV</name>
         <value>0xaa8b</value>
         <object_component_ref idref="oc-b9"/>
      </symbol>
      <symbol id="sm-4dc">
         <name>FS$$TOFD</name>
         <value>0xafe1</value>
         <object_component_ref idref="oc-be"/>
      </symbol>
      <symbol id="sm-4de">
         <name>_CTRL_getVersion</name>
         <value>0x3fa721</value>
      </symbol>
      <symbol id="sm-4e0">
         <name>_CTRL_initCtrl</name>
         <value>0x3fa6fb</value>
      </symbol>
      <symbol id="sm-4e2">
         <name>_CTRL_runTraj</name>
         <value>0x3fa5d1</value>
      </symbol>
      <symbol id="sm-4e4">
         <name>_CTRL_setEstParams</name>
         <value>0x3f9e64</value>
      </symbol>
      <symbol id="sm-4e6">
         <name>_CTRL_setUserMotorParams</name>
         <value>0x3f9d31</value>
      </symbol>
      <symbol id="sm-4e8">
         <name>_CTRL_setupCtrl</name>
         <value>0x3f9b43</value>
      </symbol>
      <symbol id="sm-4ea">
         <name>_CTRL_setupEstIdleState</name>
         <value>0x3f99a5</value>
      </symbol>
      <symbol id="sm-4ec">
         <name>_CTRL_setupEstOnLineState</name>
         <value>0x3f996a</value>
      </symbol>
      <symbol id="sm-4ee">
         <name>_CTRL_setupTraj</name>
         <value>0x3f9806</value>
      </symbol>
      <symbol id="sm-4f0">
         <name>_EST_doCurrentCtrl</name>
         <value>0x3f9760</value>
      </symbol>
      <symbol id="sm-4f2">
         <name>_EST_doSpeedCtrl</name>
         <value>0x3f9758</value>
      </symbol>
      <symbol id="sm-4f4">
         <name>_EST_getAngle_pu</name>
         <value>0x3f8c0d</value>
      </symbol>
      <symbol id="sm-4f6">
         <name>_EST_getFlux_VpHz</name>
         <value>0x3f96be</value>
      </symbol>
      <symbol id="sm-4f8">
         <name>_EST_getFlux_pu</name>
         <value>0x3f96ab</value>
      </symbol>
      <symbol id="sm-4fa">
         <name>_EST_getFm_pu</name>
         <value>0x3f968e</value>
      </symbol>
      <symbol id="sm-4fc">
         <name>_EST_getIdRated</name>
         <value>0x3f9632</value>
      </symbol>
      <symbol id="sm-4fe">
         <name>_EST_getLs_coarse_max_pu</name>
         <value>0x3f95ff</value>
      </symbol>
      <symbol id="sm-500">
         <name>_EST_getLs_d_H</name>
         <value>0x3f95f5</value>
      </symbol>
      <symbol id="sm-502">
         <name>_EST_getLs_d_pu</name>
         <value>0x3f95f0</value>
      </symbol>
      <symbol id="sm-504">
         <name>_EST_getLs_q_H</name>
         <value>0x3f95ce</value>
      </symbol>
      <symbol id="sm-506">
         <name>_EST_getLs_q_pu</name>
         <value>0x3f95c9</value>
      </symbol>
      <symbol id="sm-508">
         <name>_EST_getMaxCurrentSlope_pu</name>
         <value>0x3f95bd</value>
      </symbol>
      <symbol id="sm-50a">
         <name>_EST_getOneOverDcBus_pu</name>
         <value>0x3f95b3</value>
      </symbol>
      <symbol id="sm-50c">
         <name>_EST_getRr_Ohm</name>
         <value>0x3f95ad</value>
      </symbol>
      <symbol id="sm-50e">
         <name>_EST_getRs_Ohm</name>
         <value>0x3f9513</value>
      </symbol>
      <symbol id="sm-510">
         <name>_EST_getSpeed_krpm</name>
         <value>0x3f94c6</value>
      </symbol>
      <symbol id="sm-512">
         <name>_EST_getState</name>
         <value>0x3f861b</value>
      </symbol>
      <symbol id="sm-514">
         <name>_EST_get_krpm_to_pu_sf</name>
         <value>0x3f9458</value>
      </symbol>
      <symbol id="sm-516">
         <name>_EST_get_pu_to_krpm_sf</name>
         <value>0x3f9453</value>
      </symbol>
      <symbol id="sm-518">
         <name>_EST_isError</name>
         <value>0x3f938d</value>
      </symbol>
      <symbol id="sm-51a">
         <name>_EST_isIdle</name>
         <value>0x3f9386</value>
      </symbol>
      <symbol id="sm-51c">
         <name>_EST_isLockRotor</name>
         <value>0x3f937f</value>
      </symbol>
      <symbol id="sm-51e">
         <name>_EST_isMotorIdentified</name>
         <value>0x3f8679</value>
      </symbol>
      <symbol id="sm-520">
         <name>_EST_isOnLine</name>
         <value>0x3f9378</value>
      </symbol>
      <symbol id="sm-522">
         <name>_EST_run</name>
         <value>0x3f927b</value>
      </symbol>
      <symbol id="sm-524">
         <name>_EST_setFlag_enableForceAngle</name>
         <value>0x3f8bdb</value>
      </symbol>
      <symbol id="sm-526">
         <name>_EST_setFlag_enableRsRecalc</name>
         <value>0x3f8bd3</value>
      </symbol>
      <symbol id="sm-528">
         <name>_EST_setId_ref_pu</name>
         <value>0x3f8b80</value>
      </symbol>
      <symbol id="sm-52a">
         <name>_EST_setIdle</name>
         <value>0x3f8b7a</value>
      </symbol>
      <symbol id="sm-52c">
         <name>_EST_setIdle_all</name>
         <value>0x3f8b67</value>
      </symbol>
      <symbol id="sm-52e">
         <name>_EST_setIq_ref_pu</name>
         <value>0x3f8b63</value>
      </symbol>
      <symbol id="sm-530">
         <name>_EST_setLs_d_pu</name>
         <value>0x3f8b45</value>
      </symbol>
      <symbol id="sm-532">
         <name>_EST_setLs_qFmt</name>
         <value>0x3f8af1</value>
      </symbol>
      <symbol id="sm-534">
         <name>_EST_setLs_q_pu</name>
         <value>0x3f8ae7</value>
      </symbol>
      <symbol id="sm-536">
         <name>_EST_setMaxCurrentSlope_pu</name>
         <value>0x3f8adb</value>
      </symbol>
      <symbol id="sm-538">
         <name>_EST_setRs_pu</name>
         <value>0x3f8a18</value>
      </symbol>
      <symbol id="sm-53a">
         <name>_EST_updateId_ref_pu</name>
         <value>0x3f89f5</value>
      </symbol>
      <symbol id="sm-53c">
         <name>_EST_updateState</name>
         <value>0x3f8713</value>
      </symbol>
      <symbol id="sm-53e">
         <name>_EST_useZeroIq_ref</name>
         <value>0x3f861d</value>
      </symbol>
      <symbol id="sm-547">
         <name>__IQ24cosPU</name>
         <value>0xb311</value>
         <object_component_ref idref="oc-c3"/>
      </symbol>
      <symbol id="sm-54b">
         <name>_IQ4mpyRndSatTable</name>
         <value>0x3fe750</value>
         <object_component_ref idref="oc-c7"/>
      </symbol>
      <symbol id="sm-54c">
         <name>_IQ5mpyRndSatTable</name>
         <value>0x3fe744</value>
         <object_component_ref idref="oc-c7"/>
      </symbol>
      <symbol id="sm-54d">
         <name>_IQatan2Table</name>
         <value>0x3fe492</value>
         <object_component_ref idref="oc-c7"/>
      </symbol>
      <symbol id="sm-54e">
         <name>_IQisqrtTableEnd</name>
         <value>0x3fe454</value>
         <object_component_ref idref="oc-c7"/>
      </symbol>
      <symbol id="sm-54f">
         <name>_IQ8mpyRndSatTable</name>
         <value>0x3fe720</value>
         <object_component_ref idref="oc-c7"/>
      </symbol>
      <symbol id="sm-550">
         <name>_IQ9mpyRndSatTable</name>
         <value>0x3fe714</value>
         <object_component_ref idref="oc-c7"/>
      </symbol>
      <symbol id="sm-551">
         <name>_IQsqrtTable</name>
         <value>0x3fe352</value>
         <object_component_ref idref="oc-c7"/>
      </symbol>
      <symbol id="sm-552">
         <name>_IQcosTableEnd</name>
         <value>0x3fe132</value>
         <object_component_ref idref="oc-c7"/>
      </symbol>
      <symbol id="sm-553">
         <name>_IQatan2HalfPITable</name>
         <value>0x3fe454</value>
         <object_component_ref idref="oc-c7"/>
      </symbol>
      <symbol id="sm-554">
         <name>_IQisqrtTable</name>
         <value>0x3fe352</value>
         <object_component_ref idref="oc-c7"/>
      </symbol>
      <symbol id="sm-555">
         <name>_IQsqrtRoundSatTable</name>
         <value>0x3fe342</value>
         <object_component_ref idref="oc-c7"/>
      </symbol>
      <symbol id="sm-556">
         <name>_IQsqrtTableEnd</name>
         <value>0x3fe454</value>
         <object_component_ref idref="oc-c7"/>
      </symbol>
      <symbol id="sm-557">
         <name>_IQ30mpyRndSatTable</name>
         <value>0x3fe618</value>
         <object_component_ref idref="oc-c7"/>
      </symbol>
      <symbol id="sm-558">
         <name>_IQ17mpyRndSatTable</name>
         <value>0x3fe6b4</value>
         <object_component_ref idref="oc-c7"/>
      </symbol>
      <symbol id="sm-559">
         <name>_IQ16mpyRndSatTable</name>
         <value>0x3fe6c0</value>
         <object_component_ref idref="oc-c7"/>
      </symbol>
      <symbol id="sm-55a">
         <name>_IQ15mpyRndSatTable</name>
         <value>0x3fe6cc</value>
         <object_component_ref idref="oc-c7"/>
      </symbol>
      <symbol id="sm-55b">
         <name>_IQ14mpyRndSatTable</name>
         <value>0x3fe6d8</value>
         <object_component_ref idref="oc-c7"/>
      </symbol>
      <symbol id="sm-55c">
         <name>_IQ13mpyRndSatTable</name>
         <value>0x3fe6e4</value>
         <object_component_ref idref="oc-c7"/>
      </symbol>
      <symbol id="sm-55d">
         <name>_IQmpyRndSatTable</name>
         <value>0x3fe618</value>
         <object_component_ref idref="oc-c7"/>
      </symbol>
      <symbol id="sm-55e">
         <name>_IQ12mpyRndSatTable</name>
         <value>0x3fe6f0</value>
         <object_component_ref idref="oc-c7"/>
      </symbol>
      <symbol id="sm-55f">
         <name>_IQdivRoundSatTable</name>
         <value>0x3fe132</value>
         <object_component_ref idref="oc-c7"/>
      </symbol>
      <symbol id="sm-560">
         <name>_IQisqrtRoundSatTable</name>
         <value>0x3fe342</value>
         <object_component_ref idref="oc-c7"/>
      </symbol>
      <symbol id="sm-561">
         <name>_IQ11mpyRndSatTable</name>
         <value>0x3fe6fc</value>
         <object_component_ref idref="oc-c7"/>
      </symbol>
      <symbol id="sm-562">
         <name>_IQcosTable</name>
         <value>0x3fdd30</value>
         <object_component_ref idref="oc-c7"/>
      </symbol>
      <symbol id="sm-563">
         <name>_IQ10mpyRndSatTable</name>
         <value>0x3fe708</value>
         <object_component_ref idref="oc-c7"/>
      </symbol>
      <symbol id="sm-564">
         <name>_IQmpyRndSatTableEnd</name>
         <value>0x3fe780</value>
         <object_component_ref idref="oc-c7"/>
      </symbol>
      <symbol id="sm-565">
         <name>_IQ19mpyRndSatTable</name>
         <value>0x3fe69c</value>
         <object_component_ref idref="oc-c7"/>
      </symbol>
      <symbol id="sm-566">
         <name>_IQ27mpyRndSatTable</name>
         <value>0x3fe63c</value>
         <object_component_ref idref="oc-c7"/>
      </symbol>
      <symbol id="sm-567">
         <name>_IQ18mpyRndSatTable</name>
         <value>0x3fe6a8</value>
         <object_component_ref idref="oc-c7"/>
      </symbol>
      <symbol id="sm-568">
         <name>_IQ26mpyRndSatTable</name>
         <value>0x3fe648</value>
         <object_component_ref idref="oc-c7"/>
      </symbol>
      <symbol id="sm-569">
         <name>_IQ25mpyRndSatTable</name>
         <value>0x3fe654</value>
         <object_component_ref idref="oc-c7"/>
      </symbol>
      <symbol id="sm-56a">
         <name>_IQsinTable</name>
         <value>0x3fdc30</value>
         <object_component_ref idref="oc-c7"/>
      </symbol>
      <symbol id="sm-56b">
         <name>_IQ24mpyRndSatTable</name>
         <value>0x3fe660</value>
         <object_component_ref idref="oc-c7"/>
      </symbol>
      <symbol id="sm-56c">
         <name>_IQdivTableEnd</name>
         <value>0x3fe342</value>
         <object_component_ref idref="oc-c7"/>
      </symbol>
      <symbol id="sm-56d">
         <name>_IQ23mpyRndSatTable</name>
         <value>0x3fe66c</value>
         <object_component_ref idref="oc-c7"/>
      </symbol>
      <symbol id="sm-56e">
         <name>_IQ22mpyRndSatTable</name>
         <value>0x3fe678</value>
         <object_component_ref idref="oc-c7"/>
      </symbol>
      <symbol id="sm-56f">
         <name>_IQ21mpyRndSatTable</name>
         <value>0x3fe684</value>
         <object_component_ref idref="oc-c7"/>
      </symbol>
      <symbol id="sm-570">
         <name>_IQ20mpyRndSatTable</name>
         <value>0x3fe690</value>
         <object_component_ref idref="oc-c7"/>
      </symbol>
      <symbol id="sm-571">
         <name>_IQsinTableEnd</name>
         <value>0x3fe030</value>
         <object_component_ref idref="oc-c7"/>
      </symbol>
      <symbol id="sm-572">
         <name>_IQdivTable</name>
         <value>0x3fe140</value>
         <object_component_ref idref="oc-c7"/>
      </symbol>
      <symbol id="sm-573">
         <name>_IQ2mpyRndSatTable</name>
         <value>0x3fe768</value>
         <object_component_ref idref="oc-c7"/>
      </symbol>
      <symbol id="sm-574">
         <name>_IQ3mpyRndSatTable</name>
         <value>0x3fe75c</value>
         <object_component_ref idref="oc-c7"/>
      </symbol>
      <symbol id="sm-575">
         <name>_IQ1mpyRndSatTable</name>
         <value>0x3fe774</value>
         <object_component_ref idref="oc-c7"/>
      </symbol>
      <symbol id="sm-576">
         <name>_IQ29mpyRndSatTable</name>
         <value>0x3fe624</value>
         <object_component_ref idref="oc-c7"/>
      </symbol>
      <symbol id="sm-577">
         <name>_IQ6mpyRndSatTable</name>
         <value>0x3fe738</value>
         <object_component_ref idref="oc-c7"/>
      </symbol>
      <symbol id="sm-578">
         <name>_IQatan2TableEnd</name>
         <value>0x3fe618</value>
         <object_component_ref idref="oc-c7"/>
      </symbol>
      <symbol id="sm-579">
         <name>_IQ28mpyRndSatTable</name>
         <value>0x3fe630</value>
         <object_component_ref idref="oc-c7"/>
      </symbol>
      <symbol id="sm-57a">
         <name>_IQ7mpyRndSatTable</name>
         <value>0x3fe72c</value>
         <object_component_ref idref="oc-c7"/>
      </symbol>
      <symbol id="sm-583">
         <name>__IQ24sinPU</name>
         <value>0xb2e8</value>
         <object_component_ref idref="oc-c8"/>
      </symbol>
      <symbol id="sm-58b">
         <name>__IQ24sqrt</name>
         <value>0xb2a6</value>
         <object_component_ref idref="oc-cc"/>
      </symbol>
      <symbol id="sm-593">
         <name>__IQ30toF</name>
         <value>0xb338</value>
         <object_component_ref idref="oc-d0"/>
      </symbol>
      <symbol id="sm-5ac">
         <name>_c_int00</name>
         <value>0xadf6</value>
         <object_component_ref idref="oc-11"/>
      </symbol>
      <symbol id="sm-5ad">
         <name>__stack</name>
         <value>0x400</value>
         <object_component_ref idref="oc-d4"/>
      </symbol>
      <symbol id="sm-5bd">
         <name>__args_main</name>
         <value>0xb019</value>
         <object_component_ref idref="oc-11c"/>
      </symbol>
      <symbol id="sm-5d1">
         <name>C$$EXIT</name>
         <value>0xb032</value>
         <object_component_ref idref="oc-11d"/>
      </symbol>
      <symbol id="sm-5d2">
         <name>_exit</name>
         <value>0xb034</value>
         <object_component_ref idref="oc-11d"/>
      </symbol>
      <symbol id="sm-5d3">
         <name>___TI_cleanup_ptr</name>
         <value>0xb07c</value>
         <object_component_ref idref="oc-e1"/>
      </symbol>
      <symbol id="sm-5d4">
         <name>_abort</name>
         <value>0xb032</value>
         <object_component_ref idref="oc-11d"/>
      </symbol>
      <symbol id="sm-5d5">
         <name>___TI_dtors_ptr</name>
         <value>0xb07e</value>
         <object_component_ref idref="oc-e1"/>
      </symbol>
      <symbol id="sm-5ea">
         <name>__unlock</name>
         <value>0xb1ee</value>
         <object_component_ref idref="oc-13a"/>
      </symbol>
      <symbol id="sm-5eb">
         <name>__lock</name>
         <value>0xb1ec</value>
         <object_component_ref idref="oc-121"/>
      </symbol>
      <symbol id="sm-5ec">
         <name>__register_lock</name>
         <value>0xb06f</value>
         <object_component_ref idref="oc-126"/>
      </symbol>
      <symbol id="sm-5ed">
         <name>__nop</name>
         <value>0xb073</value>
         <object_component_ref idref="oc-126"/>
      </symbol>
      <symbol id="sm-5ee">
         <name>__register_unlock</name>
         <value>0xb06b</value>
         <object_component_ref idref="oc-126"/>
      </symbol>
      <symbol id="sm-5ff">
         <name>_log</name>
         <value>0xabfe</value>
         <object_component_ref idref="oc-128"/>
      </symbol>
      <symbol id="sm-60a">
         <name>_errno</name>
         <value>0xb1f3</value>
         <object_component_ref idref="oc-f2"/>
      </symbol>
      <symbol id="sm-61a">
         <name>_frexp</name>
         <value>0xb04b</value>
         <object_component_ref idref="oc-13b"/>
      </symbol>
      <symbol id="sm-62c">
         <name>_memcpy</name>
         <value>0xafc3</value>
         <object_component_ref idref="oc-125"/>
      </symbol>
      <symbol id="sm-63c">
         <name>_modf</name>
         <value>0xaffd</value>
         <object_component_ref idref="oc-129"/>
      </symbol>
      <symbol id="sm-650">
         <name>_pow</name>
         <value>0xacbc</value>
         <object_component_ref idref="oc-12a"/>
      </symbol>
      <symbol id="sm-65e">
         <name>I$$MOD</name>
         <value>0xaf72</value>
         <object_component_ref idref="oc-108"/>
      </symbol>
      <symbol id="sm-65f">
         <name>I$$DIV</name>
         <value>0xaf61</value>
         <object_component_ref idref="oc-108"/>
      </symbol>
      <symbol id="sm-66e">
         <name>__log</name>
         <value>0xad17</value>
         <object_component_ref idref="oc-13c"/>
      </symbol>
      <symbol id="sm-67f">
         <name>_exp</name>
         <value>0xab96</value>
         <object_component_ref idref="oc-13d"/>
      </symbol>
      <symbol id="sm-692">
         <name>_ldexp</name>
         <value>0xae81</value>
         <object_component_ref idref="oc-13f"/>
      </symbol>
   </symbol_table>
   <title>Link successful</title>
</link_info>
